Archive member included to satisfy reference by file (symbol)

C:/Program Files (x86)/Arm GNU Toolchain arm-none-eabi/13.2 Rel1/bin/../lib/gcc/arm-none-eabi/13.2.1/thumb/v7e-m+fp/hard\libc_nano.a(libc_a-exit.o)
                              C:/Program Files (x86)/Arm GNU Toolchain arm-none-eabi/13.2 Rel1/bin/../lib/gcc/arm-none-eabi/13.2.1/thumb/v7e-m+fp/hard/crt0.o (exit)
C:/Program Files (x86)/Arm GNU Toolchain arm-none-eabi/13.2 Rel1/bin/../lib/gcc/arm-none-eabi/13.2.1/thumb/v7e-m+fp/hard\libc_nano.a(libc_a-nano-vfprintf_float.o)
                              (_printf_float)
C:/Program Files (x86)/Arm GNU Toolchain arm-none-eabi/13.2 Rel1/bin/../lib/gcc/arm-none-eabi/13.2.1/thumb/v7e-m+fp/hard\libc_nano.a(libc_a-nano-vfprintf_i.o)
                              C:/Program Files (x86)/Arm GNU Toolchain arm-none-eabi/13.2 Rel1/bin/../lib/gcc/arm-none-eabi/13.2.1/thumb/v7e-m+fp/hard\libc_nano.a(libc_a-nano-vfprintf_float.o) (_printf_common)
C:/Program Files (x86)/Arm GNU Toolchain arm-none-eabi/13.2 Rel1/bin/../lib/gcc/arm-none-eabi/13.2.1/thumb/v7e-m+fp/hard\libc_nano.a(libc_a-findfp.o)
                              C:/Program Files (x86)/Arm GNU Toolchain arm-none-eabi/13.2 Rel1/bin/../lib/gcc/arm-none-eabi/13.2.1/thumb/v7e-m+fp/hard\libc_nano.a(libc_a-exit.o) (__stdio_exit_handler)
C:/Program Files (x86)/Arm GNU Toolchain arm-none-eabi/13.2 Rel1/bin/../lib/gcc/arm-none-eabi/13.2.1/thumb/v7e-m+fp/hard\libc_nano.a(libc_a-fwalk.o)
                              C:/Program Files (x86)/Arm GNU Toolchain arm-none-eabi/13.2 Rel1/bin/../lib/gcc/arm-none-eabi/13.2.1/thumb/v7e-m+fp/hard\libc_nano.a(libc_a-findfp.o) (_fwalk_sglue)
C:/Program Files (x86)/Arm GNU Toolchain arm-none-eabi/13.2 Rel1/bin/../lib/gcc/arm-none-eabi/13.2.1/thumb/v7e-m+fp/hard\libc_nano.a(libc_a-printf.o)
                              build/Robot.o (printf)
C:/Program Files (x86)/Arm GNU Toolchain arm-none-eabi/13.2 Rel1/bin/../lib/gcc/arm-none-eabi/13.2.1/thumb/v7e-m+fp/hard\libc_nano.a(libc_a-puts.o)
                              build/Robot.o (puts)
C:/Program Files (x86)/Arm GNU Toolchain arm-none-eabi/13.2 Rel1/bin/../lib/gcc/arm-none-eabi/13.2.1/thumb/v7e-m+fp/hard\libc_nano.a(libc_a-stdio.o)
                              C:/Program Files (x86)/Arm GNU Toolchain arm-none-eabi/13.2 Rel1/bin/../lib/gcc/arm-none-eabi/13.2.1/thumb/v7e-m+fp/hard\libc_nano.a(libc_a-findfp.o) (__sread)
C:/Program Files (x86)/Arm GNU Toolchain arm-none-eabi/13.2 Rel1/bin/../lib/gcc/arm-none-eabi/13.2.1/thumb/v7e-m+fp/hard\libc_nano.a(libc_a-wbuf.o)
                              C:/Program Files (x86)/Arm GNU Toolchain arm-none-eabi/13.2 Rel1/bin/../lib/gcc/arm-none-eabi/13.2.1/thumb/v7e-m+fp/hard\libc_nano.a(libc_a-puts.o) (__swbuf_r)
C:/Program Files (x86)/Arm GNU Toolchain arm-none-eabi/13.2 Rel1/bin/../lib/gcc/arm-none-eabi/13.2.1/thumb/v7e-m+fp/hard\libc_nano.a(libc_a-wsetup.o)
                              C:/Program Files (x86)/Arm GNU Toolchain arm-none-eabi/13.2 Rel1/bin/../lib/gcc/arm-none-eabi/13.2.1/thumb/v7e-m+fp/hard\libc_nano.a(libc_a-puts.o) (__swsetup_r)
C:/Program Files (x86)/Arm GNU Toolchain arm-none-eabi/13.2 Rel1/bin/../lib/gcc/arm-none-eabi/13.2.1/thumb/v7e-m+fp/hard\libc_nano.a(libc_a-memset.o)
                              C:/Program Files (x86)/Arm GNU Toolchain arm-none-eabi/13.2 Rel1/bin/../lib/gcc/arm-none-eabi/13.2.1/thumb/v7e-m+fp/hard/crt0.o (memset)
C:/Program Files (x86)/Arm GNU Toolchain arm-none-eabi/13.2 Rel1/bin/../lib/gcc/arm-none-eabi/13.2.1/thumb/v7e-m+fp/hard\libc_nano.a(libc_a-localeconv.o)
                              C:/Program Files (x86)/Arm GNU Toolchain arm-none-eabi/13.2 Rel1/bin/../lib/gcc/arm-none-eabi/13.2.1/thumb/v7e-m+fp/hard\libc_nano.a(libc_a-nano-vfprintf_float.o) (_localeconv_r)
C:/Program Files (x86)/Arm GNU Toolchain arm-none-eabi/13.2 Rel1/bin/../lib/gcc/arm-none-eabi/13.2.1/thumb/v7e-m+fp/hard\libc_nano.a(libc_a-closer.o)
                              C:/Program Files (x86)/Arm GNU Toolchain arm-none-eabi/13.2 Rel1/bin/../lib/gcc/arm-none-eabi/13.2.1/thumb/v7e-m+fp/hard\libc_nano.a(libc_a-stdio.o) (_close_r)
C:/Program Files (x86)/Arm GNU Toolchain arm-none-eabi/13.2 Rel1/bin/../lib/gcc/arm-none-eabi/13.2.1/thumb/v7e-m+fp/hard\libc_nano.a(libc_a-reent.o)
                              C:/Program Files (x86)/Arm GNU Toolchain arm-none-eabi/13.2 Rel1/bin/../lib/gcc/arm-none-eabi/13.2.1/thumb/v7e-m+fp/hard\libc_nano.a(libc_a-closer.o) (errno)
C:/Program Files (x86)/Arm GNU Toolchain arm-none-eabi/13.2 Rel1/bin/../lib/gcc/arm-none-eabi/13.2.1/thumb/v7e-m+fp/hard\libc_nano.a(libc_a-impure.o)
                              C:/Program Files (x86)/Arm GNU Toolchain arm-none-eabi/13.2 Rel1/bin/../lib/gcc/arm-none-eabi/13.2.1/thumb/v7e-m+fp/hard\libc_nano.a(libc_a-printf.o) (_impure_ptr)
C:/Program Files (x86)/Arm GNU Toolchain arm-none-eabi/13.2 Rel1/bin/../lib/gcc/arm-none-eabi/13.2.1/thumb/v7e-m+fp/hard\libc_nano.a(libc_a-lseekr.o)
[...]
Memory Configuration

Name             Origin             Length             Attributes
RAM              0x20000000         0x00020000         xrw
CCMRAM           0x10000000         0x00010000         xrw
FLASH            0x08000000         0x00100000         xr
*default*        0x00000000         0xffffffff

Linker script and memory map

LOAD C:/Program Files (x86)/Arm GNU Toolchain arm-none-eabi/13.2 Rel1/bin/../lib/gcc/arm-none-eabi/13.2.1/thumb/v7e-m+fp/hard/crti.o
LOAD C:/Program Files (x86)/Arm GNU Toolchain arm-none-eabi/13.2 Rel1/bin/../lib/gcc/arm-none-eabi/13.2.1/thumb/v7e-m+fp/hard/crtbegin.o
LOAD C:/Program Files (x86)/Arm GNU Toolchain arm-none-eabi/13.2 Rel1/bin/../lib/gcc/arm-none-eabi/13.2.1/thumb/v7e-m+fp/hard/crt0.o
LOAD build/main.o
LOAD build/gpio.o
LOAD build/dma.o
LOAD build/usart.o
LOAD build/stm32f4xx_it.o
LOAD build/stm32f4xx_hal_msp.o
LOAD build/stm32f4xx_hal_tim.o
LOAD build/stm32f4xx_hal_tim_ex.o
LOAD build/stm32f4xx_hal_uart.o
LOAD build/stm32f4xx_hal_rcc.o
LOAD build/stm32f4xx_hal_rcc_ex.o
LOAD build/stm32f4xx_hal_flash.o
LOAD build/stm32f4xx_hal_flash_ex.o
LOAD build/stm32f4xx_hal_flash_ramfunc.o
LOAD build/stm32f4xx_hal_gpio.o
LOAD build/stm32f4xx_hal_dma_ex.o
LOAD build/stm32f4xx_hal_dma.o
LOAD build/stm32f4xx_hal_pwr.o
LOAD build/stm32f4xx_hal_pwr_ex.o
LOAD build/stm32f4xx_hal_cortex.o
LOAD build/stm32f4xx_hal.o
LOAD build/stm32f4xx_hal_exti.o
LOAD build/system_stm32f4xx.o
LOAD build/sysmem.o
LOAD build/syscalls.o
LOAD build/startup_stm32f407xx.o
LOAD build/Robot.o
LOAD build/bno08.o
LOAD C:/Program Files (x86)/Arm GNU Toolchain arm-none-eabi/13.2 Rel1/bin/../lib/gcc/arm-none-eabi/13.2.1/thumb/v7e-m+fp/hard\libc_nano.a
LOAD C:/Program Files (x86)/Arm GNU Toolchain arm-none-eabi/13.2 Rel1/bin/../lib/gcc/arm-none-eabi/13.2.1/thumb/v7e-m+fp/hard\libm.a
LOAD C:/Program Files (x86)/Arm GNU Toolchain arm-none-eabi/13.2 Rel1/bin/../lib/gcc/arm-none-eabi/13.2.1/thumb/v7e-m+fp/hard\libnosys.a
START GROUP
LOAD C:/Program Files (x86)/Arm GNU Toolchain arm-none-eabi/13.2 Rel1/bin/../lib/gcc/arm-none-eabi/13.2.1/thumb/v7e-m+fp/hard\libgcc.a
LOAD C:/Program Files (x86)/Arm GNU Toolchain arm-none-eabi/13.2 Rel1/bin/../lib/gcc/arm-none-eabi/13.2.1/thumb/v7e-m+fp/hard\libc_nano.a
END GROUP
START GROUP
LOAD C:/Program Files (x86)/Arm GNU Toolchain arm-none-eabi/13.2 Rel1/bin/../lib/gcc/arm-none-eabi/13.2.1/thumb/v7e-m+fp/hard\libgcc.a
LOAD C:/Program Files (x86)/Arm GNU Toolchain arm-none-eabi/13.2 Rel1/bin/../lib/gcc/arm-none-eabi/13.2.1/thumb/v7e-m+fp/hard\libc_nano.a
END GROUP
LOAD C:/Program Files (x86)/Arm GNU Toolchain arm-none-eabi/13.2 Rel1/bin/../lib/gcc/arm-none-eabi/13.2.1/thumb/v7e-m+fp/hard/crtend.o
LOAD C:/Program Files (x86)/Arm GNU Toolchain arm-none-eabi/13.2 Rel1/bin/../lib/gcc/arm-none-eabi/13.2.1/thumb/v7e-m+fp/hard/crtn.o
                0x20020000                        _estack = (ORIGIN (RAM) + LENGTH (RAM))
                0x00000200                        _Min_Heap_Size = 0x200
                0x00000400                        _Min_Stack_Size = 0x400

.isr_vector     0x08000000      0x188
                0x08000000                        . = ALIGN (0x4)
 *(.isr_vector)
 .isr_vector    0x08000000      0x188 build/startup_stm32f407xx.o
                0x08000000                g_pfnVectors
                0x08000188                        . = ALIGN (0x4)

.text           0x08000190     0x64c4
                0x08000190                        . = ALIGN (0x4)
 *(.text)
 .text          0x08000190       0xa0 C:/Program Files (x86)/Arm GNU Toolchain arm-none-eabi/13.2 Rel1/bin/../lib/gcc/arm-none-eabi/13.2.1/thumb/v7e-m+fp/hard\libc_nano.a(libc_a-memchr.o)
                0x08000190                memchr
 .text          0x08000230       0x10 C:/Program Files (x86)/Arm GNU Toolchain arm-none-eabi/13.2 Rel1/bin/../lib/gcc/arm-none-eabi/13.2.1/thumb/v7e-m+fp/hard\libc_nano.a(libc_a-strlen.o)
                0x08000230                strlen
 .text          0x08000240      0x378 C:/Program Files (x86)/Arm GNU Toolchain arm-none-eabi/13.2 Rel1/bin/../lib/gcc/arm-none-eabi/13.2.1/thumb/v7e-m+fp/hard\libgcc.a(_arm_addsubdf3.o)
                0x08000240                __aeabi_drsub
                0x08000248                __aeabi_dsub
                0x08000248                __subdf3
                0x0800024c                __aeabi_dadd
                0x0800024c                __adddf3
                0x080004c4                __floatunsidf
                0x080004c4                __aeabi_ui2d
                0x080004e4                __floatsidf
                0x080004e4                __aeabi_i2d
                0x08000508                __aeabi_f2d
                0x08000508                __extendsfdf2
                0x0800054c                __floatundidf
                0x0800054c                __aeabi_ul2d
                0x0800055c                __floatdidf
                0x0800055c                __aeabi_l2d
 .text          0x080005b8      0x424 C:/Program Files (x86)/Arm GNU Toolchain arm-none-eabi/13.2 Rel1/bin/../lib/gcc/arm-none-eabi/13.2.1/thumb/v7e-m+fp/hard\libgcc.a(_arm_muldivdf3.o)
                0x080005b8                __aeabi_dmul
                0x080005b8                __muldf3
                0x0800080c                __divdf3
                0x0800080c                __aeabi_ddiv
 .text          0x080009dc      0x110 C:/Program Files (x86)/Arm GNU Toolchain arm-none-eabi/13.2 Rel1/bin/../lib/gcc/arm-none-eabi/13.2.1/thumb/v7e-m+fp/hard\libgcc.a(_arm_cmpdf2.o)
                0x080009dc                __gtdf2
                0x080009dc                __gedf2
                0x080009e4                __ltdf2
                0x080009e4                __ledf2
                0x080009ec                __nedf2
                0x080009ec                __eqdf2
                0x080009ec                __cmpdf2
                0x08000a68                __aeabi_cdrcmple
                0x08000a78                __aeabi_cdcmpeq
                0x08000a78                __aeabi_cdcmple
                0x08000a88                __aeabi_dcmpeq
                0x08000a9c                __aeabi_dcmplt
                0x08000ab0                __aeabi_dcmple
                0x08000ac4                __aeabi_dcmpge
                0x08000ad8                __aeabi_dcmpgt
 .text          0x08000aec       0x2c C:/Program Files (x86)/Arm GNU Toolchain arm-none-eabi/13.2 Rel1/bin/../lib/gcc/arm-none-eabi/13.2.1/thumb/v7e-m+fp/hard\libgcc.a(_arm_unorddf2.o)
                0x08000aec                __unorddf2
                0x08000aec                __aeabi_dcmpun
 .text          0x08000b18       0x50 C:/Program Files (x86)/Arm GNU Toolchain arm-none-eabi/13.2 Rel1/bin/../lib/gcc/arm-none-eabi/13.2.1/thumb/v7e-m+fp/hard\libgcc.a(_arm_fixdfsi.o)
                0x08000b18                __aeabi_d2iz
                0x08000b18                __fixdfsi
 .text          0x08000b68       0x30 C:/Program Files (x86)/Arm GNU Toolchain arm-none-eabi/13.2 Rel1/bin/../lib/gcc/arm-none-eabi/13.2.1/thumb/v7e-m+fp/hard\libgcc.a(_aeabi_uldivmod.o)
                0x08000b68                __aeabi_uldivmod
 .text          0x08000b98      0x1ac C:/Program Files (x86)/Arm GNU Toolchain arm-none-eabi/13.2 Rel1/bin/../lib/gcc/arm-none-eabi/13.2.1/thumb/v7e-m+fp/hard\libgcc.a(libunwind.o)
                0x08000b98                __restore_core_regs
                0x08000b98                restore_core_regs
                0x08000bb0                __gnu_Unwind_Restore_VFP
                0x08000bb8                __gnu_Unwind_Save_VFP
                0x08000bc0                __gnu_Unwind_Restore_VFP_D
                0x08000bc8                __gnu_Unwind_Save_VFP_D
                0x08000bd0                __gnu_Unwind_Restore_VFP_D_16_to_31
                0x08000bd8                __gnu_Unwind_Save_VFP_D_16_to_31
                0x08000be0                __gnu_Unwind_Restore_WMMXD
                0x08000c24                __gnu_Unwind_Save_WMMXD
                0x08000c68                __gnu_Unwind_Restore_WMMXC
                0x08000c7c                __gnu_Unwind_Save_WMMXC
                0x08000c90                ___Unwind_RaiseException
                0x08000c90                _Unwind_RaiseException
                0x08000cb4                _Unwind_Resume
                0x08000cb4                ___Unwind_Resume
                0x08000cd8                _Unwind_Resume_or_Rethrow
                0x08000cd8                ___Unwind_Resume_or_Rethrow
                0x08000cfc                _Unwind_ForcedUnwind
                0x08000cfc                ___Unwind_ForcedUnwind
                0x08000d20                ___Unwind_Backtrace
                0x08000d20                _Unwind_Backtrace
 .text          0x08000d44        0x4 C:/Program Files (x86)/Arm GNU Toolchain arm-none-eabi/13.2 Rel1/bin/../lib/gcc/arm-none-eabi/13.2.1/thumb/v7e-m+fp/hard\libgcc.a(_dvmd_tls.o)
                0x08000d44                __aeabi_idiv0
                0x08000d44                __aeabi_ldiv0
 *(.text*)
 .text.deregister_tm_clones
                0x08000d48       0x1c C:/Program Files (x86)/Arm GNU Toolchain arm-none-eabi/13.2 Rel1/bin/../lib/gcc/arm-none-eabi/13.2.1/thumb/v7e-m+fp/hard/crtbegin.o
 .text.register_tm_clones
                0x08000d64       0x24 C:/Program Files (x86)/Arm GNU Toolchain arm-none-eabi/13.2 Rel1/bin/../lib/gcc/arm-none-eabi/13.2.1/thumb/v7e-m+fp/hard/crtbegin.o
 .text.__do_global_dtors_aux
                0x08000d88       0x28 C:/Program Files (x86)/Arm GNU Toolchain arm-none-eabi/13.2 Rel1/bin/../lib/gcc/arm-none-eabi/13.2.1/thumb/v7e-m+fp/hard/crtbegin.o
 .text.frame_dummy
                0x08000db0       0x24 C:/Program Files (x86)/Arm GNU Toolchain arm-none-eabi/13.2 Rel1/bin/../lib/gcc/arm-none-eabi/13.2.1/thumb/v7e-m+fp/hard/crtbegin.o
 .text.ITM_SendChar
                0x08000dd4       0x34 build/main.o
 .text._write   0x08000e08       0x1a build/main.o
                0x08000e08                _write
 .text.Error_Handler
                0x08000e22        0x4 build/main.o
                0x08000e22                Error_Handler
 *fill*         0x08000e26        0x2 
 .text.SystemClock_Config
                0x08000e28       0xac build/main.o
                0x08000e28                SystemClock_Config
 .text.main     0x08000ed4       0x20 build/main.o
                0x08000ed4                main
 .text.MX_GPIO_Init
                0x08000ef4       0x94 build/gpio.o
                0x08000ef4                MX_GPIO_Init
 .text.MX_DMA_Init
                0x08000f88       0x44 build/dma.o
                0x08000f88                MX_DMA_Init
 .text.MX_USART3_UART_Init
                0x08000fcc       0x34 build/usart.o
                0x08000fcc                MX_USART3_UART_Init
 .text.HAL_UART_MspInit
                0x08001000       0xf8 build/usart.o
                0x08001000                HAL_UART_MspInit
 .text.NMI_Handler
                0x080010f8        0x2 build/stm32f4xx_it.o
                0x080010f8                NMI_Handler
 .text.HardFault_Handler
                0x080010fa        0x2 build/stm32f4xx_it.o
                0x080010fa                HardFault_Handler
 .text.MemManage_Handler
                0x080010fc        0x2 build/stm32f4xx_it.o
                0x080010fc                MemManage_Handler
 .text.BusFault_Handler
                0x080010fe        0x2 build/stm32f4xx_it.o
                0x080010fe                BusFault_Handler
 .text.UsageFault_Handler
                0x08001100        0x2 build/stm32f4xx_it.o
                0x08001100                UsageFault_Handler
 .text.SVC_Handler
                0x08001102        0x2 build/stm32f4xx_it.o
                0x08001102                SVC_Handler
 .text.DebugMon_Handler
                0x08001104        0x2 build/stm32f4xx_it.o
                0x08001104                DebugMon_Handler
 .text.PendSV_Handler
                0x08001106        0x2 build/stm32f4xx_it.o
                0x08001106                PendSV_Handler
 .text.SysTick_Handler
                0x08001108        0x8 build/stm32f4xx_it.o
                0x08001108                SysTick_Handler
 .text.DMA1_Stream1_IRQHandler
                0x08001110       0x10 build/stm32f4xx_it.o
                0x08001110                DMA1_Stream1_IRQHandler
 .text.DMA1_Stream3_IRQHandler
                0x08001120       0x10 build/stm32f4xx_it.o
                0x08001120                DMA1_Stream3_IRQHandler
 .text.USART3_IRQHandler
                0x08001130       0x10 build/stm32f4xx_it.o
                0x08001130                USART3_IRQHandler
 .text.HAL_MspInit
                0x08001140       0x40 build/stm32f4xx_hal_msp.o
                0x08001140                HAL_MspInit
 .text.UART_EndTxTransfer
                0x08001180       0x20 build/stm32f4xx_hal_uart.o
 .text.UART_EndRxTransfer
                0x080011a0       0x5c build/stm32f4xx_hal_uart.o
 .text.UART_Transmit_IT
                0x080011fc       0x60 build/stm32f4xx_hal_uart.o
 .text.UART_SetConfig
                0x0800125c      0x110 build/stm32f4xx_hal_uart.o
 .text.HAL_UART_Init
                0x0800136c       0x60 build/stm32f4xx_hal_uart.o
                0x0800136c                HAL_UART_Init
 .text.HAL_UART_TxCpltCallback
                0x080013cc        0x2 build/stm32f4xx_hal_uart.o
                0x080013cc                HAL_UART_TxCpltCallback
 .text.UART_EndTransmit_IT
                0x080013ce       0x1a build/stm32f4xx_hal_uart.o
 .text.HAL_UART_RxHalfCpltCallback
                0x080013e8        0x2 build/stm32f4xx_hal_uart.o
                0x080013e8                HAL_UART_RxHalfCpltCallback
 .text.UART_DMAError
                0x080013ea       0x58 build/stm32f4xx_hal_uart.o
 .text.UART_DMAAbortOnError
                0x08001442       0x10 build/stm32f4xx_hal_uart.o
 .text.HAL_UARTEx_RxEventCallback
                0x08001452        0x2 build/stm32f4xx_hal_uart.o
                0x08001452                HAL_UARTEx_RxEventCallback
 .text.UART_Receive_IT
                0x08001454       0xe6 build/stm32f4xx_hal_uart.o
 *fill*         0x0800153a        0x2 
 .text.HAL_UART_IRQHandler
                0x0800153c      0x284 build/stm32f4xx_hal_uart.o
                0x0800153c                HAL_UART_IRQHandler
 .text.UART_DMARxHalfCplt
                0x080017c0       0x1e build/stm32f4xx_hal_uart.o
 .text.UART_DMAReceiveCplt
                0x080017de       0x9a build/stm32f4xx_hal_uart.o
 .text.UART_Start_Receive_DMA
                0x08001878       0xa4 build/stm32f4xx_hal_uart.o
                0x08001878                UART_Start_Receive_DMA
 .text.HAL_UART_Receive_DMA
                0x0800191c       0x26 build/stm32f4xx_hal_uart.o
                0x0800191c                HAL_UART_Receive_DMA
 *fill*         0x08001942        0x2 
 .text.HAL_RCC_OscConfig
                0x08001944      0x3f8 build/stm32f4xx_hal_rcc.o
                0x08001944                HAL_RCC_OscConfig
 .text.HAL_RCC_GetSysClockFreq
                0x08001d3c       0xdc build/stm32f4xx_hal_rcc.o
                0x08001d3c                HAL_RCC_GetSysClockFreq
 .text.HAL_RCC_ClockConfig
                0x08001e18      0x160 build/stm32f4xx_hal_rcc.o
                0x08001e18                HAL_RCC_ClockConfig
 .text.HAL_RCC_GetHCLKFreq
                0x08001f78        0xc build/stm32f4xx_hal_rcc.o
                0x08001f78                HAL_RCC_GetHCLKFreq
 .text.HAL_RCC_GetPCLK1Freq
                0x08001f84       0x20 build/stm32f4xx_hal_rcc.o
                0x08001f84                HAL_RCC_GetPCLK1Freq
 .text.HAL_RCC_GetPCLK2Freq
                0x08001fa4       0x20 build/stm32f4xx_hal_rcc.o
                0x08001fa4                HAL_RCC_GetPCLK2Freq
 .text.HAL_GPIO_Init
                0x08001fc4      0x1ec build/stm32f4xx_hal_gpio.o
                0x08001fc4                HAL_GPIO_Init
 .text.HAL_GPIO_WritePin
                0x080021b0        0xc build/stm32f4xx_hal_gpio.o
                0x080021b0                HAL_GPIO_WritePin
 .text.HAL_GPIO_TogglePin
                0x080021bc       0x12 build/stm32f4xx_hal_gpio.o
                0x080021bc                HAL_GPIO_TogglePin
 .text.DMA_SetConfig
                0x080021ce       0x2c build/stm32f4xx_hal_dma.o
 *fill*         0x080021fa        0x2 
 .text.DMA_CalcBaseAndBitshift
                0x080021fc       0x3c build/stm32f4xx_hal_dma.o
 .text.DMA_CheckFifoParam
                0x08002238       0x8e build/stm32f4xx_hal_dma.o
 *fill*         0x080022c6        0x2 
 .text.HAL_DMA_Init
                0x080022c8       0xcc build/stm32f4xx_hal_dma.o
                0x080022c8                HAL_DMA_Init
 .text.HAL_DMA_Start_IT
                0x08002394       0x6a build/stm32f4xx_hal_dma.o
                0x08002394                HAL_DMA_Start_IT
 .text.HAL_DMA_Abort
                0x080023fe       0x94 build/stm32f4xx_hal_dma.o
                0x080023fe                HAL_DMA_Abort
 .text.HAL_DMA_Abort_IT
                0x08002492       0x26 build/stm32f4xx_hal_dma.o
                0x08002492                HAL_DMA_Abort_IT
 .text.HAL_DMA_IRQHandler
                0x080024b8      0x1dc build/stm32f4xx_hal_dma.o
                0x080024b8                HAL_DMA_IRQHandler
 .text.__NVIC_EnableIRQ
                0x08002694       0x1c build/stm32f4xx_hal_cortex.o
 .text.__NVIC_SetPriority
                0x080026b0       0x28 build/stm32f4xx_hal_cortex.o
 .text.NVIC_EncodePriority
                0x080026d8       0x3e build/stm32f4xx_hal_cortex.o
 *fill*         0x08002716        0x2 
 .text.HAL_NVIC_SetPriorityGrouping
                0x08002718       0x24 build/stm32f4xx_hal_cortex.o
                0x08002718                HAL_NVIC_SetPriorityGrouping
 .text.HAL_NVIC_SetPriority
                0x0800273c       0x20 build/stm32f4xx_hal_cortex.o
                0x0800273c                HAL_NVIC_SetPriority
 .text.HAL_NVIC_EnableIRQ
                0x0800275c        0x8 build/stm32f4xx_hal_cortex.o
                0x0800275c                HAL_NVIC_EnableIRQ
 .text.HAL_SYSTICK_Config
                0x08002764       0x28 build/stm32f4xx_hal_cortex.o
                0x08002764                HAL_SYSTICK_Config
 .text.HAL_InitTick
                0x0800278c       0x4c build/stm32f4xx_hal.o
                0x0800278c                HAL_InitTick
 .text.HAL_Init
                0x080027d8       0x34 build/stm32f4xx_hal.o
                0x080027d8                HAL_Init
 .text.HAL_IncTick
                0x0800280c       0x18 build/stm32f4xx_hal.o
                0x0800280c                HAL_IncTick
 .text.HAL_GetTick
                0x08002824        0xc build/stm32f4xx_hal.o
                0x08002824                HAL_GetTick
 .text.SystemInit
                0x08002830       0x14 build/system_stm32f4xx.o
                0x08002830                SystemInit
 .text._sbrk    0x08002844       0x48 build/sysmem.o
                0x08002844                _sbrk
 .text._getpid  0x0800288c        0x4 build/syscalls.o
                0x0800288c                _getpid
 .text._kill    0x08002890       0x10 build/syscalls.o
                0x08002890                _kill
 .text._exit    0x080028a0        0xc build/syscalls.o
                0x080028a0                _exit
 .text._read    0x080028ac       0x20 build/syscalls.o
                0x080028ac                _read
 .text._close   0x080028cc        0x6 build/syscalls.o
                0x080028cc                _close
 .text._fstat   0x080028d2        0xa build/syscalls.o
                0x080028d2                _fstat
 .text._isatty  0x080028dc        0x4 build/syscalls.o
                0x080028dc                _isatty
 .text._lseek   0x080028e0        0x4 build/syscalls.o
                0x080028e0                _lseek
 .text.Reset_Handler
                0x080028e4       0x50 build/startup_stm32f407xx.o
                0x080028e4                Reset_Handler
 .text.Default_Handler
                0x08002934        0x2 build/startup_stm32f407xx.o
                0x08002934                RTC_Alarm_IRQHandler
                0x08002934                HASH_RNG_IRQHandler
                0x08002934                EXTI2_IRQHandler
                0x08002934                TIM8_CC_IRQHandler
                0x08002934                TIM1_CC_IRQHandler
                0x08002934                DMA2_Stream5_IRQHandler
                0x08002934                DMA1_Stream5_IRQHandler
                0x08002934                PVD_IRQHandler
                0x08002934                SDIO_IRQHandler
                0x08002934                TAMP_STAMP_IRQHandler
                0x08002934                CAN2_RX1_IRQHandler
                0x08002934                EXTI3_IRQHandler
                0x08002934                TIM8_TRG_COM_TIM14_IRQHandler
                0x08002934                TIM1_UP_TIM10_IRQHandler
                0x08002934                TIM8_UP_TIM13_IRQHandler
                0x08002934                I2C3_ER_IRQHandler
                0x08002934                EXTI0_IRQHandler
                0x08002934                I2C2_EV_IRQHandler
                0x08002934                DMA1_Stream2_IRQHandler
                0x08002934                CAN1_RX0_IRQHandler
                0x08002934                FPU_IRQHandler
                0x08002934                OTG_HS_WKUP_IRQHandler
                0x08002934                CAN2_SCE_IRQHandler
                0x08002934                DMA2_Stream2_IRQHandler
                0x08002934                SPI1_IRQHandler
                0x08002934                TIM6_DAC_IRQHandler
                0x08002934                TIM1_BRK_TIM9_IRQHandler
                0x08002934                DCMI_IRQHandler
                0x08002934                CAN2_RX0_IRQHandler
                0x08002934                DMA2_Stream3_IRQHandler
                0x08002934                USART6_IRQHandler
                0x08002934                CAN1_RX1_IRQHandler
                0x08002934                UART5_IRQHandler
                0x08002934                DMA2_Stream0_IRQHandler
                0x08002934                TIM4_IRQHandler
                0x08002934                I2C1_EV_IRQHandler
                0x08002934                DMA1_Stream6_IRQHandler
                0x08002934                UART4_IRQHandler
                0x08002934                TIM3_IRQHandler
                0x08002934                RCC_IRQHandler
                0x08002934                TIM8_BRK_TIM12_IRQHandler
                0x08002934                Default_Handler
                0x08002934                EXTI15_10_IRQHandler
                0x08002934                ADC_IRQHandler
                0x08002934                DMA1_Stream7_IRQHandler
                0x08002934                TIM7_IRQHandler
                0x08002934                CAN2_TX_IRQHandler
                0x08002934                TIM5_IRQHandler
                0x08002934                DMA2_Stream7_IRQHandler
                0x08002934                I2C3_EV_IRQHandler
                0x08002934                EXTI9_5_IRQHandler
                0x08002934                RTC_WKUP_IRQHandler
                0x08002934                ETH_WKUP_IRQHandler
                0x08002934                SPI2_IRQHandler
                0x08002934                OTG_HS_EP1_IN_IRQHandler
                0x08002934                DMA1_Stream0_IRQHandler
                0x08002934                CAN1_TX_IRQHandler
                0x08002934                EXTI4_IRQHandler
                0x08002934                FSMC_IRQHandler
                0x08002934                ETH_IRQHandler
                0x08002934                OTG_HS_EP1_OUT_IRQHandler
                0x08002934                WWDG_IRQHandler
                0x08002934                TIM2_IRQHandler
                0x08002934                OTG_FS_WKUP_IRQHandler
                0x08002934                TIM1_TRG_COM_TIM11_IRQHandler
                0x08002934                OTG_HS_IRQHandler
                0x08002934                EXTI1_IRQHandler
                0x08002934                USART2_IRQHandler
                0x08002934                I2C2_ER_IRQHandler
                0x08002934                DMA2_Stream1_IRQHandler
                0x08002934                CAN1_SCE_IRQHandler
                0x08002934                FLASH_IRQHandler
                0x08002934                DMA2_Stream4_IRQHandler
                0x08002934                USART1_IRQHandler
                0x08002934                OTG_FS_IRQHandler
                0x08002934                SPI3_IRQHandler
                0x08002934                DMA1_Stream4_IRQHandler
                0x08002934                I2C1_ER_IRQHandler
                0x08002934                DMA2_Stream6_IRQHandler
 *fill*         0x08002936        0x2 
 .text._Z41__static_initialization_and_destruction_0v
                0x08002938       0x14 build/Robot.o
 .text.init_Robot
                0x0800294c       0x18 build/Robot.o
                0x0800294c                init_Robot
 .text.operate_Robot
                0x08002964      0x124 build/Robot.o
                0x08002964                operate_Robot
 .text.HAL_UART_RxCpltCallback
                0x08002a88       0x4c build/Robot.o
                0x08002a88                HAL_UART_RxCpltCallback
 .text.HAL_UART_ErrorCallback
                0x08002ad4       0x20 build/Robot.o
                0x08002ad4                HAL_UART_ErrorCallback
 .text._GLOBAL__sub_I_imu
                0x08002af4        0x8 build/Robot.o
 .text._ZN5Bno084initEv
                0x08002afc       0x24 build/bno08.o
                0x08002afc                Bno08::init()
 .text._ZN5Bno0814parse_imu_dataEv
                0x08002b20       0xa0 build/bno08.o
                0x08002b20                Bno08::parse_imu_data()
 .text._ZN5Bno0811rx_callbackEv
                0x08002bc0       0x82 build/bno08.o
                0x08002bc0                Bno08::rx_callback()
 .text.__cvt    0x08002c42       0xca C:/Program Files (x86)/Arm GNU Toolchain arm-none-eabi/13.2 Rel1/bin/../lib/gcc/arm-none-eabi/13.2.1/thumb/v7e-m+fp/hard\libc_nano.a(libc_a-nano-vfprintf_float.o)
                0x08002c42                __cvt
 .text.__exponent
                0x08002d0c       0x74 C:/Program Files (x86)/Arm GNU Toolchain arm-none-eabi/13.2 Rel1/bin/../lib/gcc/arm-none-eabi/13.2.1/thumb/v7e-m+fp/hard\libc_nano.a(libc_a-nano-vfprintf_float.o)
                0x08002d0c                __exponent
 .text._printf_float
                0x08002d80      0x454 C:/Program Files (x86)/Arm GNU Toolchain arm-none-eabi/13.2 Rel1/bin/../lib/gcc/arm-none-eabi/13.2.1/thumb/v7e-m+fp/hard\libc_nano.a(libc_a-nano-vfprintf_float.o)
                0x08002d80                _printf_float
 .text._printf_common
                0x080031d4       0xda C:/Program Files (x86)/Arm GNU Toolchain arm-none-eabi/13.2 Rel1/bin/../lib/gcc/arm-none-eabi/13.2.1/thumb/v7e-m+fp/hard\libc_nano.a(libc_a-nano-vfprintf_i.o)
                0x080031d4                _printf_common
 *fill*         0x080032ae        0x2 
 .text._printf_i
                0x080032b0      0x23c C:/Program Files (x86)/Arm GNU Toolchain arm-none-eabi/13.2 Rel1/bin/../lib/gcc/arm-none-eabi/13.2.1/thumb/v7e-m+fp/hard\libc_nano.a(libc_a-nano-vfprintf_i.o)
                0x080032b0                _printf_i
 .text.std      0x080034ec       0x6c C:/Program Files (x86)/Arm GNU Toolchain arm-none-eabi/13.2 Rel1/bin/../lib/gcc/arm-none-eabi/13.2.1/thumb/v7e-m+fp/hard\libc_nano.a(libc_a-findfp.o)
 .text.stdio_exit_handler
                0x08003558       0x18 C:/Program Files (x86)/Arm GNU Toolchain arm-none-eabi/13.2 Rel1/bin/../lib/gcc/arm-none-eabi/13.2.1/thumb/v7e-m+fp/hard\libc_nano.a(libc_a-findfp.o)
 .text.cleanup_stdio
                0x08003570       0x40 C:/Program Files (x86)/Arm GNU Toolchain arm-none-eabi/13.2 Rel1/bin/../lib/gcc/arm-none-eabi/13.2.1/thumb/v7e-m+fp/hard\libc_nano.a(libc_a-findfp.o)
 .text.global_stdio_init.part.0
                0x080035b0       0x3c C:/Program Files (x86)/Arm GNU Toolchain arm-none-eabi/13.2 Rel1/bin/../lib/gcc/arm-none-eabi/13.2.1/thumb/v7e-m+fp/hard\libc_nano.a(libc_a-findfp.o)
 .text.__sfp_lock_acquire
                0x080035ec        0xc C:/Program Files (x86)/Arm GNU Toolchain arm-none-eabi/13.2 Rel1/bin/../lib/gcc/arm-none-eabi/13.2.1/thumb/v7e-m+fp/hard\libc_nano.a(libc_a-findfp.o)
                0x080035ec                __sfp_lock_acquire
 .text.__sfp_lock_release
                0x080035f8        0xc C:/Program Files (x86)/Arm GNU Toolchain arm-none-eabi/13.2 Rel1/bin/../lib/gcc/arm-none-eabi/13.2.1/thumb/v7e-m+fp/hard\libc_nano.a(libc_a-findfp.o)
                0x080035f8                __sfp_lock_release
 .text.__sinit  0x08003604       0x30 C:/Program Files (x86)/Arm GNU Toolchain arm-none-eabi/13.2 Rel1/bin/../lib/gcc/arm-none-eabi/13.2.1/thumb/v7e-m+fp/hard\libc_nano.a(libc_a-findfp.o)
                0x08003604                __sinit
 .text._fwalk_sglue
                0x08003634       0x3c C:/Program Files (x86)/Arm GNU Toolchain arm-none-eabi/13.2 Rel1/bin/../lib/gcc/arm-none-eabi/13.2.1/thumb/v7e-m+fp/hard\libc_nano.a(libc_a-fwalk.o)
                0x08003634                _fwalk_sglue
 .text.printf   0x08003670       0x24 C:/Program Files (x86)/Arm GNU Toolchain arm-none-eabi/13.2 Rel1/bin/../lib/gcc/arm-none-eabi/13.2.1/thumb/v7e-m+fp/hard\libc_nano.a(libc_a-printf.o)
                0x08003670                iprintf
                0x08003670                printf
 .text._puts_r  0x08003694       0xaa C:/Program Files (x86)/Arm GNU Toolchain arm-none-eabi/13.2 Rel1/bin/../lib/gcc/arm-none-eabi/13.2.1/thumb/v7e-m+fp/hard\libc_nano.a(libc_a-puts.o)
                0x08003694                _puts_r
 *fill*         0x0800373e        0x2 
 .text.puts     0x08003740       0x10 C:/Program Files (x86)/Arm GNU Toolchain arm-none-eabi/13.2 Rel1/bin/../lib/gcc/arm-none-eabi/13.2.1/thumb/v7e-m+fp/hard\libc_nano.a(libc_a-puts.o)
                0x08003740                puts
 .text.__sread  0x08003750       0x22 C:/Program Files (x86)/Arm GNU Toolchain arm-none-eabi/13.2 Rel1/bin/../lib/gcc/arm-none-eabi/13.2.1/thumb/v7e-m+fp/hard\libc_nano.a(libc_a-stdio.o)
                0x08003750                __sread
 .text.__swrite
                0x08003772       0x38 C:/Program Files (x86)/Arm GNU Toolchain arm-none-eabi/13.2 Rel1/bin/../lib/gcc/arm-none-eabi/13.2.1/thumb/v7e-m+fp/hard\libc_nano.a(libc_a-stdio.o)
                0x08003772                __swrite
 .text.__sseek  0x080037aa       0x24 C:/Program Files (x86)/Arm GNU Toolchain arm-none-eabi/13.2 Rel1/bin/../lib/gcc/arm-none-eabi/13.2.1/thumb/v7e-m+fp/hard\libc_nano.a(libc_a-stdio.o)
                0x080037aa                __sseek
 .text.__sclose
                0x080037ce        0x8 C:/Program Files (x86)/Arm GNU Toolchain arm-none-eabi/13.2 Rel1/bin/../lib/gcc/arm-none-eabi/13.2.1/thumb/v7e-m+fp/hard\libc_nano.a(libc_a-stdio.o)
                0x080037ce                __sclose
 .text.__swbuf_r
                0x080037d6       0x7c C:/Program Files (x86)/Arm GNU Toolchain arm-none-eabi/13.2 Rel1/bin/../lib/gcc/arm-none-eabi/13.2.1/thumb/v7e-m+fp/hard\libc_nano.a(libc_a-wbuf.o)
                0x080037d6                __swbuf_r
 *fill*         0x08003852        0x2 
 .text.__swsetup_r
                0x08003854       0xac C:/Program Files (x86)/Arm GNU Toolchain arm-none-eabi/13.2 Rel1/bin/../lib/gcc/arm-none-eabi/13.2.1/thumb/v7e-m+fp/hard\libc_nano.a(libc_a-wsetup.o)
                0x08003854                __swsetup_r
 .text.memset   0x08003900       0x10 C:/Program Files (x86)/Arm GNU Toolchain arm-none-eabi/13.2 Rel1/bin/../lib/gcc/arm-none-eabi/13.2.1/thumb/v7e-m+fp/hard\libc_nano.a(libc_a-memset.o)
                0x08003900                memset
 .text._localeconv_r
                0x08003910        0x8 C:/Program Files (x86)/Arm GNU Toolchain arm-none-eabi/13.2 Rel1/bin/../lib/gcc/arm-none-eabi/13.2.1/thumb/v7e-m+fp/hard\libc_nano.a(libc_a-localeconv.o)
                0x08003910                _localeconv_r
 .text._close_r
                0x08003918       0x20 C:/Program Files (x86)/Arm GNU Toolchain arm-none-eabi/13.2 Rel1/bin/../lib/gcc/arm-none-eabi/13.2.1/thumb/v7e-m+fp/hard\libc_nano.a(libc_a-closer.o)
                0x08003918                _close_r
 .text._lseek_r
                0x08003938       0x24 C:/Program Files (x86)/Arm GNU Toolchain arm-none-eabi/13.2 Rel1/bin/../lib/gcc/arm-none-eabi/13.2.1/thumb/v7e-m+fp/hard\libc_nano.a(libc_a-lseekr.o)
                0x08003938                _lseek_r
 .text._read_r  0x0800395c       0x24 C:/Program Files (x86)/Arm GNU Toolchain arm-none-eabi/13.2 Rel1/bin/../lib/gcc/arm-none-eabi/13.2.1/thumb/v7e-m+fp/hard\libc_nano.a(libc_a-readr.o)
                0x0800395c                _read_r
 .text._write_r
                0x08003980       0x24 C:/Program Files (x86)/Arm GNU Toolchain arm-none-eabi/13.2 Rel1/bin/../lib/gcc/arm-none-eabi/13.2.1/thumb/v7e-m+fp/hard\libc_nano.a(libc_a-writer.o)
                0x08003980                _write_r
 .text.__errno  0x080039a4        0xc C:/Program Files (x86)/Arm GNU Toolchain arm-none-eabi/13.2 Rel1/bin/../lib/gcc/arm-none-eabi/13.2.1/thumb/v7e-m+fp/hard\libc_nano.a(libc_a-errno.o)
                0x080039a4                __errno
 .text.__libc_init_array
                0x080039b0       0x48 C:/Program Files (x86)/Arm GNU Toolchain arm-none-eabi/13.2 Rel1/bin/../lib/gcc/arm-none-eabi/13.2.1/thumb/v7e-m+fp/hard\libc_nano.a(libc_a-init.o)
                0x080039b0                __libc_init_array
 .text.__retarget_lock_init_recursive
                0x080039f8        0x2 C:/Program Files (x86)/Arm GNU Toolchain arm-none-eabi/13.2 Rel1/bin/../lib/gcc/arm-none-eabi/13.2.1/thumb/v7e-m+fp/hard\libc_nano.a(libc_a-lock.o)
                0x080039f8                __retarget_lock_init_recursive
 .text.__retarget_lock_acquire_recursive
                0x080039fa        0x2 C:/Program Files (x86)/Arm GNU Toolchain arm-none-eabi/13.2 Rel1/bin/../lib/gcc/arm-none-eabi/13.2.1/thumb/v7e-m+fp/hard\libc_nano.a(libc_a-lock.o)
                0x080039fa                __retarget_lock_acquire_recursive
 .text.__retarget_lock_release_recursive
                0x080039fc        0x2 C:/Program Files (x86)/Arm GNU Toolchain arm-none-eabi/13.2 Rel1/bin/../lib/gcc/arm-none-eabi/13.2.1/thumb/v7e-m+fp/hard\libc_nano.a(libc_a-lock.o)
                0x080039fc                __retarget_lock_release_recursive
 .text.quorem   0x080039fe      0x110 C:/Program Files (x86)/Arm GNU Toolchain arm-none-eabi/13.2 Rel1/bin/../lib/gcc/arm-none-eabi/13.2.1/thumb/v7e-m+fp/hard\libc_nano.a(libc_a-dtoa.o)
 *fill*         0x08003b0e        0x2 
 .text._dtoa_r  0x08003b10      0xb74 C:/Program Files (x86)/Arm GNU Toolchain arm-none-eabi/13.2 Rel1/bin/../lib/gcc/arm-none-eabi/13.2.1/thumb/v7e-m+fp/hard\libc_nano.a(libc_a-dtoa.o)
                0x08003b10                _dtoa_r
 .text._free_r  0x08004684       0x94 C:/Program Files (x86)/Arm GNU Toolchain arm-none-eabi/13.2 Rel1/bin/../lib/gcc/arm-none-eabi/13.2.1/thumb/v7e-m+fp/hard\libc_nano.a(libc_a-freer.o)
                0x08004684                _free_r
 .text.malloc   0x08004718       0x10 C:/Program Files (x86)/Arm GNU Toolchain arm-none-eabi/13.2 Rel1/bin/../lib/gcc/arm-none-eabi/13.2.1/thumb/v7e-m+fp/hard\libc_nano.a(libc_a-malloc.o)
                0x08004718                malloc
 .text.sbrk_aligned
                0x08004728       0x44 C:/Program Files (x86)/Arm GNU Toolchain arm-none-eabi/13.2 Rel1/bin/../lib/gcc/arm-none-eabi/13.2.1/thumb/v7e-m+fp/hard\libc_nano.a(libc_a-mallocr.o)
 .text._malloc_r
                0x0800476c      0x100 C:/Program Files (x86)/Arm GNU Toolchain arm-none-eabi/13.2 Rel1/bin/../lib/gcc/arm-none-eabi/13.2.1/thumb/v7e-m+fp/hard\libc_nano.a(libc_a-mallocr.o)
                0x0800476c                _malloc_r
 .text.__malloc_lock
                0x0800486c        0xc C:/Program Files (x86)/Arm GNU Toolchain arm-none-eabi/13.2 Rel1/bin/../lib/gcc/arm-none-eabi/13.2.1/thumb/v7e-m+fp/hard\libc_nano.a(libc_a-mlock.o)
                0x0800486c                __malloc_lock
 .text.__malloc_unlock
                0x08004878        0xc C:/Program Files (x86)/Arm GNU Toolchain arm-none-eabi/13.2 Rel1/bin/../lib/gcc/arm-none-eabi/13.2.1/thumb/v7e-m+fp/hard\libc_nano.a(libc_a-mlock.o)
                0x08004878                __malloc_unlock
 .text._Balloc  0x08004884       0x80 C:/Program Files (x86)/Arm GNU Toolchain arm-none-eabi/13.2 Rel1/bin/../lib/gcc/arm-none-eabi/13.2.1/thumb/v7e-m+fp/hard\libc_nano.a(libc_a-mprec.o)
                0x08004884                _Balloc
 .text._Bfree   0x08004904       0x44 C:/Program Files (x86)/Arm GNU Toolchain arm-none-eabi/13.2 Rel1/bin/../lib/gcc/arm-none-eabi/13.2.1/thumb/v7e-m+fp/hard\libc_nano.a(libc_a-mprec.o)
                0x08004904                _Bfree
 .text.__multadd
                0x08004948       0x8c C:/Program Files (x86)/Arm GNU Toolchain arm-none-eabi/13.2 Rel1/bin/../lib/gcc/arm-none-eabi/13.2.1/thumb/v7e-m+fp/hard\libc_nano.a(libc_a-mprec.o)
                0x08004948                __multadd
 .text.__hi0bits
                0x080049d4       0x3e C:/Program Files (x86)/Arm GNU Toolchain arm-none-eabi/13.2 Rel1/bin/../lib/gcc/arm-none-eabi/13.2.1/thumb/v7e-m+fp/hard\libc_nano.a(libc_a-mprec.o)
                0x080049d4                __hi0bits
 .text.__lo0bits
                0x08004a12       0x5a C:/Program Files (x86)/Arm GNU Toolchain arm-none-eabi/13.2 Rel1/bin/../lib/gcc/arm-none-eabi/13.2.1/thumb/v7e-m+fp/hard\libc_nano.a(libc_a-mprec.o)
                0x08004a12                __lo0bits
 .text.__i2b    0x08004a6c       0x2c C:/Program Files (x86)/Arm GNU Toolchain arm-none-eabi/13.2 Rel1/bin/../lib/gcc/arm-none-eabi/13.2.1/thumb/v7e-m+fp/hard\libc_nano.a(libc_a-mprec.o)
                0x08004a6c                __i2b
 .text.__multiply
                0x08004a98      0x144 C:/Program Files (x86)/Arm GNU Toolchain arm-none-eabi/13.2 Rel1/bin/../lib/gcc/arm-none-eabi/13.2.1/thumb/v7e-m+fp/hard\libc_nano.a(libc_a-mprec.o)
                0x08004a98                __multiply
 .text.__pow5mult
                0x08004bdc       0xb4 C:/Program Files (x86)/Arm GNU Toolchain arm-none-eabi/13.2 Rel1/bin/../lib/gcc/arm-none-eabi/13.2.1/thumb/v7e-m+fp/hard\libc_nano.a(libc_a-mprec.o)
                0x08004bdc                __pow5mult
 .text.__lshift
                0x08004c90       0xd8 C:/Program Files (x86)/Arm GNU Toolchain arm-none-eabi/13.2 Rel1/bin/../lib/gcc/arm-none-eabi/13.2.1/thumb/v7e-m+fp/hard\libc_nano.a(libc_a-mprec.o)
                0x08004c90                __lshift
 .text.__mcmp   0x08004d68       0x36 C:/Program Files (x86)/Arm GNU Toolchain arm-none-eabi/13.2 Rel1/bin/../lib/gcc/arm-none-eabi/13.2.1/thumb/v7e-m+fp/hard\libc_nano.a(libc_a-mprec.o)
                0x08004d68                __mcmp
 *fill*         0x08004d9e        0x2 
 .text.__mdiff  0x08004da0      0x128 C:/Program Files (x86)/Arm GNU Toolchain arm-none-eabi/13.2 Rel1/bin/../lib/gcc/arm-none-eabi/13.2.1/thumb/v7e-m+fp/hard\libc_nano.a(libc_a-mprec.o)
                0x08004da0                __mdiff
 .text.__d2b    0x08004ec8       0xb0 C:/Program Files (x86)/Arm GNU Toolchain arm-none-eabi/13.2 Rel1/bin/../lib/gcc/arm-none-eabi/13.2.1/thumb/v7e-m+fp/hard\libc_nano.a(libc_a-mprec.o)
                0x08004ec8                __d2b
 .text.__sfputc_r
                0x08004f78       0x2e C:/Program Files (x86)/Arm GNU Toolchain arm-none-eabi/13.2 Rel1/bin/../lib/gcc/arm-none-eabi/13.2.1/thumb/v7e-m+fp/hard\libc_nano.a(libc_a-nano-vfprintf.o)
 .text.__sfputs_r
                0x08004fa6       0x24 C:/Program Files (x86)/Arm GNU Toolchain arm-none-eabi/13.2 Rel1/bin/../lib/gcc/arm-none-eabi/13.2.1/thumb/v7e-m+fp/hard\libc_nano.a(libc_a-nano-vfprintf.o)
                0x08004fa6                __sfputs_r
 *fill*         0x08004fca        0x2 
 .text._vfprintf_r
                0x08004fcc      0x230 C:/Program Files (x86)/Arm GNU Toolchain arm-none-eabi/13.2 Rel1/bin/../lib/gcc/arm-none-eabi/13.2.1/thumb/v7e-m+fp/hard\libc_nano.a(libc_a-nano-vfprintf.o)
                0x08004fcc                _vfprintf_r
                0x08004fcc                _vfiprintf_r
 .text.__sflush_r
                0x080051fc      0x108 C:/Program Files (x86)/Arm GNU Toolchain arm-none-eabi/13.2 Rel1/bin/../lib/gcc/arm-none-eabi/13.2.1/thumb/v7e-m+fp/hard\libc_nano.a(libc_a-fflush.o)
                0x080051fc                __sflush_r
 .text._fflush_r
                0x08005304       0x50 C:/Program Files (x86)/Arm GNU Toolchain arm-none-eabi/13.2 Rel1/bin/../lib/gcc/arm-none-eabi/13.2.1/thumb/v7e-m+fp/hard\libc_nano.a(libc_a-fflush.o)
                0x08005304                _fflush_r
 .text.__swhatbuf_r
                0x08005354       0x4c C:/Program Files (x86)/Arm GNU Toolchain arm-none-eabi/13.2 Rel1/bin/../lib/gcc/arm-none-eabi/13.2.1/thumb/v7e-m+fp/hard\libc_nano.a(libc_a-makebuf.o)
                0x08005354                __swhatbuf_r
 .text.__smakebuf_r
                0x080053a0       0x78 C:/Program Files (x86)/Arm GNU Toolchain arm-none-eabi/13.2 Rel1/bin/../lib/gcc/arm-none-eabi/13.2.1/thumb/v7e-m+fp/hard\libc_nano.a(libc_a-makebuf.o)
                0x080053a0                __smakebuf_r
 .text._fstat_r
                0x08005418       0x24 C:/Program Files (x86)/Arm GNU Toolchain arm-none-eabi/13.2 Rel1/bin/../lib/gcc/arm-none-eabi/13.2.1/thumb/v7e-m+fp/hard\libc_nano.a(libc_a-fstatr.o)
                0x08005418                _fstat_r
 .text._isatty_r
                0x0800543c       0x20 C:/Program Files (x86)/Arm GNU Toolchain arm-none-eabi/13.2 Rel1/bin/../lib/gcc/arm-none-eabi/13.2.1/thumb/v7e-m+fp/hard\libc_nano.a(libc_a-isattyr.o)
                0x0800543c                _isatty_r
 .text._sbrk_r  0x0800545c       0x20 C:/Program Files (x86)/Arm GNU Toolchain arm-none-eabi/13.2 Rel1/bin/../lib/gcc/arm-none-eabi/13.2.1/thumb/v7e-m+fp/hard\libc_nano.a(libc_a-sbrkr.o)
                0x0800545c                _sbrk_r
 .text.memcpy   0x0800547c       0x1c C:/Program Files (x86)/Arm GNU Toolchain arm-none-eabi/13.2 Rel1/bin/../lib/gcc/arm-none-eabi/13.2.1/thumb/v7e-m+fp/hard\libc_nano.a(libc_a-memcpy-stub.o)
                0x0800547c                memcpy
 .text.__assert_func
                0x08005498       0x3c C:/Program Files (x86)/Arm GNU Toolchain arm-none-eabi/13.2 Rel1/bin/../lib/gcc/arm-none-eabi/13.2.1/thumb/v7e-m+fp/hard\libc_nano.a(libc_a-assert.o)
                0x08005498                __assert_func
 .text._calloc_r
                0x080054d4       0x28 C:/Program Files (x86)/Arm GNU Toolchain arm-none-eabi/13.2 Rel1/bin/../lib/gcc/arm-none-eabi/13.2.1/thumb/v7e-m+fp/hard\libc_nano.a(libc_a-callocr.o)
                0x080054d4                _calloc_r
 .text.__ascii_mbtowc
                0x080054fc       0x24 C:/Program Files (x86)/Arm GNU Toolchain arm-none-eabi/13.2 Rel1/bin/../lib/gcc/arm-none-eabi/13.2.1/thumb/v7e-m+fp/hard\libc_nano.a(libc_a-mbtowc_r.o)
                0x080054fc                __ascii_mbtowc
 .text.__ascii_wctomb
                0x08005520       0x1a C:/Program Files (x86)/Arm GNU Toolchain arm-none-eabi/13.2 Rel1/bin/../lib/gcc/arm-none-eabi/13.2.1/thumb/v7e-m+fp/hard\libc_nano.a(libc_a-wctomb_r.o)
                0x08005520                __ascii_wctomb
 *fill*         0x0800553a        0x2 
 .text.fprintf  0x0800553c       0x24 C:/Program Files (x86)/Arm GNU Toolchain arm-none-eabi/13.2 Rel1/bin/../lib/gcc/arm-none-eabi/13.2.1/thumb/v7e-m+fp/hard\libc_nano.a(libc_a-fprintf.o)
                0x0800553c                fiprintf
                0x0800553c                fprintf
 .text.abort    0x08005560        0xe C:/Program Files (x86)/Arm GNU Toolchain arm-none-eabi/13.2 Rel1/bin/../lib/gcc/arm-none-eabi/13.2.1/thumb/v7e-m+fp/hard\libc_nano.a(libc_a-abort.o)
                0x08005560                abort
 .text._raise_r
                0x0800556e       0x50 C:/Program Files (x86)/Arm GNU Toolchain arm-none-eabi/13.2 Rel1/bin/../lib/gcc/arm-none-eabi/13.2.1/thumb/v7e-m+fp/hard\libc_nano.a(libc_a-signal.o)
                0x0800556e                _raise_r
 *fill*         0x080055be        0x2 
 .text.raise    0x080055c0       0x10 C:/Program Files (x86)/Arm GNU Toolchain arm-none-eabi/13.2 Rel1/bin/../lib/gcc/arm-none-eabi/13.2.1/thumb/v7e-m+fp/hard\libc_nano.a(libc_a-signal.o)
                0x080055c0                raise
 .text._kill_r  0x080055d0       0x24 C:/Program Files (x86)/Arm GNU Toolchain arm-none-eabi/13.2 Rel1/bin/../lib/gcc/arm-none-eabi/13.2.1/thumb/v7e-m+fp/hard\libc_nano.a(libc_a-signalr.o)
                0x080055d0                _kill_r
 .text._getpid_r
                0x080055f4        0x4 C:/Program Files (x86)/Arm GNU Toolchain arm-none-eabi/13.2 Rel1/bin/../lib/gcc/arm-none-eabi/13.2.1/thumb/v7e-m+fp/hard\libc_nano.a(libc_a-signalr.o)
                0x080055f4                _getpid_r
 .text.__udivmoddi4
                0x080055f8      0x2bc C:/Program Files (x86)/Arm GNU Toolchain arm-none-eabi/13.2 Rel1/bin/../lib/gcc/arm-none-eabi/13.2.1/thumb/v7e-m+fp/hard\libgcc.a(_udivmoddi4.o)
                0x080055f8                __udivmoddi4
 .text.selfrel_offset31
                0x080058b4       0x14 C:/Program Files (x86)/Arm GNU Toolchain arm-none-eabi/13.2 Rel1/bin/../lib/gcc/arm-none-eabi/13.2.1/thumb/v7e-m+fp/hard\libgcc.a(unwind-arm.o)
 .text.search_EIT_table
                0x080058c8       0x68 C:/Program Files (x86)/Arm GNU Toolchain arm-none-eabi/13.2 Rel1/bin/../lib/gcc/arm-none-eabi/13.2.1/thumb/v7e-m+fp/hard\libgcc.a(unwind-arm.o)
 .text.__gnu_unwind_get_pr_addr
                0x08005930       0x28 C:/Program Files (x86)/Arm GNU Toolchain arm-none-eabi/13.2 Rel1/bin/../lib/gcc/arm-none-eabi/13.2.1/thumb/v7e-m+fp/hard\libgcc.a(unwind-arm.o)
 .text.get_eit_entry
                0x08005958       0x98 C:/Program Files (x86)/Arm GNU Toolchain arm-none-eabi/13.2 Rel1/bin/../lib/gcc/arm-none-eabi/13.2.1/thumb/v7e-m+fp/hard\libgcc.a(unwind-arm.o)
 .text.restore_non_core_regs
                0x080059f0       0x58 C:/Program Files (x86)/Arm GNU Toolchain arm-none-eabi/13.2 Rel1/bin/../lib/gcc/arm-none-eabi/13.2.1/thumb/v7e-m+fp/hard\libgcc.a(unwind-arm.o)
 .text._Unwind_decode_typeinfo_ptr.constprop.0
                0x08005a48        0xc C:/Program Files (x86)/Arm GNU Toolchain arm-none-eabi/13.2 Rel1/bin/../lib/gcc/arm-none-eabi/13.2.1/thumb/v7e-m+fp/hard\libgcc.a(unwind-arm.o)
 .text._Unwind_DebugHook
                0x08005a54        0x4 C:/Program Files (x86)/Arm GNU Toolchain arm-none-eabi/13.2 Rel1/bin/../lib/gcc/arm-none-eabi/13.2.1/thumb/v7e-m+fp/hard\libgcc.a(unwind-arm.o)
 .text.unwind_phase2
                0x08005a58       0x3c C:/Program Files (x86)/Arm GNU Toolchain arm-none-eabi/13.2 Rel1/bin/../lib/gcc/arm-none-eabi/13.2.1/thumb/v7e-m+fp/hard\libgcc.a(unwind-arm.o)
 .text.unwind_phase2_forced
                0x08005a94       0xd8 C:/Program Files (x86)/Arm GNU Toolchain arm-none-eabi/13.2 Rel1/bin/../lib/gcc/arm-none-eabi/13.2.1/thumb/v7e-m+fp/hard\libgcc.a(unwind-arm.o)
 .text.__gnu_Unwind_RaiseException
                0x08005b6c       0x68 C:/Program Files (x86)/Arm GNU Toolchain arm-none-eabi/13.2 Rel1/bin/../lib/gcc/arm-none-eabi/13.2.1/thumb/v7e-m+fp/hard\libgcc.a(unwind-arm.o)
                0x08005b6c                __gnu_Unwind_RaiseException
 .text.__gnu_Unwind_ForcedUnwind
                0x08005bd4       0x10 C:/Program Files (x86)/Arm GNU Toolchain arm-none-eabi/13.2 Rel1/bin/../lib/gcc/arm-none-eabi/13.2.1/thumb/v7e-m+fp/hard\libgcc.a(unwind-arm.o)
                0x08005bd4                __gnu_Unwind_ForcedUnwind
 .text.__gnu_Unwind_Resume
                0x08005be4       0x44 C:/Program Files (x86)/Arm GNU Toolchain arm-none-eabi/13.2 Rel1/bin/../lib/gcc/arm-none-eabi/13.2.1/thumb/v7e-m+fp/hard\libgcc.a(unwind-arm.o)
                0x08005be4                __gnu_Unwind_Resume
 .text.__gnu_Unwind_Resume_or_Rethrow
                0x08005c28       0x14 C:/Program Files (x86)/Arm GNU Toolchain arm-none-eabi/13.2 Rel1/bin/../lib/gcc/arm-none-eabi/13.2.1/thumb/v7e-m+fp/hard\libgcc.a(unwind-arm.o)
                0x08005c28                __gnu_Unwind_Resume_or_Rethrow
 .text._Unwind_VRS_Get
                0x08005c3c       0x34 C:/Program Files (x86)/Arm GNU Toolchain arm-none-eabi/13.2 Rel1/bin/../lib/gcc/arm-none-eabi/13.2.1/thumb/v7e-m+fp/hard\libgcc.a(unwind-arm.o)
                0x08005c3c                _Unwind_VRS_Get
 .text._Unwind_GetGR
                0x08005c70       0x1c C:/Program Files (x86)/Arm GNU Toolchain arm-none-eabi/13.2 Rel1/bin/../lib/gcc/arm-none-eabi/13.2.1/thumb/v7e-m+fp/hard\libgcc.a(unwind-arm.o)
 .text._Unwind_VRS_Set
                0x08005c8c       0x34 C:/Program Files (x86)/Arm GNU Toolchain arm-none-eabi/13.2 Rel1/bin/../lib/gcc/arm-none-eabi/13.2.1/thumb/v7e-m+fp/hard\libgcc.a(unwind-arm.o)
                0x08005c8c                _Unwind_VRS_Set
 .text._Unwind_SetGR
                0x08005cc0       0x18 C:/Program Files (x86)/Arm GNU Toolchain arm-none-eabi/13.2 Rel1/bin/../lib/gcc/arm-none-eabi/13.2.1/thumb/v7e-m+fp/hard\libgcc.a(unwind-arm.o)
 .text.__gnu_Unwind_Backtrace
                0x08005cd8       0x84 C:/Program Files (x86)/Arm GNU Toolchain arm-none-eabi/13.2 Rel1/bin/../lib/gcc/arm-none-eabi/13.2.1/thumb/v7e-m+fp/hard\libgcc.a(unwind-arm.o)
                0x08005cd8                __gnu_Unwind_Backtrace
 .text.__gnu_unwind_pr_common
                0x08005d5c      0x2a4 C:/Program Files (x86)/Arm GNU Toolchain arm-none-eabi/13.2 Rel1/bin/../lib/gcc/arm-none-eabi/13.2.1/thumb/v7e-m+fp/hard\libgcc.a(unwind-arm.o)
 .text.__aeabi_unwind_cpp_pr0
                0x08006000        0x8 C:/Program Files (x86)/Arm GNU Toolchain arm-none-eabi/13.2 Rel1/bin/../lib/gcc/arm-none-eabi/13.2.1/thumb/v7e-m+fp/hard\libgcc.a(unwind-arm.o)
                0x08006000                __aeabi_unwind_cpp_pr0
 .text.__aeabi_unwind_cpp_pr1
                0x08006008        0x8 C:/Program Files (x86)/Arm GNU Toolchain arm-none-eabi/13.2 Rel1/bin/../lib/gcc/arm-none-eabi/13.2.1/thumb/v7e-m+fp/hard\libgcc.a(unwind-arm.o)
                0x08006008                __aeabi_unwind_cpp_pr1
 .text.__aeabi_unwind_cpp_pr2
                0x08006010        0x8 C:/Program Files (x86)/Arm GNU Toolchain arm-none-eabi/13.2 Rel1/bin/../lib/gcc/arm-none-eabi/13.2.1/thumb/v7e-m+fp/hard\libgcc.a(unwind-arm.o)
                0x08006010                __aeabi_unwind_cpp_pr2
 .text._Unwind_VRS_Pop
                0x08006018      0x2f0 C:/Program Files (x86)/Arm GNU Toolchain arm-none-eabi/13.2 Rel1/bin/../lib/gcc/arm-none-eabi/13.2.1/thumb/v7e-m+fp/hard\libgcc.a(unwind-arm.o)
                0x08006018                _Unwind_VRS_Pop
 .text.next_unwind_byte
                0x08006308       0x38 C:/Program Files (x86)/Arm GNU Toolchain arm-none-eabi/13.2 Rel1/bin/../lib/gcc/arm-none-eabi/13.2.1/thumb/v7e-m+fp/hard\libgcc.a(pr-support.o)
 .text.__gnu_unwind_execute
                0x08006340      0x2fc C:/Program Files (x86)/Arm GNU Toolchain arm-none-eabi/13.2 Rel1/bin/../lib/gcc/arm-none-eabi/13.2.1/thumb/v7e-m+fp/hard\libgcc.a(pr-support.o)
                0x08006340                __gnu_unwind_execute
 *(.glue_7)
 .glue_7        0x0800663c        0x0 linker stubs
 *(.glue_7t)
 .glue_7t       0x0800663c        0x0 linker stubs
 *(.eh_frame)
 .eh_frame      0x0800663c        0x0 C:/Program Files (x86)/Arm GNU Toolchain arm-none-eabi/13.2 Rel1/bin/../lib/gcc/arm-none-eabi/13.2.1/thumb/v7e-m+fp/hard/crtbegin.o
 *(.init)
 .init          0x0800663c        0x4 C:/Program Files (x86)/Arm GNU Toolchain arm-none-eabi/13.2 Rel1/bin/../lib/gcc/arm-none-eabi/13.2.1/thumb/v7e-m+fp/hard/crti.o
                0x0800663c                _init
 .init          0x08006640        0x8 C:/Program Files (x86)/Arm GNU Toolchain arm-none-eabi/13.2 Rel1/bin/../lib/gcc/arm-none-eabi/13.2.1/thumb/v7e-m+fp/hard/crtn.o
 *(.fini)
 .fini          0x08006648        0x4 C:/Program Files (x86)/Arm GNU Toolchain arm-none-eabi/13.2 Rel1/bin/../lib/gcc/arm-none-eabi/13.2.1/thumb/v7e-m+fp/hard/crti.o
                0x08006648                _fini
 .fini          0x0800664c        0x8 C:/Program Files (x86)/Arm GNU Toolchain arm-none-eabi/13.2 Rel1/bin/../lib/gcc/arm-none-eabi/13.2.1/thumb/v7e-m+fp/hard/crtn.o
                0x08006654                        . = ALIGN (0x4)
                0x08006654                        _etext = .

.vfp11_veneer   0x08006654        0x0
 .vfp11_veneer  0x08006654        0x0 linker stubs

.v4_bx          0x08006654        0x0
 .v4_bx         0x08006654        0x0 linker stubs

.iplt           0x08006654        0x0
 .iplt          0x08006654        0x0 C:/Program Files (x86)/Arm GNU Toolchain arm-none-eabi/13.2 Rel1/bin/../lib/gcc/arm-none-eabi/13.2.1/thumb/v7e-m+fp/hard/crtbegin.o

.rodata         0x08006658      0x3c4
                0x08006658                        . = ALIGN (0x4)
 *(.rodata)
 *(.rodata*)
 .rodata.flagBitshiftOffset.0
                0x08006658        0x8 build/stm32f4xx_hal_dma.o
 .rodata.APBPrescTable
                0x08006660        0x8 build/system_stm32f4xx.o
                0x08006660                APBPrescTable
 .rodata.AHBPrescTable
                0x08006668       0x10 build/system_stm32f4xx.o
                0x08006668                AHBPrescTable
 .rodata.init_Robot.str1.4
                0x08006678       0x2b build/Robot.o
                                 0x10 (size before relaxing)
 .rodata.operate_Robot.str1.4
                0x080066a3       0x1b build/Robot.o
 .rodata._printf_float.str1.1
                0x080066a3      0x173 C:/Program Files (x86)/Arm GNU Toolchain arm-none-eabi/13.2 Rel1/bin/../lib/gcc/arm-none-eabi/13.2.1/thumb/v7e-m+fp/hard\libc_nano.a(libc_a-nano-vfprintf_float.o)
                                 0x12 (size before relaxing)
 .rodata._printf_i.str1.1
                0x08006816       0x22 C:/Program Files (x86)/Arm GNU Toolchain arm-none-eabi/13.2 Rel1/bin/../lib/gcc/arm-none-eabi/13.2.1/thumb/v7e-m+fp/hard\libc_nano.a(libc_a-nano-vfprintf_i.o)
 .rodata._dtoa_r.str1.1
                0x08006816       0x90 C:/Program Files (x86)/Arm GNU Toolchain arm-none-eabi/13.2 Rel1/bin/../lib/gcc/arm-none-eabi/13.2.1/thumb/v7e-m+fp/hard\libc_nano.a(libc_a-dtoa.o)
 .rodata._Balloc.str1.1
                0x08006816       0x71 C:/Program Files (x86)/Arm GNU Toolchain arm-none-eabi/13.2 Rel1/bin/../lib/gcc/arm-none-eabi/13.2.1/thumb/v7e-m+fp/hard\libc_nano.a(libc_a-mprec.o)
 .rodata.__multadd.str1.1
                0x08006816       0x11 C:/Program Files (x86)/Arm GNU Toolchain arm-none-eabi/13.2 Rel1/bin/../lib/gcc/arm-none-eabi/13.2.1/thumb/v7e-m+fp/hard\libc_nano.a(libc_a-mprec.o)
 *fill*         0x08006816        0x2 
 .rodata.p05.0  0x08006818        0xc C:/Program Files (x86)/Arm GNU Toolchain arm-none-eabi/13.2 Rel1/bin/../lib/gcc/arm-none-eabi/13.2.1/thumb/v7e-m+fp/hard\libc_nano.a(libc_a-mprec.o)
 *fill*         0x08006824        0x4 
 .rodata.__mprec_bigtens
                0x08006828       0x28 C:/Program Files (x86)/Arm GNU Toolchain arm-none-eabi/13.2 Rel1/bin/../lib/gcc/arm-none-eabi/13.2.1/thumb/v7e-m+fp/hard\libc_nano.a(libc_a-mprec.o)
                0x08006828                __mprec_bigtens
 .rodata.__mprec_tens
                0x08006850       0xc8 C:/Program Files (x86)/Arm GNU Toolchain arm-none-eabi/13.2 Rel1/bin/../lib/gcc/arm-none-eabi/13.2.1/thumb/v7e-m+fp/hard\libc_nano.a(libc_a-mprec.o)
                0x08006850                __mprec_tens
 .rodata._vfprintf_r.str1.1
                0x08006918       0x11 C:/Program Files (x86)/Arm GNU Toolchain arm-none-eabi/13.2 Rel1/bin/../lib/gcc/arm-none-eabi/13.2.1/thumb/v7e-m+fp/hard\libc_nano.a(libc_a-nano-vfprintf.o)
 .rodata._setlocale_r.str1.1
                0x08006918        0x9 C:/Program Files (x86)/Arm GNU Toolchain arm-none-eabi/13.2 Rel1/bin/../lib/gcc/arm-none-eabi/13.2.1/thumb/v7e-m+fp/hard\libc_nano.a(libc_a-locale.o)
 .rodata.str1.1
                0x08006918        0x2 C:/Program Files (x86)/Arm GNU Toolchain arm-none-eabi/13.2 Rel1/bin/../lib/gcc/arm-none-eabi/13.2.1/thumb/v7e-m+fp/hard\libc_nano.a(libc_a-locale.o)
 .rodata.__assert_func.str1.1
                0x08006918       0x3d C:/Program Files (x86)/Arm GNU Toolchain arm-none-eabi/13.2 Rel1/bin/../lib/gcc/arm-none-eabi/13.2.1/thumb/v7e-m+fp/hard\libc_nano.a(libc_a-assert.o)
 .rodata._ctype_
                0x08006918      0x101 C:/Program Files (x86)/Arm GNU Toolchain arm-none-eabi/13.2 Rel1/bin/../lib/gcc/arm-none-eabi/13.2.1/thumb/v7e-m+fp/hard\libc_nano.a(libc_a-ctype_.o)
                0x08006918                _ctype_
                0x08006a1c                        . = ALIGN (0x4)
 *fill*         0x08006a19        0x3 

.ARM.extab      0x08006a1c       0x24
 *(.ARM.extab* .gnu.linkonce.armextab.*)
 .ARM.extab.text.init_Robot
                0x08006a1c        0xc build/Robot.o
 .ARM.extab.text.HAL_UART_ErrorCallback
                0x08006a28        0xc build/Robot.o
 .ARM.extab.text._ZN5Bno084initEv
                0x08006a34        0xc build/bno08.o
 .ARM.extab.text._ZN5Bno0814parse_imu_dataEv
                0x08006a40        0x0 build/bno08.o

.ARM            0x08006a40       0xd0
                0x08006a40                        __exidx_start = .
 *(.ARM.exidx*)
 .ARM.exidx     0x08006a40        0x8 C:/Program Files (x86)/Arm GNU Toolchain arm-none-eabi/13.2 Rel1/bin/../lib/gcc/arm-none-eabi/13.2.1/thumb/v7e-m+fp/hard\libc_nano.a(libc_a-memchr.o)
 .ARM.exidx     0x08006a48        0x0 C:/Program Files (x86)/Arm GNU Toolchain arm-none-eabi/13.2 Rel1/bin/../lib/gcc/arm-none-eabi/13.2.1/thumb/v7e-m+fp/hard\libc_nano.a(libc_a-strlen.o)
                                  0x8 (size before relaxing)
 .ARM.exidx.text._Z41__static_initialization_and_destruction_0v
                0x08006a48        0x0 build/Robot.o
                                  0x8 (size before relaxing)
 .ARM.exidx.text.init_Robot
                0x08006a48        0x8 build/Robot.o
 .ARM.exidx.text.operate_Robot
                0x08006a50        0x8 build/Robot.o
 .ARM.exidx.text.HAL_UART_RxCpltCallback
                0x08006a58        0x8 build/Robot.o
 .ARM.exidx.text.HAL_UART_ErrorCallback
                0x08006a60        0x8 build/Robot.o
 .ARM.exidx.text._GLOBAL__sub_I_imu
                0x08006a68        0x8 build/Robot.o
 .ARM.exidx.text._ZN5Bno084initEv
                0x08006a70        0x8 build/bno08.o
 .ARM.exidx.text._ZN5Bno0814parse_imu_dataEv
                0x08006a78        0x8 build/bno08.o
 .ARM.exidx.text._ZN5Bno0811rx_callbackEv
                0x08006a80       0x10 build/bno08.o
                                  0x8 (size before relaxing)
 .ARM.exidx.text.__udivmoddi4
                0x08006a90        0x0 C:/Program Files (x86)/Arm GNU Toolchain arm-none-eabi/13.2 Rel1/bin/../lib/gcc/arm-none-eabi/13.2.1/thumb/v7e-m+fp/hard\libgcc.a(_udivmoddi4.o)
                                  0x8 (size before relaxing)
 .ARM.exidx.text.selfrel_offset31
                0x08006a90        0x0 C:/Program Files (x86)/Arm GNU Toolchain arm-none-eabi/13.2 Rel1/bin/../lib/gcc/arm-none-eabi/13.2.1/thumb/v7e-m+fp/hard\libgcc.a(unwind-arm.o)
                                  0x8 (size before relaxing)
 .ARM.exidx.text.search_EIT_table
                0x08006a90        0x0 C:/Program Files (x86)/Arm GNU Toolchain arm-none-eabi/13.2 Rel1/bin/../lib/gcc/arm-none-eabi/13.2.1/thumb/v7e-m+fp/hard\libgcc.a(unwind-arm.o)
                                  0x8 (size before relaxing)
 .ARM.exidx.text.__gnu_unwind_get_pr_addr
                0x08006a90        0x0 C:/Program Files (x86)/Arm GNU Toolchain arm-none-eabi/13.2 Rel1/bin/../lib/gcc/arm-none-eabi/13.2.1/thumb/v7e-m+fp/hard\libgcc.a(unwind-arm.o)
                                  0x8 (size before relaxing)
 .ARM.exidx.text.get_eit_entry
                0x08006a90        0x8 C:/Program Files (x86)/Arm GNU Toolchain arm-none-eabi/13.2 Rel1/bin/../lib/gcc/arm-none-eabi/13.2.1/thumb/v7e-m+fp/hard\libgcc.a(unwind-arm.o)
 .ARM.exidx.text.restore_non_core_regs
                0x08006a98        0x8 C:/Program Files (x86)/Arm GNU Toolchain arm-none-eabi/13.2 Rel1/bin/../lib/gcc/arm-none-eabi/13.2.1/thumb/v7e-m+fp/hard\libgcc.a(unwind-arm.o)
 .ARM.exidx.text._Unwind_decode_typeinfo_ptr.constprop.0
                0x08006aa0        0x8 C:/Program Files (x86)/Arm GNU Toolchain arm-none-eabi/13.2 Rel1/bin/../lib/gcc/arm-none-eabi/13.2.1/thumb/v7e-m+fp/hard\libgcc.a(unwind-arm.o)
 .ARM.exidx.text._Unwind_DebugHook
                0x08006aa8        0x0 C:/Program Files (x86)/Arm GNU Toolchain arm-none-eabi/13.2 Rel1/bin/../lib/gcc/arm-none-eabi/13.2.1/thumb/v7e-m+fp/hard\libgcc.a(unwind-arm.o)
                                  0x8 (size before relaxing)
 .ARM.exidx.text.unwind_phase2
                0x08006aa8        0x8 C:/Program Files (x86)/Arm GNU Toolchain arm-none-eabi/13.2 Rel1/bin/../lib/gcc/arm-none-eabi/13.2.1/thumb/v7e-m+fp/hard\libgcc.a(unwind-arm.o)
 .ARM.exidx.text.unwind_phase2_forced
                0x08006ab0        0x8 C:/Program Files (x86)/Arm GNU Toolchain arm-none-eabi/13.2 Rel1/bin/../lib/gcc/arm-none-eabi/13.2.1/thumb/v7e-m+fp/hard\libgcc.a(unwind-arm.o)
 .ARM.exidx.text.__gnu_Unwind_RaiseException
                0x08006ab8        0x8 C:/Program Files (x86)/Arm GNU Toolchain arm-none-eabi/13.2 Rel1/bin/../lib/gcc/arm-none-eabi/13.2.1/thumb/v7e-m+fp/hard\libgcc.a(unwind-arm.o)
 .ARM.exidx.text.__gnu_Unwind_ForcedUnwind
                0x08006ac0        0x8 C:/Program Files (x86)/Arm GNU Toolchain arm-none-eabi/13.2 Rel1/bin/../lib/gcc/arm-none-eabi/13.2.1/thumb/v7e-m+fp/hard\libgcc.a(unwind-arm.o)
 .ARM.exidx.text.__gnu_Unwind_Resume
                0x08006ac8        0x8 C:/Program Files (x86)/Arm GNU Toolchain arm-none-eabi/13.2 Rel1/bin/../lib/gcc/arm-none-eabi/13.2.1/thumb/v7e-m+fp/hard\libgcc.a(unwind-arm.o)
 .ARM.exidx.text.__gnu_Unwind_Resume_or_Rethrow
                0x08006ad0        0x8 C:/Program Files (x86)/Arm GNU Toolchain arm-none-eabi/13.2 Rel1/bin/../lib/gcc/arm-none-eabi/13.2.1/thumb/v7e-m+fp/hard\libgcc.a(unwind-arm.o)
 .ARM.exidx.text._Unwind_VRS_Get
                0x08006ad8        0x0 C:/Program Files (x86)/Arm GNU Toolchain arm-none-eabi/13.2 Rel1/bin/../lib/gcc/arm-none-eabi/13.2.1/thumb/v7e-m+fp/hard\libgcc.a(unwind-arm.o)
                                  0x8 (size before relaxing)
 .ARM.exidx.text._Unwind_GetGR
                0x08006ad8        0x0 C:/Program Files (x86)/Arm GNU Toolchain arm-none-eabi/13.2 Rel1/bin/../lib/gcc/arm-none-eabi/13.2.1/thumb/v7e-m+fp/hard\libgcc.a(unwind-arm.o)
                                  0x8 (size before relaxing)
 .ARM.exidx.text._Unwind_VRS_Set
                0x08006ad8        0x0 C:/Program Files (x86)/Arm GNU Toolchain arm-none-eabi/13.2 Rel1/bin/../lib/gcc/arm-none-eabi/13.2.1/thumb/v7e-m+fp/hard\libgcc.a(unwind-arm.o)
                                  0x8 (size before relaxing)
 .ARM.exidx.text._Unwind_SetGR
                0x08006ad8        0x0 C:/Program Files (x86)/Arm GNU Toolchain arm-none-eabi/13.2 Rel1/bin/../lib/gcc/arm-none-eabi/13.2.1/thumb/v7e-m+fp/hard\libgcc.a(unwind-arm.o)
                                  0x8 (size before relaxing)
 .ARM.exidx.text.__gnu_Unwind_Backtrace
                0x08006ad8        0x8 C:/Program Files (x86)/Arm GNU Toolchain arm-none-eabi/13.2 Rel1/bin/../lib/gcc/arm-none-eabi/13.2.1/thumb/v7e-m+fp/hard\libgcc.a(unwind-arm.o)
 .ARM.exidx.text.__gnu_unwind_pr_common
                0x08006ae0        0x8 C:/Program Files (x86)/Arm GNU Toolchain arm-none-eabi/13.2 Rel1/bin/../lib/gcc/arm-none-eabi/13.2.1/thumb/v7e-m+fp/hard\libgcc.a(unwind-arm.o)
 .ARM.exidx.text.__aeabi_unwind_cpp_pr0
                0x08006ae8        0x8 C:/Program Files (x86)/Arm GNU Toolchain arm-none-eabi/13.2 Rel1/bin/../lib/gcc/arm-none-eabi/13.2.1/thumb/v7e-m+fp/hard\libgcc.a(unwind-arm.o)
 .ARM.exidx.text.__aeabi_unwind_cpp_pr1
                0x08006af0        0x0 C:/Program Files (x86)/Arm GNU Toolchain arm-none-eabi/13.2 Rel1/bin/../lib/gcc/arm-none-eabi/13.2.1/thumb/v7e-m+fp/hard\libgcc.a(unwind-arm.o)
                                  0x8 (size before relaxing)
 .ARM.exidx.text.__aeabi_unwind_cpp_pr2
                0x08006af0        0x0 C:/Program Files (x86)/Arm GNU Toolchain arm-none-eabi/13.2 Rel1/bin/../lib/gcc/arm-none-eabi/13.2.1/thumb/v7e-m+fp/hard\libgcc.a(unwind-arm.o)
                                  0x8 (size before relaxing)
 .ARM.exidx.text._Unwind_VRS_Pop
                0x08006af0        0x8 C:/Program Files (x86)/Arm GNU Toolchain arm-none-eabi/13.2 Rel1/bin/../lib/gcc/arm-none-eabi/13.2.1/thumb/v7e-m+fp/hard\libgcc.a(unwind-arm.o)
 .ARM.exidx.text.next_unwind_byte
                0x08006af8        0x8 C:/Program Files (x86)/Arm GNU Toolchain arm-none-eabi/13.2 Rel1/bin/../lib/gcc/arm-none-eabi/13.2.1/thumb/v7e-m+fp/hard\libgcc.a(pr-support.o)
 .ARM.exidx.text.__gnu_unwind_execute
                0x08006b00       0x10 C:/Program Files (x86)/Arm GNU Toolchain arm-none-eabi/13.2 Rel1/bin/../lib/gcc/arm-none-eabi/13.2.1/thumb/v7e-m+fp/hard\libgcc.a(pr-support.o)
                                  0x8 (size before relaxing)
                0x08006b10                        __exidx_end = .

.rel.dyn        0x08006b10        0x0
 .rel.iplt      0x08006b10        0x0 C:/Program Files (x86)/Arm GNU Toolchain arm-none-eabi/13.2 Rel1/bin/../lib/gcc/arm-none-eabi/13.2.1/thumb/v7e-m+fp/hard/crtbegin.o

.preinit_array  0x08006b10        0x0
                0x08006b10                        PROVIDE (__preinit_array_start = .)
 *(.preinit_array*)
                0x08006b10                        PROVIDE (__preinit_array_end = .)

.init_array     0x08006b10        0x8
                0x08006b10                        PROVIDE (__init_array_start = .)
 *(SORT_BY_NAME(.init_array.*))
 *(.init_array*)
 .init_array    0x08006b10        0x4 C:/Program Files (x86)/Arm GNU Toolchain arm-none-eabi/13.2 Rel1/bin/../lib/gcc/arm-none-eabi/13.2.1/thumb/v7e-m+fp/hard/crtbegin.o
 .init_array    0x08006b14        0x4 build/Robot.o
                0x08006b18                        PROVIDE (__init_array_end = .)

.fini_array     0x08006b18        0x4
                [!provide]                        PROVIDE (__fini_array_start = .)
 *(SORT_BY_NAME(.fini_array.*))
 *(.fini_array*)
 .fini_array    0x08006b18        0x4 C:/Program Files (x86)/Arm GNU Toolchain arm-none-eabi/13.2 Rel1/bin/../lib/gcc/arm-none-eabi/13.2.1/thumb/v7e-m+fp/hard/crtbegin.o
                [!provide]                        PROVIDE (__fini_array_end = .)
                0x08006b1c                        _sidata = LOADADDR (.data)

.data           0x20000000      0x1d4 load address 0x08006b1c
                0x20000000                        . = ALIGN (0x4)
                0x20000000                        _sdata = .
 *(.data)
 *(.data*)
 .data.uwTickFreq
                0x20000000        0x1 build/stm32f4xx_hal.o
                0x20000000                uwTickFreq
 *fill*         0x20000001        0x3 
 .data.uwTickPrio
                0x20000004        0x4 build/stm32f4xx_hal.o
                0x20000004                uwTickPrio
 .data.SystemCoreClock
                0x20000008        0x4 build/system_stm32f4xx.o
                0x20000008                SystemCoreClock
 .data.__sglue  0x2000000c        0xc C:/Program Files (x86)/Arm GNU Toolchain arm-none-eabi/13.2 Rel1/bin/../lib/gcc/arm-none-eabi/13.2.1/thumb/v7e-m+fp/hard\libc_nano.a(libc_a-findfp.o)
                0x2000000c                __sglue
 .data._impure_ptr
                0x20000018        0x4 C:/Program Files (x86)/Arm GNU Toolchain arm-none-eabi/13.2 Rel1/bin/../lib/gcc/arm-none-eabi/13.2.1/thumb/v7e-m+fp/hard\libc_nano.a(libc_a-impure.o)
                0x20000018                _impure_ptr
 .data._impure_data
                0x2000001c       0x4c C:/Program Files (x86)/Arm GNU Toolchain arm-none-eabi/13.2 Rel1/bin/../lib/gcc/arm-none-eabi/13.2.1/thumb/v7e-m+fp/hard\libc_nano.a(libc_a-impure.o)
                0x2000001c                _impure_data
 .data.__global_locale
                0x20000068      0x16c C:/Program Files (x86)/Arm GNU Toolchain arm-none-eabi/13.2 Rel1/bin/../lib/gcc/arm-none-eabi/13.2.1/thumb/v7e-m+fp/hard\libc_nano.a(libc_a-locale.o)
                0x20000068                __global_locale
                0x200001d4                        . = ALIGN (0x4)
                0x200001d4                        _edata = .
                0x08006cf0                        _siccmram = LOADADDR (.ccmram)

.tm_clone_table
                0x200001d4        0x0 load address 0x08006cf0
 .tm_clone_table
                0x200001d4        0x0 C:/Program Files (x86)/Arm GNU Toolchain arm-none-eabi/13.2 Rel1/bin/../lib/gcc/arm-none-eabi/13.2.1/thumb/v7e-m+fp/hard/crtbegin.o
 .tm_clone_table
                0x200001d4        0x0 C:/Program Files (x86)/Arm GNU Toolchain arm-none-eabi/13.2 Rel1/bin/../lib/gcc/arm-none-eabi/13.2.1/thumb/v7e-m+fp/hard/crtend.o

.igot.plt       0x200001d4        0x0 load address 0x08006cf0
 .igot.plt      0x200001d4        0x0 C:/Program Files (x86)/Arm GNU Toolchain arm-none-eabi/13.2 Rel1/bin/../lib/gcc/arm-none-eabi/13.2.1/thumb/v7e-m+fp/hard/crtbegin.o

.ccmram         0x10000000        0x0 load address 0x08006cf0
                0x10000000                        . = ALIGN (0x4)
                0x10000000                        _sccmram = .
 *(.ccmram)
 *(.ccmram*)
                0x10000000                        . = ALIGN (0x4)
                0x10000000                        _eccmram = .
                0x10000000                        . = ALIGN (0x4)

.bss            0x200001d4      0x2bc
                0x200001d4                        _sbss = .
                0x200001d4                        __bss_start__ = _sbss
 *(.bss)
 *(.bss*)
 .bss.completed.1
                0x200001d4        0x1 C:/Program Files (x86)/Arm GNU Toolchain arm-none-eabi/13.2 Rel1/bin/../lib/gcc/arm-none-eabi/13.2.1/thumb/v7e-m+fp/hard/crtbegin.o
 *fill*         0x200001d5        0x3 
 .bss.object.0  0x200001d8       0x18 C:/Program Files (x86)/Arm GNU Toolchain arm-none-eabi/13.2 Rel1/bin/../lib/gcc/arm-none-eabi/13.2.1/thumb/v7e-m+fp/hard/crtbegin.o
 .bss.hdma_usart3_tx
                0x200001f0       0x60 build/usart.o
                0x200001f0                hdma_usart3_tx
 .bss.hdma_usart3_rx
                0x20000250       0x60 build/usart.o
                0x20000250                hdma_usart3_rx
 .bss.huart3    0x200002b0       0x48 build/usart.o
                0x200002b0                huart3
 .bss.uwTick    0x200002f8        0x4 build/stm32f4xx_hal.o
                0x200002f8                uwTick
 .bss.__sbrk_heap_end
                0x200002fc        0x4 build/sysmem.o
 .bss.callback_tick
                0x20000300        0x4 build/Robot.o
                0x20000300                callback_tick
 .bss.last_led  0x20000304        0x4 build/Robot.o
                0x20000304                last_led
 .bss.last_tick
                0x20000308        0x4 build/Robot.o
                0x20000308                last_tick
 .bss.imu       0x2000030c       0x38 build/Robot.o
                0x2000030c                imu
 .bss.__sf      0x20000344      0x138 C:/Program Files (x86)/Arm GNU Toolchain arm-none-eabi/13.2 Rel1/bin/../lib/gcc/arm-none-eabi/13.2.1/thumb/v7e-m+fp/hard\libc_nano.a(libc_a-findfp.o)
                0x20000344                __sf
 .bss.__stdio_exit_handler
                0x2000047c        0x4 C:/Program Files (x86)/Arm GNU Toolchain arm-none-eabi/13.2 Rel1/bin/../lib/gcc/arm-none-eabi/13.2.1/thumb/v7e-m+fp/hard\libc_nano.a(libc_a-findfp.o)
                0x2000047c                __stdio_exit_handler
 .bss.errno     0x20000480        0x4 C:/Program Files (x86)/Arm GNU Toolchain arm-none-eabi/13.2 Rel1/bin/../lib/gcc/arm-none-eabi/13.2.1/thumb/v7e-m+fp/hard\libc_nano.a(libc_a-reent.o)
                0x20000480                errno
 .bss.__lock___malloc_recursive_mutex
                0x20000484        0x1 C:/Program Files (x86)/Arm GNU Toolchain arm-none-eabi/13.2 Rel1/bin/../lib/gcc/arm-none-eabi/13.2.1/thumb/v7e-m+fp/hard\libc_nano.a(libc_a-lock.o)
                0x20000484                __lock___malloc_recursive_mutex
 .bss.__lock___sfp_recursive_mutex
                0x20000485        0x1 C:/Program Files (x86)/Arm GNU Toolchain arm-none-eabi/13.2 Rel1/bin/../lib/gcc/arm-none-eabi/13.2.1/thumb/v7e-m+fp/hard\libc_nano.a(libc_a-lock.o)
                0x20000485                __lock___sfp_recursive_mutex
 *fill*         0x20000486        0x2 
 .bss.__malloc_sbrk_start
                0x20000488        0x4 C:/Program Files (x86)/Arm GNU Toolchain arm-none-eabi/13.2 Rel1/bin/../lib/gcc/arm-none-eabi/13.2.1/thumb/v7e-m+fp/hard\libc_nano.a(libc_a-mallocr.o)
                0x20000488                __malloc_sbrk_start
 .bss.__malloc_free_list
                0x2000048c        0x4 C:/Program Files (x86)/Arm GNU Toolchain arm-none-eabi/13.2 Rel1/bin/../lib/gcc/arm-none-eabi/13.2.1/thumb/v7e-m+fp/hard\libc_nano.a(libc_a-mallocr.o)
                0x2000048c                __malloc_free_list
 *(COMMON)
                0x20000490                        . = ALIGN (0x4)
                0x20000490                        _ebss = .
                0x20000490                        __bss_end__ = _ebss

._user_heap_stack
                0x20000490      0x600
                0x20000490                        . = ALIGN (0x8)
                [!provide]                        PROVIDE (end = .)
                0x20000490                        PROVIDE (_end = .)
                0x20000690                        . = (. + _Min_Heap_Size)
 *fill*         0x20000490      0x200 
                0x20000a90                        . = (. + _Min_Stack_Size)
 *fill*         0x20000690      0x400 
                0x20000a90                        . = ALIGN (0x8)

/DISCARD/
 libc.a(*)
 libm.a(*)
 libgcc.a(*)

.ARM.attributes
                0x00000000       0x30
 *(.ARM.attributes)
 .ARM.attributes
                0x00000000       0x22 C:/Program Files (x86)/Arm GNU Toolchain arm-none-eabi/13.2 Rel1/bin/../lib/gcc/arm-none-eabi/13.2.1/thumb/v7e-m+fp/hard/crti.o
 .ARM.attributes
                0x00000022       0x34 C:/Program Files (x86)/Arm GNU Toolchain arm-none-eabi/13.2 Rel1/bin/../lib/gcc/arm-none-eabi/13.2.1/thumb/v7e-m+fp/hard/crtbegin.o
 .ARM.attributes
                0x00000056       0x34 build/main.o
 .ARM.attributes
                0x0000008a       0x34 build/gpio.o
 .ARM.attributes
                0x000000be       0x34 build/dma.o
 .ARM.attributes
                0x000000f2       0x34 build/usart.o
 .ARM.attributes
                0x00000126       0x34 build/stm32f4xx_it.o
 .ARM.attributes
                0x0000015a       0x34 build/stm32f4xx_hal_msp.o
 .ARM.attributes
                0x0000018e       0x34 build/stm32f4xx_hal_uart.o
 .ARM.attributes
                0x000001c2       0x34 build/stm32f4xx_hal_rcc.o
 .ARM.attributes
                0x000001f6       0x34 build/stm32f4xx_hal_gpio.o
 .ARM.attributes
                0x0000022a       0x34 build/stm32f4xx_hal_dma.o
 .ARM.attributes
                0x0000025e       0x34 build/stm32f4xx_hal_cortex.o
 .ARM.attributes
                0x00000292       0x34 build/stm32f4xx_hal.o
 .ARM.attributes
                0x000002c6       0x34 build/system_stm32f4xx.o
 .ARM.attributes
                0x000002fa       0x34 build/sysmem.o
 .ARM.attributes
                0x0000032e       0x34 build/syscalls.o
 .ARM.attributes
                0x00000362       0x21 build/startup_stm32f407xx.o
 .ARM.attributes
                0x00000383       0x34 build/Robot.o
 .ARM.attributes
                0x000003b7       0x34 build/bno08.o
 .ARM.attributes
                0x000003eb       0x34 C:/Program Files (x86)/Arm GNU Toolchain arm-none-eabi/13.2 Rel1/bin/../lib/gcc/arm-none-eabi/13.2.1/thumb/v7e-m+fp/hard\libc_nano.a(libc_a-nano-vfprintf_float.o)
 .ARM.attributes
                0x0000041f       0x34 C:/Program Files (x86)/Arm GNU Toolchain arm-none-eabi/13.2 Rel1/bin/../lib/gcc/arm-none-eabi/13.2.1/thumb/v7e-m+fp/hard\libc_nano.a(libc_a-nano-vfprintf_i.o)
 .ARM.attributes
                0x00000453       0x34 C:/Program Files (x86)/Arm GNU Toolchain arm-none-eabi/13.2 Rel1/bin/../lib/gcc/arm-none-eabi/13.2.1/thumb/v7e-m+fp/hard\libc_nano.a(libc_a-findfp.o)
 .ARM.attributes
                0x00000487       0x34 C:/Program Files (x86)/Arm GNU Toolchain arm-none-eabi/13.2 Rel1/bin/../lib/gcc/arm-none-eabi/13.2.1/thumb/v7e-m+fp/hard\libc_nano.a(libc_a-fwalk.o)
 .ARM.attributes
                0x000004bb       0x34 C:/Program Files (x86)/Arm GNU Toolchain arm-none-eabi/13.2 Rel1/bin/../lib/gcc/arm-none-eabi/13.2.1/thumb/v7e-m+fp/hard\libc_nano.a(libc_a-printf.o)
 .ARM.attributes
                0x000004ef       0x34 C:/Program Files (x86)/Arm GNU Toolchain arm-none-eabi/13.2 Rel1/bin/../lib/gcc/arm-none-eabi/13.2.1/thumb/v7e-m+fp/hard\libc_nano.a(libc_a-puts.o)
 .ARM.attributes
                0x00000523       0x34 C:/Program Files (x86)/Arm GNU Toolchain arm-none-eabi/13.2 Rel1/bin/../lib/gcc/arm-none-eabi/13.2.1/thumb/v7e-m+fp/hard\libc_nano.a(libc_a-stdio.o)
 .ARM.attributes
                0x00000557       0x34 C:/Program Files (x86)/Arm GNU Toolchain arm-none-eabi/13.2 Rel1/bin/../lib/gcc/arm-none-eabi/13.2.1/thumb/v7e-m+fp/hard\libc_nano.a(libc_a-wbuf.o)
 .ARM.attributes
                0x0000058b       0x34 C:/Program Files (x86)/Arm GNU Toolchain arm-none-eabi/13.2 Rel1/bin/../lib/gcc/arm-none-eabi/13.2.1/thumb/v7e-m+fp/hard\libc_nano.a(libc_a-wsetup.o)
 .ARM.attributes
                0x000005bf       0x34 C:/Program Files (x86)/Arm GNU Toolchain arm-none-eabi/13.2 Rel1/bin/../lib/gcc/arm-none-eabi/13.2.1/thumb/v7e-m+fp/hard\libc_nano.a(libc_a-memset.o)
 .ARM.attributes
                0x000005f3       0x34 C:/Program Files (x86)/Arm GNU Toolchain arm-none-eabi/13.2 Rel1/bin/../lib/gcc/arm-none-eabi/13.2.1/thumb/v7e-m+fp/hard\libc_nano.a(libc_a-localeconv.o)
 .ARM.attributes
                0x00000627       0x34 C:/Program Files (x86)/Arm GNU Toolchain arm-none-eabi/13.2 Rel1/bin/../lib/gcc/arm-none-eabi/13.2.1/thumb/v7e-m+fp/hard\libc_nano.a(libc_a-closer.o)
 .ARM.attributes
                0x0000065b       0x34 C:/Program Files (x86)/Arm GNU Toolchain arm-none-eabi/13.2 Rel1/bin/../lib/gcc/arm-none-eabi/13.2.1/thumb/v7e-m+fp/hard\libc_nano.a(libc_a-reent.o)
 .ARM.attributes
                0x0000068f       0x34 C:/Program Files (x86)/Arm GNU Toolchain arm-none-eabi/13.2 Rel1/bin/../lib/gcc/arm-none-eabi/13.2.1/thumb/v7e-m+fp/hard\libc_nano.a(libc_a-impure.o)
 .ARM.attributes
                0x000006c3       0x34 C:/Program Files (x86)/Arm GNU Toolchain arm-none-eabi/13.2 Rel1/bin/../lib/gcc/arm-none-eabi/13.2.1/thumb/v7e-m+fp/hard\libc_nano.a(libc_a-lseekr.o)
 .ARM.attributes
                0x000006f7       0x34 C:/Program Files (x86)/Arm GNU Toolchain arm-none-eabi/13.2 Rel1/bin/../lib/gcc/arm-none-eabi/13.2.1/thumb/v7e-m+fp/hard\libc_nano.a(libc_a-readr.o)
 .ARM.attributes
                0x0000072b       0x34 C:/Program Files (x86)/Arm GNU Toolchain arm-none-eabi/13.2 Rel1/bin/../lib/gcc/arm-none-eabi/13.2.1/thumb/v7e-m+fp/hard\libc_nano.a(libc_a-writer.o)
 .ARM.attributes
                0x0000075f       0x34 C:/Program Files (x86)/Arm GNU Toolchain arm-none-eabi/13.2 Rel1/bin/../lib/gcc/arm-none-eabi/13.2.1/thumb/v7e-m+fp/hard\libc_nano.a(libc_a-errno.o)
 .ARM.attributes
                0x00000793       0x34 C:/Program Files (x86)/Arm GNU Toolchain arm-none-eabi/13.2 Rel1/bin/../lib/gcc/arm-none-eabi/13.2.1/thumb/v7e-m+fp/hard\libc_nano.a(libc_a-init.o)
 .ARM.attributes
                0x000007c7       0x34 C:/Program Files (x86)/Arm GNU Toolchain arm-none-eabi/13.2 Rel1/bin/../lib/gcc/arm-none-eabi/13.2.1/thumb/v7e-m+fp/hard\libc_nano.a(libc_a-lock.o)
 .ARM.attributes
                0x000007fb       0x1c C:/Program Files (x86)/Arm GNU Toolchain arm-none-eabi/13.2 Rel1/bin/../lib/gcc/arm-none-eabi/13.2.1/thumb/v7e-m+fp/hard\libc_nano.a(libc_a-memchr.o)
 .ARM.attributes
                0x00000817       0x17 C:/Program Files (x86)/Arm GNU Toolchain arm-none-eabi/13.2 Rel1/bin/../lib/gcc/arm-none-eabi/13.2.1/thumb/v7e-m+fp/hard\libc_nano.a(libc_a-strlen.o)
 .ARM.attributes
                0x0000082e       0x34 C:/Program Files (x86)/Arm GNU Toolchain arm-none-eabi/13.2 Rel1/bin/../lib/gcc/arm-none-eabi/13.2.1/thumb/v7e-m+fp/hard\libc_nano.a(libc_a-dtoa.o)
 .ARM.attributes
                0x00000862       0x34 C:/Program Files (x86)/Arm GNU Toolchain arm-none-eabi/13.2 Rel1/bin/../lib/gcc/arm-none-eabi/13.2.1/thumb/v7e-m+fp/hard\libc_nano.a(libc_a-freer.o)
 .ARM.attributes
                0x00000896       0x34 C:/Program Files (x86)/Arm GNU Toolchain arm-none-eabi/13.2 Rel1/bin/../lib/gcc/arm-none-eabi/13.2.1/thumb/v7e-m+fp/hard\libc_nano.a(libc_a-malloc.o)
 .ARM.attributes
                0x000008ca       0x34 C:/Program Files (x86)/Arm GNU Toolchain arm-none-eabi/13.2 Rel1/bin/../lib/gcc/arm-none-eabi/13.2.1/thumb/v7e-m+fp/hard\libc_nano.a(libc_a-mallocr.o)
 .ARM.attributes
                0x000008fe       0x34 C:/Program Files (x86)/Arm GNU Toolchain arm-none-eabi/13.2 Rel1/bin/../lib/gcc/arm-none-eabi/13.2.1/thumb/v7e-m+fp/hard\libc_nano.a(libc_a-mlock.o)
 .ARM.attributes
                0x00000932       0x34 C:/Program Files (x86)/Arm GNU Toolchain arm-none-eabi/13.2 Rel1/bin/../lib/gcc/arm-none-eabi/13.2.1/thumb/v7e-m+fp/hard\libc_nano.a(libc_a-mprec.o)
 .ARM.attributes
                0x00000966       0x34 C:/Program Files (x86)/Arm GNU Toolchain arm-none-eabi/13.2 Rel1/bin/../lib/gcc/arm-none-eabi/13.2.1/thumb/v7e-m+fp/hard\libc_nano.a(libc_a-nano-vfprintf.o)
 .ARM.attributes
                0x0000099a       0x34 C:/Program Files (x86)/Arm GNU Toolchain arm-none-eabi/13.2 Rel1/bin/../lib/gcc/arm-none-eabi/13.2.1/thumb/v7e-m+fp/hard\libc_nano.a(libc_a-fflush.o)
 .ARM.attributes
                0x000009ce       0x34 C:/Program Files (x86)/Arm GNU Toolchain arm-none-eabi/13.2 Rel1/bin/../lib/gcc/arm-none-eabi/13.2.1/thumb/v7e-m+fp/hard\libc_nano.a(libc_a-makebuf.o)
 .ARM.attributes
                0x00000a02       0x34 C:/Program Files (x86)/Arm GNU Toolchain arm-none-eabi/13.2 Rel1/bin/../lib/gcc/arm-none-eabi/13.2.1/thumb/v7e-m+fp/hard\libc_nano.a(libc_a-locale.o)
 .ARM.attributes
                0x00000a36       0x34 C:/Program Files (x86)/Arm GNU Toolchain arm-none-eabi/13.2 Rel1/bin/../lib/gcc/arm-none-eabi/13.2.1/thumb/v7e-m+fp/hard\libc_nano.a(libc_a-fstatr.o)
 .ARM.attributes
                0x00000a6a       0x34 C:/Program Files (x86)/Arm GNU Toolchain arm-none-eabi/13.2 Rel1/bin/../lib/gcc/arm-none-eabi/13.2.1/thumb/v7e-m+fp/hard\libc_nano.a(libc_a-isattyr.o)
 .ARM.attributes
                0x00000a9e       0x34 C:/Program Files (x86)/Arm GNU Toolchain arm-none-eabi/13.2 Rel1/bin/../lib/gcc/arm-none-eabi/13.2.1/thumb/v7e-m+fp/hard\libc_nano.a(libc_a-sbrkr.o)
 .ARM.attributes
                0x00000ad2       0x34 C:/Program Files (x86)/Arm GNU Toolchain arm-none-eabi/13.2 Rel1/bin/../lib/gcc/arm-none-eabi/13.2.1/thumb/v7e-m+fp/hard\libc_nano.a(libc_a-memcpy-stub.o)
 .ARM.attributes
                0x00000b06       0x34 C:/Program Files (x86)/Arm GNU Toolchain arm-none-eabi/13.2 Rel1/bin/../lib/gcc/arm-none-eabi/13.2.1/thumb/v7e-m+fp/hard\libc_nano.a(libc_a-assert.o)
 .ARM.attributes
                0x00000b3a       0x34 C:/Program Files (x86)/Arm GNU Toolchain arm-none-eabi/13.2 Rel1/bin/../lib/gcc/arm-none-eabi/13.2.1/thumb/v7e-m+fp/hard\libc_nano.a(libc_a-callocr.o)
 .ARM.attributes
                0x00000b6e       0x34 C:/Program Files (x86)/Arm GNU Toolchain arm-none-eabi/13.2 Rel1/bin/../lib/gcc/arm-none-eabi/13.2.1/thumb/v7e-m+fp/hard\libc_nano.a(libc_a-mbtowc_r.o)
 .ARM.attributes
                0x00000ba2       0x34 C:/Program Files (x86)/Arm GNU Toolchain arm-none-eabi/13.2 Rel1/bin/../lib/gcc/arm-none-eabi/13.2.1/thumb/v7e-m+fp/hard\libc_nano.a(libc_a-wctomb_r.o)
 .ARM.attributes
                0x00000bd6       0x34 C:/Program Files (x86)/Arm GNU Toolchain arm-none-eabi/13.2 Rel1/bin/../lib/gcc/arm-none-eabi/13.2.1/thumb/v7e-m+fp/hard\libc_nano.a(libc_a-ctype_.o)
 .ARM.attributes
                0x00000c0a       0x34 C:/Program Files (x86)/Arm GNU Toolchain arm-none-eabi/13.2 Rel1/bin/../lib/gcc/arm-none-eabi/13.2.1/thumb/v7e-m+fp/hard\libc_nano.a(libc_a-fprintf.o)
 .ARM.attributes
                0x00000c3e       0x34 C:/Program Files (x86)/Arm GNU Toolchain arm-none-eabi/13.2 Rel1/bin/../lib/gcc/arm-none-eabi/13.2.1/thumb/v7e-m+fp/hard\libc_nano.a(libc_a-abort.o)
 .ARM.attributes
                0x00000c72       0x34 C:/Program Files (x86)/Arm GNU Toolchain arm-none-eabi/13.2 Rel1/bin/../lib/gcc/arm-none-eabi/13.2.1/thumb/v7e-m+fp/hard\libc_nano.a(libc_a-signal.o)
 .ARM.attributes
                0x00000ca6       0x34 C:/Program Files (x86)/Arm GNU Toolchain arm-none-eabi/13.2 Rel1/bin/../lib/gcc/arm-none-eabi/13.2.1/thumb/v7e-m+fp/hard\libc_nano.a(libc_a-signalr.o)
 .ARM.attributes
                0x00000cda       0x22 C:/Program Files (x86)/Arm GNU Toolchain arm-none-eabi/13.2 Rel1/bin/../lib/gcc/arm-none-eabi/13.2.1/thumb/v7e-m+fp/hard\libgcc.a(_arm_addsubdf3.o)
 .ARM.attributes
                0x00000cfc       0x22 C:/Program Files (x86)/Arm GNU Toolchain arm-none-eabi/13.2 Rel1/bin/../lib/gcc/arm-none-eabi/13.2.1/thumb/v7e-m+fp/hard\libgcc.a(_arm_muldivdf3.o)
 .ARM.attributes
                0x00000d1e       0x22 C:/Program Files (x86)/Arm GNU Toolchain arm-none-eabi/13.2 Rel1/bin/../lib/gcc/arm-none-eabi/13.2.1/thumb/v7e-m+fp/hard\libgcc.a(_arm_cmpdf2.o)
 .ARM.attributes
                0x00000d40       0x22 C:/Program Files (x86)/Arm GNU Toolchain arm-none-eabi/13.2 Rel1/bin/../lib/gcc/arm-none-eabi/13.2.1/thumb/v7e-m+fp/hard\libgcc.a(_arm_unorddf2.o)
 .ARM.attributes
                0x00000d62       0x22 C:/Program Files (x86)/Arm GNU Toolchain arm-none-eabi/13.2 Rel1/bin/../lib/gcc/arm-none-eabi/13.2.1/thumb/v7e-m+fp/hard\libgcc.a(_arm_fixdfsi.o)
 .ARM.attributes
                0x00000d84       0x22 C:/Program Files (x86)/Arm GNU Toolchain arm-none-eabi/13.2 Rel1/bin/../lib/gcc/arm-none-eabi/13.2.1/thumb/v7e-m+fp/hard\libgcc.a(_aeabi_uldivmod.o)
 .ARM.attributes
                0x00000da6       0x34 C:/Program Files (x86)/Arm GNU Toolchain arm-none-eabi/13.2 Rel1/bin/../lib/gcc/arm-none-eabi/13.2.1/thumb/v7e-m+fp/hard\libgcc.a(_udivmoddi4.o)
 .ARM.attributes
                0x00000dda       0x34 C:/Program Files (x86)/Arm GNU Toolchain arm-none-eabi/13.2 Rel1/bin/../lib/gcc/arm-none-eabi/13.2.1/thumb/v7e-m+fp/hard\libgcc.a(unwind-arm.o)
 .ARM.attributes
                0x00000e0e       0x22 C:/Program Files (x86)/Arm GNU Toolchain arm-none-eabi/13.2 Rel1/bin/../lib/gcc/arm-none-eabi/13.2.1/thumb/v7e-m+fp/hard\libgcc.a(libunwind.o)
 .ARM.attributes
                0x00000e30       0x34 C:/Program Files (x86)/Arm GNU Toolchain arm-none-eabi/13.2 Rel1/bin/../lib/gcc/arm-none-eabi/13.2.1/thumb/v7e-m+fp/hard\libgcc.a(pr-support.o)
 .ARM.attributes
                0x00000e64       0x22 C:/Program Files (x86)/Arm GNU Toolchain arm-none-eabi/13.2 Rel1/bin/../lib/gcc/arm-none-eabi/13.2.1/thumb/v7e-m+fp/hard\libgcc.a(_dvmd_tls.o)
 .ARM.attributes
                0x00000e86       0x34 C:/Program Files (x86)/Arm GNU Toolchain arm-none-eabi/13.2 Rel1/bin/../lib/gcc/arm-none-eabi/13.2.1/thumb/v7e-m+fp/hard/crtend.o
 .ARM.attributes
                0x00000eba       0x22 C:/Program Files (x86)/Arm GNU Toolchain arm-none-eabi/13.2 Rel1/bin/../lib/gcc/arm-none-eabi/13.2.1/thumb/v7e-m+fp/hard/crtn.o
OUTPUT(build/bno_test.elf elf32-littlearm)
LOAD linker stubs
LOAD C:/Program Files (x86)/Arm GNU Toolchain arm-none-eabi/13.2 Rel1/bin/../lib/gcc/arm-none-eabi/13.2.1/thumb/v7e-m+fp/hard\libc.a
LOAD C:/Program Files (x86)/Arm GNU Toolchain arm-none-eabi/13.2 Rel1/bin/../lib/gcc/arm-none-eabi/13.2.1/thumb/v7e-m+fp/hard\libm.a
LOAD C:/Program Files (x86)/Arm GNU Toolchain arm-none-eabi/13.2 Rel1/bin/../lib/gcc/arm-none-eabi/13.2.1/thumb/v7e-m+fp/hard\libgcc.a

.debug_info     0x00000000     0xd9b8
 .debug_info    0x00000000      0x9a5 build/main.o
 .debug_info    0x000009a5      0x511 build/gpio.o
 .debug_info    0x00000eb6      0x599 build/dma.o
 .debug_info    0x0000144f      0xe89 build/usart.o
 .debug_info    0x000022d8      0x7ca build/stm32f4xx_it.o
 .debug_info    0x00002aa2      0x314 build/stm32f4xx_hal_msp.o
 .debug_info    0x00002db6     0x439d build/stm32f4xx_hal_uart.o
 .debug_info    0x00007153      0xc0a build/stm32f4xx_hal_rcc.o
 .debug_info    0x00007d5d      0x848 build/stm32f4xx_hal_gpio.o
 .debug_info    0x000085a5      0xbce build/stm32f4xx_hal_dma.o
 .debug_info    0x00009173     0x11e0 build/stm32f4xx_hal_cortex.o
 .debug_info    0x0000a353      0xafa build/stm32f4xx_hal.o
 .debug_info    0x0000ae4d      0x5b3 build/system_stm32f4xx.o
 .debug_info    0x0000b400      0x18c build/sysmem.o
 .debug_info    0x0000b58c      0x848 build/syscalls.o
 .debug_info    0x0000bdd4       0x30 build/startup_stm32f407xx.o
 .debug_info    0x0000be04      0xf45 build/Robot.o
 .debug_info    0x0000cd49      0xc6f build/bno08.o

.debug_abbrev   0x00000000     0x2633
 .debug_abbrev  0x00000000      0x2bd build/main.o
 .debug_abbrev  0x000002bd      0x160 build/gpio.o
 .debug_abbrev  0x0000041d      0x12f build/dma.o
 .debug_abbrev  0x0000054c      0x240 build/usart.o
 .debug_abbrev  0x0000078c      0x172 build/stm32f4xx_it.o
 .debug_abbrev  0x000008fe       0xfd build/stm32f4xx_hal_msp.o
 .debug_abbrev  0x000009fb      0x36f build/stm32f4xx_hal_uart.o
 .debug_abbrev  0x00000d6a      0x2de build/stm32f4xx_hal_rcc.o
 .debug_abbrev  0x00001048      0x22b build/stm32f4xx_hal_gpio.o
 .debug_abbrev  0x00001273      0x2fe build/stm32f4xx_hal_dma.o
 .debug_abbrev  0x00001571      0x3ca build/stm32f4xx_hal_cortex.o
 .debug_abbrev  0x0000193b      0x244 build/stm32f4xx_hal.o
 .debug_abbrev  0x00001b7f      0x11b build/system_stm32f4xx.o
 .debug_abbrev  0x00001c9a       0xeb build/sysmem.o
 .debug_abbrev  0x00001d85      0x1e3 build/syscalls.o
 .debug_abbrev  0x00001f68       0x1d build/startup_stm32f407xx.o
 .debug_abbrev  0x00001f85      0x384 build/Robot.o
 .debug_abbrev  0x00002309      0x32a build/bno08.o

.debug_loc      0x00000000     0x861c
 .debug_loc     0x00000000      0x118 build/main.o
 .debug_loc     0x00000118       0x38 build/gpio.o
 .debug_loc     0x00000150       0x38 build/dma.o
 .debug_loc     0x00000188      0x101 build/usart.o
 .debug_loc     0x00000289       0x80 build/stm32f4xx_it.o
 .debug_loc     0x00000309       0x38 build/stm32f4xx_hal_msp.o
 .debug_loc     0x00000341     0x5001 build/stm32f4xx_hal_uart.o
 .debug_loc     0x00005342      0x720 build/stm32f4xx_hal_rcc.o
 .debug_loc     0x00005a62      0x60b build/stm32f4xx_hal_gpio.o
 .debug_loc     0x0000606d      0xe9a build/stm32f4xx_hal_dma.o
 .debug_loc     0x00006f07      0x8ff build/stm32f4xx_hal_cortex.o
 .debug_loc     0x00007806      0x1f9 build/stm32f4xx_hal.o
 .debug_loc     0x000079ff      0x181 build/system_stm32f4xx.o
 .debug_loc     0x00007b80       0x90 build/sysmem.o
 .debug_loc     0x00007c10      0x583 build/syscalls.o
 .debug_loc     0x00008193      0x21b build/Robot.o
 .debug_loc     0x000083ae      0x26e build/bno08.o

.debug_aranges  0x00000000      0x840
 .debug_aranges
                0x00000000       0x40 build/main.o
 .debug_aranges
                0x00000040       0x20 build/gpio.o
 .debug_aranges
                0x00000060       0x20 build/dma.o
 .debug_aranges
                0x00000080       0x30 build/usart.o
 .debug_aranges
                0x000000b0       0x78 build/stm32f4xx_it.o
 .debug_aranges
                0x00000128       0x20 build/stm32f4xx_hal_msp.o
 .debug_aranges
                0x00000148      0x208 build/stm32f4xx_hal_uart.o
 .debug_aranges
                0x00000350       0x88 build/stm32f4xx_hal_rcc.o
 .debug_aranges
                0x000003d8       0x58 build/stm32f4xx_hal_gpio.o
 .debug_aranges
                0x00000430       0x90 build/stm32f4xx_hal_dma.o
 .debug_aranges
                0x000004c0       0xf8 build/stm32f4xx_hal_cortex.o
 .debug_aranges
                0x000005b8       0xf0 build/stm32f4xx_hal.o
 .debug_aranges
                0x000006a8       0x28 build/system_stm32f4xx.o
 .debug_aranges
                0x000006d0       0x20 build/sysmem.o
 .debug_aranges
                0x000006f0       0xa8 build/syscalls.o
 .debug_aranges
                0x00000798       0x28 build/startup_stm32f407xx.o
 .debug_aranges
                0x000007c0       0x48 build/Robot.o
 .debug_aranges
                0x00000808       0x38 build/bno08.o

.debug_ranges   0x00000000      0x770
 .debug_ranges  0x00000000       0x30 build/main.o
 .debug_ranges  0x00000030       0x10 build/gpio.o
 .debug_ranges  0x00000040       0x10 build/dma.o
 .debug_ranges  0x00000050       0x20 build/usart.o
 .debug_ranges  0x00000070       0x68 build/stm32f4xx_it.o
 .debug_ranges  0x000000d8       0x10 build/stm32f4xx_hal_msp.o
 .debug_ranges  0x000000e8      0x210 build/stm32f4xx_hal_uart.o
 .debug_ranges  0x000002f8       0x90 build/stm32f4xx_hal_rcc.o
 .debug_ranges  0x00000388       0x48 build/stm32f4xx_hal_gpio.o
 .debug_ranges  0x000003d0       0x80 build/stm32f4xx_hal_dma.o
 .debug_ranges  0x00000450       0xe8 build/stm32f4xx_hal_cortex.o
 .debug_ranges  0x00000538       0xe0 build/stm32f4xx_hal.o
 .debug_ranges  0x00000618       0x18 build/system_stm32f4xx.o
 .debug_ranges  0x00000630       0x10 build/sysmem.o
 .debug_ranges  0x00000640       0x98 build/syscalls.o
 .debug_ranges  0x000006d8       0x20 build/startup_stm32f407xx.o
 .debug_ranges  0x000006f8       0x38 build/Robot.o
 .debug_ranges  0x00000730       0x40 build/bno08.o

.debug_line     0x00000000     0x8490
 .debug_line    0x00000000      0x3c5 build/main.o
 .debug_line    0x000003c5      0x1d8 build/gpio.o
 .debug_line    0x0000059d      0x1a1 build/dma.o
 .debug_line    0x0000073e      0x3d3 build/usart.o
 .debug_line    0x00000b11      0x2e4 build/stm32f4xx_it.o
 .debug_line    0x00000df5      0x1b2 build/stm32f4xx_hal_msp.o
 .debug_line    0x00000fa7     0x34dd build/stm32f4xx_hal_uart.o
 .debug_line    0x00004484      0xbde build/stm32f4xx_hal_rcc.o
 .debug_line    0x00005062      0x715 build/stm32f4xx_hal_gpio.o
 .debug_line    0x00005777      0xe53 build/stm32f4xx_hal_dma.o
 .debug_line    0x000065ca      0x84a build/stm32f4xx_hal_cortex.o
 .debug_line    0x00006e14      0x587 build/stm32f4xx_hal.o
 .debug_line    0x0000739b      0x26e build/system_stm32f4xx.o
 .debug_line    0x00007609      0x1f0 build/sysmem.o
 .debug_line    0x000077f9      0x3f8 build/syscalls.o
 .debug_line    0x00007bf1       0x73 build/startup_stm32f407xx.o
 .debug_line    0x00007c64      0x41b build/Robot.o