Archive member included to satisfy reference by file (symbol)

c:/Users/User/AppData/Roaming/Code/User/globalStorage/bmd.stm32-for-vscode/@xpack-dev-tools/arm-none-eabi-gcc/13.2.1-1.1.1/.content/bin/../lib/gcc/arm-none-eabi/13.2.1/../../../../arm-none-eabi/lib/thumb/v7e-m+fp/hard\libc_nano.a(libc_a-atexit.o)
                              c:/Users/User/AppData/Roaming/Code/User/globalStorage/bmd.stm32-for-vscode/@xpack-dev-tools/arm-none-eabi-gcc/13.2.1-1.1.1/.content/bin/../lib/gcc/arm-none-eabi/13.2.1/../../../../arm-none-eabi/lib/thumb/v7e-m+fp/hard/crt0.o (atexit)
c:/Users/User/AppData/Roaming/Code/User/globalStorage/bmd.stm32-for-vscode/@xpack-dev-tools/arm-none-eabi-gcc/13.2.1-1.1.1/.content/bin/../lib/gcc/arm-none-eabi/13.2.1/../../../../arm-none-eabi/lib/thumb/v7e-m+fp/hard\libc_nano.a(libc_a-exit.o)
                              c:/Users/User/AppData/Roaming/Code/User/globalStorage/bmd.stm32-for-vscode/@xpack-dev-tools/arm-none-eabi-gcc/13.2.1-1.1.1/.content/bin/../lib/gcc/arm-none-eabi/13.2.1/../../../../arm-none-eabi/lib/thumb/v7e-m+fp/hard/crt0.o (exit)
c:/Users/User/AppData/Roaming/Code/User/globalStorage/bmd.stm32-for-vscode/@xpack-dev-tools/arm-none-eabi-gcc/13.2.1-1.1.1/.content/bin/../lib/gcc/arm-none-eabi/13.2.1/../../../../arm-none-eabi/lib/thumb/v7e-m+fp/hard\libc_nano.a(libc_a-findfp.o)
                              c:/Users/User/AppData/Roaming/Code/User/globalStorage/bmd.stm32-for-vscode/@xpack-dev-tools/arm-none-eabi-gcc/13.2.1-1.1.1/.content/bin/../lib/gcc/arm-none-eabi/13.2.1/../../../../arm-none-eabi/lib/thumb/v7e-m+fp/hard\libc_nano.a(libc_a-exit.o) (__stdio_exit_handler)
c:/Users/User/AppData/Roaming/Code/User/globalStorage/bmd.stm32-for-vscode/@xpack-dev-tools/arm-none-eabi-gcc/13.2.1-1.1.1/.content/bin/../lib/gcc/arm-none-eabi/13.2.1/../../../../arm-none-eabi/lib/thumb/v7e-m+fp/hard\libc_nano.a(libc_a-fwalk.o)
                              c:/Users/User/AppData/Roaming/Code/User/globalStorage/bmd.stm32-for-vscode/@xpack-dev-tools/arm-none-eabi-gcc/13.2.1-1.1.1/.content/bin/../lib/gcc/arm-none-eabi/13.2.1/../../../../arm-none-eabi/lib/thumb/v7e-m+fp/hard\libc_nano.a(libc_a-findfp.o) (_fwalk_sglue)
c:/Users/User/AppData/Roaming/Code/User/globalStorage/bmd.stm32-for-vscode/@xpack-dev-tools/arm-none-eabi-gcc/13.2.1-1.1.1/.content/bin/../lib/gcc/arm-none-eabi/13.2.1/../../../../arm-none-eabi/lib/thumb/v7e-m+fp/hard\libc_nano.a(libc_a-stdio.o)
                              c:/Users/User/AppData/Roaming/Code/User/globalStorage/bmd.stm32-for-vscode/@xpack-dev-tools/arm-none-eabi-gcc/13.2.1-1.1.1/.content/bin/../lib/gcc/arm-none-eabi/13.2.1/../../../../arm-none-eabi/lib/thumb/v7e-m+fp/hard\libc_nano.a(libc_a-findfp.o) (__sread)
c:/Users/User/AppData/Roaming/Code/User/globalStorage/bmd.stm32-for-vscode/@xpack-dev-tools/arm-none-eabi-gcc/13.2.1-1.1.1/.content/bin/../lib/gcc/arm-none-eabi/13.2.1/../../../../arm-none-eabi/lib/thumb/v7e-m+fp/hard\libc_nano.a(libc_a-memset.o)
                              c:/Users/User/AppData/Roaming/Code/User/globalStorage/bmd.stm32-for-vscode/@xpack-dev-tools/arm-none-eabi-gcc/13.2.1-1.1.1/.content/bin/../lib/gcc/arm-none-eabi/13.2.1/../../../../arm-none-eabi/lib/thumb/v7e-m+fp/hard/crt0.o (memset)
c:/Users/User/AppData/Roaming/Code/User/globalStorage/bmd.stm32-for-vscode/@xpack-dev-tools/arm-none-eabi-gcc/13.2.1-1.1.1/.content/bin/../lib/gcc/arm-none-eabi/13.2.1/../../../../arm-none-eabi/lib/thumb/v7e-m+fp/hard\libc_nano.a(libc_a-closer.o)
                              c:/Users/User/AppData/Roaming/Code/User/globalStorage/bmd.stm32-for-vscode/@xpack-dev-tools/arm-none-eabi-gcc/13.2.1-1.1.1/.content/bin/../lib/gcc/arm-none-eabi/13.2.1/../../../../arm-none-eabi/lib/thumb/v7e-m+fp/hard\libc_nano.a(libc_a-stdio.o) (_close_r)
c:/Users/User/AppData/Roaming/Code/User/globalStorage/bmd.stm32-for-vscode/@xpack-dev-tools/arm-none-eabi-gcc/13.2.1-1.1.1/.content/bin/../lib/gcc/arm-none-eabi/13.2.1/../../../../arm-none-eabi/lib/thumb/v7e-m+fp/hard\libc_nano.a(libc_a-reent.o)
                              c:/Users/User/AppData/Roaming/Code/User/globalStorage/bmd.stm32-for-vscode/@xpack-dev-tools/arm-none-eabi-gcc/13.2.1-1.1.1/.content/bin/../lib/gcc/arm-none-eabi/13.2.1/../../../../arm-none-eabi/lib/thumb/v7e-m+fp/hard\libc_nano.a(libc_a-closer.o) (errno)
c:/Users/User/AppData/Roaming/Code/User/globalStorage/bmd.stm32-for-vscode/@xpack-dev-tools/arm-none-eabi-gcc/13.2.1-1.1.1/.content/bin/../lib/gcc/arm-none-eabi/13.2.1/../../../../arm-none-eabi/lib/thumb/v7e-m+fp/hard\libc_nano.a(libc_a-impure.o)
                              c:/Users/User/AppData/Roaming/Code/User/globalStorage/bmd.stm32-for-vscode/@xpack-dev-tools/arm-none-eabi-gcc/13.2.1-1.1.1/.content/bin/../lib/gcc/arm-none-eabi/13.2.1/../../../../arm-none-eabi/lib/thumb/v7e-m+fp/hard\libc_nano.a(libc_a-reent.o) (_impure_ptr)
[...]
Memory Configuration

Name             Origin             Length             Attributes
RAM              0x20000000         0x00020000         xrw
CCMRAM           0x10000000         0x00010000         xrw
FLASH            0x08000000         0x00100000         xr
*default*        0x00000000         0xffffffff

Linker script and memory map

LOAD c:/Users/User/AppData/Roaming/Code/User/globalStorage/bmd.stm32-for-vscode/@xpack-dev-tools/arm-none-eabi-gcc/13.2.1-1.1.1/.content/bin/../lib/gcc/arm-none-eabi/13.2.1/thumb/v7e-m+fp/hard/crti.o
LOAD c:/Users/User/AppData/Roaming/Code/User/globalStorage/bmd.stm32-for-vscode/@xpack-dev-tools/arm-none-eabi-gcc/13.2.1-1.1.1/.content/bin/../lib/gcc/arm-none-eabi/13.2.1/thumb/v7e-m+fp/hard/crtbegin.o
LOAD c:/Users/User/AppData/Roaming/Code/User/globalStorage/bmd.stm32-for-vscode/@xpack-dev-tools/arm-none-eabi-gcc/13.2.1-1.1.1/.content/bin/../lib/gcc/arm-none-eabi/13.2.1/../../../../arm-none-eabi/lib/thumb/v7e-m+fp/hard/crt0.o
LOAD build/main.o
LOAD build/stm32f4xx_hal_msp.o
LOAD build/stm32f4xx_it.o
LOAD build/syscalls.o
LOAD build/sysmem.o
LOAD build/system_stm32f4xx.o
LOAD build/stm32f4xx_hal.o
LOAD build/stm32f4xx_hal_cortex.o
LOAD build/stm32f4xx_hal_dma.o
LOAD build/stm32f4xx_hal_dma_ex.o
LOAD build/stm32f4xx_hal_exti.o
LOAD build/stm32f4xx_hal_flash.o
LOAD build/stm32f4xx_hal_flash_ex.o
LOAD build/stm32f4xx_hal_flash_ramfunc.o
LOAD build/stm32f4xx_hal_gpio.o
LOAD build/stm32f4xx_hal_pwr.o
LOAD build/stm32f4xx_hal_pwr_ex.o
LOAD build/stm32f4xx_hal_rcc.o
LOAD build/stm32f4xx_hal_rcc_ex.o
LOAD build/stm32f4xx_hal_tim.o
LOAD build/stm32f4xx_hal_tim_ex.o
LOAD build/startup_stm32f407xx.o
LOAD c:/Users/User/AppData/Roaming/Code/User/globalStorage/bmd.stm32-for-vscode/@xpack-dev-tools/arm-none-eabi-gcc/13.2.1-1.1.1/.content/bin/../lib/gcc/arm-none-eabi/13.2.1/../../../../arm-none-eabi/lib/thumb/v7e-m+fp/hard\libc_nano.a
LOAD c:/Users/User/AppData/Roaming/Code/User/globalStorage/bmd.stm32-for-vscode/@xpack-dev-tools/arm-none-eabi-gcc/13.2.1-1.1.1/.content/bin/../lib/gcc/arm-none-eabi/13.2.1/../../../../arm-none-eabi/lib/thumb/v7e-m+fp/hard\libm.a
LOAD c:/Users/User/AppData/Roaming/Code/User/globalStorage/bmd.stm32-for-vscode/@xpack-dev-tools/arm-none-eabi-gcc/13.2.1-1.1.1/.content/bin/../lib/gcc/arm-none-eabi/13.2.1/../../../../arm-none-eabi/lib/thumb/v7e-m+fp/hard\libnosys.a
START GROUP
LOAD c:/Users/User/AppData/Roaming/Code/User/globalStorage/bmd.stm32-for-vscode/@xpack-dev-tools/arm-none-eabi-gcc/13.2.1-1.1.1/.content/bin/../lib/gcc/arm-none-eabi/13.2.1/thumb/v7e-m+fp/hard\libgcc.a
LOAD c:/Users/User/AppData/Roaming/Code/User/globalStorage/bmd.stm32-for-vscode/@xpack-dev-tools/arm-none-eabi-gcc/13.2.1-1.1.1/.content/bin/../lib/gcc/arm-none-eabi/13.2.1/../../../../arm-none-eabi/lib/thumb/v7e-m+fp/hard\libc_nano.a
END GROUP
START GROUP
LOAD c:/Users/User/AppData/Roaming/Code/User/globalStorage/bmd.stm32-for-vscode/@xpack-dev-tools/arm-none-eabi-gcc/13.2.1-1.1.1/.content/bin/../lib/gcc/arm-none-eabi/13.2.1/thumb/v7e-m+fp/hard\libgcc.a
LOAD c:/Users/User/AppData/Roaming/Code/User/globalStorage/bmd.stm32-for-vscode/@xpack-dev-tools/arm-none-eabi-gcc/13.2.1-1.1.1/.content/bin/../lib/gcc/arm-none-eabi/13.2.1/../../../../arm-none-eabi/lib/thumb/v7e-m+fp/hard\libc_nano.a
END GROUP
LOAD c:/Users/User/AppData/Roaming/Code/User/globalStorage/bmd.stm32-for-vscode/@xpack-dev-tools/arm-none-eabi-gcc/13.2.1-1.1.1/.content/bin/../lib/gcc/arm-none-eabi/13.2.1/thumb/v7e-m+fp/hard/crtend.o
LOAD c:/Users/User/AppData/Roaming/Code/User/globalStorage/bmd.stm32-for-vscode/@xpack-dev-tools/arm-none-eabi-gcc/13.2.1-1.1.1/.content/bin/../lib/gcc/arm-none-eabi/13.2.1/thumb/v7e-m+fp/hard/crtn.o
                0x20020000                        _estack = (ORIGIN (RAM) + LENGTH (RAM))
                0x00000200                        _Min_Heap_Size = 0x200
                0x00000400                        _Min_Stack_Size = 0x400

.isr_vector     0x08000000      0x188
                0x08000000                        . = ALIGN (0x4)
 *(.isr_vector)
 .isr_vector    0x08000000      0x188 build/startup_stm32f407xx.o
                0x08000000                g_pfnVectors
                0x08000188                        . = ALIGN (0x4)

.text           0x08000188      0xf98
                0x08000188                        . = ALIGN (0x4)
 *(.text)
 .text          0x08000188       0x30 c:/Users/User/AppData/Roaming/Code/User/globalStorage/bmd.stm32-for-vscode/@xpack-dev-tools/arm-none-eabi-gcc/13.2.1-1.1.1/.content/bin/../lib/gcc/arm-none-eabi/13.2.1/thumb/v7e-m+fp/hard\libgcc.a(_aeabi_uldivmod.o)
                0x08000188                __aeabi_uldivmod
 .text          0x080001b8        0x4 c:/Users/User/AppData/Roaming/Code/User/globalStorage/bmd.stm32-for-vscode/@xpack-dev-tools/arm-none-eabi-gcc/13.2.1-1.1.1/.content/bin/../lib/gcc/arm-none-eabi/13.2.1/thumb/v7e-m+fp/hard\libgcc.a(_dvmd_tls.o)
                0x080001b8                __aeabi_idiv0
                0x080001b8                __aeabi_ldiv0
 *(.text*)
 .text.__do_global_dtors_aux
                0x080001bc       0x24 c:/Users/User/AppData/Roaming/Code/User/globalStorage/bmd.stm32-for-vscode/@xpack-dev-tools/arm-none-eabi-gcc/13.2.1-1.1.1/.content/bin/../lib/gcc/arm-none-eabi/13.2.1/thumb/v7e-m+fp/hard/crtbegin.o
 .text.frame_dummy
                0x080001e0       0x1c c:/Users/User/AppData/Roaming/Code/User/globalStorage/bmd.stm32-for-vscode/@xpack-dev-tools/arm-none-eabi-gcc/13.2.1-1.1.1/.content/bin/../lib/gcc/arm-none-eabi/13.2.1/thumb/v7e-m+fp/hard/crtbegin.o
 .text.MX_GPIO_Init
                0x080001fc       0x80 build/main.o
 .text.Error_Handler
                0x0800027c        0x4 build/main.o
                0x0800027c                Error_Handler
 .text.SystemClock_Config
                0x08000280       0xac build/main.o
                0x08000280                SystemClock_Config
 .text.main     0x0800032c       0x28 build/main.o
                0x0800032c                main
 .text.HAL_MspInit
                0x08000354       0x40 build/stm32f4xx_hal_msp.o
                0x08000354                HAL_MspInit
 .text.NMI_Handler
                0x08000394        0x2 build/stm32f4xx_it.o
                0x08000394                NMI_Handler
 .text.HardFault_Handler
                0x08000396        0x2 build/stm32f4xx_it.o
                0x08000396                HardFault_Handler
 .text.MemManage_Handler
                0x08000398        0x2 build/stm32f4xx_it.o
                0x08000398                MemManage_Handler
 .text.BusFault_Handler
                0x0800039a        0x2 build/stm32f4xx_it.o
                0x0800039a                BusFault_Handler
 .text.UsageFault_Handler
                0x0800039c        0x2 build/stm32f4xx_it.o
                0x0800039c                UsageFault_Handler
 .text.SVC_Handler
                0x0800039e        0x2 build/stm32f4xx_it.o
                0x0800039e                SVC_Handler
 .text.DebugMon_Handler
                0x080003a0        0x2 build/stm32f4xx_it.o
                0x080003a0                DebugMon_Handler
 .text.PendSV_Handler
                0x080003a2        0x2 build/stm32f4xx_it.o
                0x080003a2                PendSV_Handler
 .text.SysTick_Handler
                0x080003a4        0x8 build/stm32f4xx_it.o
                0x080003a4                SysTick_Handler
 .text.SystemInit
                0x080003ac       0x14 build/system_stm32f4xx.o
                0x080003ac                SystemInit
 .text.HAL_InitTick
                0x080003c0       0x4c build/stm32f4xx_hal.o
                0x080003c0                HAL_InitTick
 .text.HAL_Init
                0x0800040c       0x34 build/stm32f4xx_hal.o
                0x0800040c                HAL_Init
 .text.HAL_IncTick
                0x08000440       0x18 build/stm32f4xx_hal.o
                0x08000440                HAL_IncTick
 .text.HAL_GetTick
                0x08000458        0xc build/stm32f4xx_hal.o
                0x08000458                HAL_GetTick
 .text.HAL_Delay
                0x08000464       0x28 build/stm32f4xx_hal.o
                0x08000464                HAL_Delay
 .text.__NVIC_SetPriority
                0x0800048c       0x28 build/stm32f4xx_hal_cortex.o
 .text.NVIC_EncodePriority
                0x080004b4       0x3e build/stm32f4xx_hal_cortex.o
 *fill*         0x080004f2        0x2 
 .text.HAL_NVIC_SetPriorityGrouping
                0x080004f4       0x24 build/stm32f4xx_hal_cortex.o
                0x080004f4                HAL_NVIC_SetPriorityGrouping
 .text.HAL_NVIC_SetPriority
                0x08000518       0x20 build/stm32f4xx_hal_cortex.o
                0x08000518                HAL_NVIC_SetPriority
 .text.HAL_SYSTICK_Config
                0x08000538       0x28 build/stm32f4xx_hal_cortex.o
                0x08000538                HAL_SYSTICK_Config
 .text.HAL_GPIO_Init
                0x08000560      0x1ec build/stm32f4xx_hal_gpio.o
                0x08000560                HAL_GPIO_Init
 .text.HAL_GPIO_WritePin
                0x0800074c        0xc build/stm32f4xx_hal_gpio.o
                0x0800074c                HAL_GPIO_WritePin
 .text.HAL_GPIO_TogglePin
                0x08000758       0x12 build/stm32f4xx_hal_gpio.o
                0x08000758                HAL_GPIO_TogglePin
 *fill*         0x0800076a        0x2 
 .text.HAL_RCC_OscConfig
                0x0800076c      0x3f8 build/stm32f4xx_hal_rcc.o
                0x0800076c                HAL_RCC_OscConfig
 .text.HAL_RCC_GetSysClockFreq
                0x08000b64       0xdc build/stm32f4xx_hal_rcc.o
                0x08000b64                HAL_RCC_GetSysClockFreq
 .text.HAL_RCC_ClockConfig
                0x08000c40      0x160 build/stm32f4xx_hal_rcc.o
                0x08000c40                HAL_RCC_ClockConfig
 .text.Reset_Handler
                0x08000da0       0x50 build/startup_stm32f407xx.o
                0x08000da0                Reset_Handler
 .text.Default_Handler
                0x08000df0        0x2 build/startup_stm32f407xx.o
                0x08000df0                RTC_Alarm_IRQHandler
                0x08000df0                HASH_RNG_IRQHandler
                0x08000df0                EXTI2_IRQHandler
                0x08000df0                TIM8_CC_IRQHandler
                0x08000df0                TIM1_CC_IRQHandler
                0x08000df0                DMA2_Stream5_IRQHandler
                0x08000df0                DMA1_Stream5_IRQHandler
                0x08000df0                PVD_IRQHandler
                0x08000df0                SDIO_IRQHandler
                0x08000df0                TAMP_STAMP_IRQHandler
                0x08000df0                CAN2_RX1_IRQHandler
                0x08000df0                EXTI3_IRQHandler
                0x08000df0                TIM8_TRG_COM_TIM14_IRQHandler
                0x08000df0                TIM1_UP_TIM10_IRQHandler
                0x08000df0                TIM8_UP_TIM13_IRQHandler
                0x08000df0                I2C3_ER_IRQHandler
                0x08000df0                EXTI0_IRQHandler
                0x08000df0                I2C2_EV_IRQHandler
                0x08000df0                DMA1_Stream2_IRQHandler
                0x08000df0                CAN1_RX0_IRQHandler
                0x08000df0                FPU_IRQHandler
                0x08000df0                OTG_HS_WKUP_IRQHandler
                0x08000df0                CAN2_SCE_IRQHandler
                0x08000df0                DMA2_Stream2_IRQHandler
                0x08000df0                SPI1_IRQHandler
                0x08000df0                TIM6_DAC_IRQHandler
                0x08000df0                TIM1_BRK_TIM9_IRQHandler
                0x08000df0                DCMI_IRQHandler
                0x08000df0                CAN2_RX0_IRQHandler
                0x08000df0                DMA2_Stream3_IRQHandler
                0x08000df0                USART6_IRQHandler
                0x08000df0                USART3_IRQHandler
                0x08000df0                CAN1_RX1_IRQHandler
                0x08000df0                UART5_IRQHandler
                0x08000df0                DMA2_Stream0_IRQHandler
                0x08000df0                TIM4_IRQHandler
                0x08000df0                I2C1_EV_IRQHandler
                0x08000df0                DMA1_Stream6_IRQHandler
                0x08000df0                DMA1_Stream1_IRQHandler
                0x08000df0                UART4_IRQHandler
                0x08000df0                TIM3_IRQHandler
                0x08000df0                RCC_IRQHandler
                0x08000df0                TIM8_BRK_TIM12_IRQHandler
                0x08000df0                Default_Handler
                0x08000df0                EXTI15_10_IRQHandler
                0x08000df0                ADC_IRQHandler
                0x08000df0                DMA1_Stream7_IRQHandler
                0x08000df0                TIM7_IRQHandler
                0x08000df0                CAN2_TX_IRQHandler
                0x08000df0                TIM5_IRQHandler
                0x08000df0                DMA2_Stream7_IRQHandler
                0x08000df0                I2C3_EV_IRQHandler
                0x08000df0                EXTI9_5_IRQHandler
                0x08000df0                RTC_WKUP_IRQHandler
                0x08000df0                ETH_WKUP_IRQHandler
                0x08000df0                SPI2_IRQHandler
                0x08000df0                OTG_HS_EP1_IN_IRQHandler
                0x08000df0                DMA1_Stream0_IRQHandler
                0x08000df0                CAN1_TX_IRQHandler
                0x08000df0                EXTI4_IRQHandler
                0x08000df0                FSMC_IRQHandler
                0x08000df0                ETH_IRQHandler
                0x08000df0                OTG_HS_EP1_OUT_IRQHandler
                0x08000df0                WWDG_IRQHandler
                0x08000df0                TIM2_IRQHandler
                0x08000df0                OTG_FS_WKUP_IRQHandler
                0x08000df0                TIM1_TRG_COM_TIM11_IRQHandler
                0x08000df0                OTG_HS_IRQHandler
                0x08000df0                EXTI1_IRQHandler
                0x08000df0                USART2_IRQHandler
                0x08000df0                I2C2_ER_IRQHandler
                0x08000df0                DMA2_Stream1_IRQHandler
                0x08000df0                CAN1_SCE_IRQHandler
                0x08000df0                FLASH_IRQHandler
                0x08000df0                DMA2_Stream4_IRQHandler
                0x08000df0                USART1_IRQHandler
                0x08000df0                OTG_FS_IRQHandler
                0x08000df0                SPI3_IRQHandler
                0x08000df0                DMA1_Stream4_IRQHandler
                0x08000df0                I2C1_ER_IRQHandler
                0x08000df0                DMA2_Stream6_IRQHandler
                0x08000df0                DMA1_Stream3_IRQHandler
 .text.memset   0x08000df2       0x10 c:/Users/User/AppData/Roaming/Code/User/globalStorage/bmd.stm32-for-vscode/@xpack-dev-tools/arm-none-eabi-gcc/13.2.1-1.1.1/.content/bin/../lib/gcc/arm-none-eabi/13.2.1/../../../../arm-none-eabi/lib/thumb/v7e-m+fp/hard\libc_nano.a(libc_a-memset.o)
                0x08000df2                memset
 *fill*         0x08000e02        0x2 
 .text.__libc_init_array
                0x08000e04       0x48 c:/Users/User/AppData/Roaming/Code/User/globalStorage/bmd.stm32-for-vscode/@xpack-dev-tools/arm-none-eabi-gcc/13.2.1-1.1.1/.content/bin/../lib/gcc/arm-none-eabi/13.2.1/../../../../arm-none-eabi/lib/thumb/v7e-m+fp/hard\libc_nano.a(libc_a-init.o)
                0x08000e04                __libc_init_array
 .text.__udivmoddi4
                0x08000e4c      0x2bc c:/Users/User/AppData/Roaming/Code/User/globalStorage/bmd.stm32-for-vscode/@xpack-dev-tools/arm-none-eabi-gcc/13.2.1-1.1.1/.content/bin/../lib/gcc/arm-none-eabi/13.2.1/thumb/v7e-m+fp/hard\libgcc.a(_udivmoddi4.o)
                0x08000e4c                __udivmoddi4
 *(.glue_7)
 .glue_7        0x08001108        0x0 linker stubs
 *(.glue_7t)
 .glue_7t       0x08001108        0x0 linker stubs
 *(.eh_frame)
 .eh_frame      0x08001108        0x0 c:/Users/User/AppData/Roaming/Code/User/globalStorage/bmd.stm32-for-vscode/@xpack-dev-tools/arm-none-eabi-gcc/13.2.1-1.1.1/.content/bin/../lib/gcc/arm-none-eabi/13.2.1/thumb/v7e-m+fp/hard/crtbegin.o
 *(.init)
 .init          0x08001108        0x4 c:/Users/User/AppData/Roaming/Code/User/globalStorage/bmd.stm32-for-vscode/@xpack-dev-tools/arm-none-eabi-gcc/13.2.1-1.1.1/.content/bin/../lib/gcc/arm-none-eabi/13.2.1/thumb/v7e-m+fp/hard/crti.o
                0x08001108                _init
 .init          0x0800110c        0x8 c:/Users/User/AppData/Roaming/Code/User/globalStorage/bmd.stm32-for-vscode/@xpack-dev-tools/arm-none-eabi-gcc/13.2.1-1.1.1/.content/bin/../lib/gcc/arm-none-eabi/13.2.1/thumb/v7e-m+fp/hard/crtn.o
 *(.fini)
 .fini          0x08001114        0x4 c:/Users/User/AppData/Roaming/Code/User/globalStorage/bmd.stm32-for-vscode/@xpack-dev-tools/arm-none-eabi-gcc/13.2.1-1.1.1/.content/bin/../lib/gcc/arm-none-eabi/13.2.1/thumb/v7e-m+fp/hard/crti.o
                0x08001114                _fini
 .fini          0x08001118        0x8 c:/Users/User/AppData/Roaming/Code/User/globalStorage/bmd.stm32-for-vscode/@xpack-dev-tools/arm-none-eabi-gcc/13.2.1-1.1.1/.content/bin/../lib/gcc/arm-none-eabi/13.2.1/thumb/v7e-m+fp/hard/crtn.o
                0x08001120                        . = ALIGN (0x4)
                0x08001120                        _etext = .

.vfp11_veneer   0x08001120        0x0
 .vfp11_veneer  0x08001120        0x0 linker stubs

.v4_bx          0x08001120        0x0
 .v4_bx         0x08001120        0x0 linker stubs

.iplt           0x08001120        0x0
 .iplt          0x08001120        0x0 c:/Users/User/AppData/Roaming/Code/User/globalStorage/bmd.stm32-for-vscode/@xpack-dev-tools/arm-none-eabi-gcc/13.2.1-1.1.1/.content/bin/../lib/gcc/arm-none-eabi/13.2.1/thumb/v7e-m+fp/hard/crtbegin.o

.rodata         0x08001120       0x10
                0x08001120                        . = ALIGN (0x4)
 *(.rodata)
 *(.rodata*)
 .rodata.AHBPrescTable
                0x08001120       0x10 build/system_stm32f4xx.o
                0x08001120                AHBPrescTable
                0x08001130                        . = ALIGN (0x4)

.ARM.extab
 *(.ARM.extab* .gnu.linkonce.armextab.*)

.ARM            0x08001130        0x8
                0x08001130                        __exidx_start = .
 *(.ARM.exidx*)
 .ARM.exidx.text.__udivmoddi4
                0x08001130        0x8 c:/Users/User/AppData/Roaming/Code/User/globalStorage/bmd.stm32-for-vscode/@xpack-dev-tools/arm-none-eabi-gcc/13.2.1-1.1.1/.content/bin/../lib/gcc/arm-none-eabi/13.2.1/thumb/v7e-m+fp/hard\libgcc.a(_udivmoddi4.o)
                0x08001138                        __exidx_end = .

.rel.dyn        0x08001138        0x0
 .rel.iplt      0x08001138        0x0 c:/Users/User/AppData/Roaming/Code/User/globalStorage/bmd.stm32-for-vscode/@xpack-dev-tools/arm-none-eabi-gcc/13.2.1-1.1.1/.content/bin/../lib/gcc/arm-none-eabi/13.2.1/thumb/v7e-m+fp/hard/crtbegin.o

.preinit_array  0x08001138        0x0
                0x08001138                        PROVIDE (__preinit_array_start = .)
 *(.preinit_array*)
                0x08001138                        PROVIDE (__preinit_array_end = .)

.init_array     0x08001138        0x4
                0x08001138                        PROVIDE (__init_array_start = .)
 *(SORT_BY_NAME(.init_array.*))
 *(.init_array*)
 .init_array    0x08001138        0x4 c:/Users/User/AppData/Roaming/Code/User/globalStorage/bmd.stm32-for-vscode/@xpack-dev-tools/arm-none-eabi-gcc/13.2.1-1.1.1/.content/bin/../lib/gcc/arm-none-eabi/13.2.1/thumb/v7e-m+fp/hard/crtbegin.o
                0x0800113c                        PROVIDE (__init_array_end = .)

.fini_array     0x0800113c        0x4
                0x0800113c                        PROVIDE (__fini_array_start = .)
 *(SORT_BY_NAME(.fini_array.*))
 *(.fini_array*)
 .fini_array    0x0800113c        0x4 c:/Users/User/AppData/Roaming/Code/User/globalStorage/bmd.stm32-for-vscode/@xpack-dev-tools/arm-none-eabi-gcc/13.2.1-1.1.1/.content/bin/../lib/gcc/arm-none-eabi/13.2.1/thumb/v7e-m+fp/hard/crtbegin.o
                0x08001140                        PROVIDE (__fini_array_end = .)
                0x08001140                        _sidata = LOADADDR (.data)

.data           0x20000000        0xc load address 0x08001140
                0x20000000                        . = ALIGN (0x4)
                0x20000000                        _sdata = .
 *(.data)
 *(.data*)
 .data.SystemCoreClock
                0x20000000        0x4 build/system_stm32f4xx.o
                0x20000000                SystemCoreClock
 .data.uwTickFreq
                0x20000004        0x1 build/stm32f4xx_hal.o
                0x20000004                uwTickFreq
 *fill*         0x20000005        0x3 
 .data.uwTickPrio
                0x20000008        0x4 build/stm32f4xx_hal.o
                0x20000008                uwTickPrio
                0x2000000c                        . = ALIGN (0x4)
                0x2000000c                        _edata = .
                0x0800114c                        _siccmram = LOADADDR (.ccmram)

.igot.plt       0x2000000c        0x0 load address 0x0800114c
 .igot.plt      0x2000000c        0x0 c:/Users/User/AppData/Roaming/Code/User/globalStorage/bmd.stm32-for-vscode/@xpack-dev-tools/arm-none-eabi-gcc/13.2.1-1.1.1/.content/bin/../lib/gcc/arm-none-eabi/13.2.1/thumb/v7e-m+fp/hard/crtbegin.o

.ccmram         0x10000000        0x0 load address 0x0800114c
                0x10000000                        . = ALIGN (0x4)
                0x10000000                        _sccmram = .
 *(.ccmram)
 *(.ccmram*)
                0x10000000                        . = ALIGN (0x4)
                0x10000000                        _eccmram = .
                0x10000000                        . = ALIGN (0x4)

.bss            0x2000000c       0x20
                0x2000000c                        _sbss = .
                0x2000000c                        __bss_start__ = _sbss
 *(.bss)
 *(.bss*)
 .bss.completed.1
                0x2000000c        0x1 c:/Users/User/AppData/Roaming/Code/User/globalStorage/bmd.stm32-for-vscode/@xpack-dev-tools/arm-none-eabi-gcc/13.2.1-1.1.1/.content/bin/../lib/gcc/arm-none-eabi/13.2.1/thumb/v7e-m+fp/hard/crtbegin.o
 *fill*         0x2000000d        0x3 
 .bss.object.0  0x20000010       0x18 c:/Users/User/AppData/Roaming/Code/User/globalStorage/bmd.stm32-for-vscode/@xpack-dev-tools/arm-none-eabi-gcc/13.2.1-1.1.1/.content/bin/../lib/gcc/arm-none-eabi/13.2.1/thumb/v7e-m+fp/hard/crtbegin.o
 .bss.uwTick    0x20000028        0x4 build/stm32f4xx_hal.o
                0x20000028                uwTick
 *(COMMON)
                0x2000002c                        . = ALIGN (0x4)
                0x2000002c                        _ebss = .
                0x2000002c                        __bss_end__ = _ebss

._user_heap_stack
                0x2000002c      0x604
                0x20000030                        . = ALIGN (0x8)
 *fill*         0x2000002c        0x4 
                [!provide]                        PROVIDE (end = .)
                0x20000030                        PROVIDE (_end = .)
                0x20000230                        . = (. + _Min_Heap_Size)
 *fill*         0x20000030      0x200 
                0x20000630                        . = (. + _Min_Stack_Size)
 *fill*         0x20000230      0x400 
                0x20000630                        . = ALIGN (0x8)

/DISCARD/
 libc.a(*)
 libm.a(*)
 libgcc.a(*)

.ARM.attributes
                0x00000000       0x30
 *(.ARM.attributes)
 .ARM.attributes
                0x00000000       0x22 c:/Users/User/AppData/Roaming/Code/User/globalStorage/bmd.stm32-for-vscode/@xpack-dev-tools/arm-none-eabi-gcc/13.2.1-1.1.1/.content/bin/../lib/gcc/arm-none-eabi/13.2.1/thumb/v7e-m+fp/hard/crti.o
 .ARM.attributes
                0x00000022       0x34 c:/Users/User/AppData/Roaming/Code/User/globalStorage/bmd.stm32-for-vscode/@xpack-dev-tools/arm-none-eabi-gcc/13.2.1-1.1.1/.content/bin/../lib/gcc/arm-none-eabi/13.2.1/thumb/v7e-m+fp/hard/crtbegin.o
 .ARM.attributes
                0x00000056       0x34 build/main.o
 .ARM.attributes
                0x0000008a       0x34 build/stm32f4xx_hal_msp.o
 .ARM.attributes
                0x000000be       0x34 build/stm32f4xx_it.o
 .ARM.attributes
                0x000000f2       0x34 build/system_stm32f4xx.o
 .ARM.attributes
                0x00000126       0x34 build/stm32f4xx_hal.o
 .ARM.attributes
                0x0000015a       0x34 build/stm32f4xx_hal_cortex.o
 .ARM.attributes
                0x0000018e       0x34 build/stm32f4xx_hal_gpio.o
 .ARM.attributes
                0x000001c2       0x34 build/stm32f4xx_hal_rcc.o
 .ARM.attributes
                0x000001f6       0x21 build/startup_stm32f407xx.o
 .ARM.attributes
                0x00000217       0x34 c:/Users/User/AppData/Roaming/Code/User/globalStorage/bmd.stm32-for-vscode/@xpack-dev-tools/arm-none-eabi-gcc/13.2.1-1.1.1/.content/bin/../lib/gcc/arm-none-eabi/13.2.1/../../../../arm-none-eabi/lib/thumb/v7e-m+fp/hard\libc_nano.a(libc_a-memset.o)
 .ARM.attributes
                0x0000024b       0x34 c:/Users/User/AppData/Roaming/Code/User/globalStorage/bmd.stm32-for-vscode/@xpack-dev-tools/arm-none-eabi-gcc/13.2.1-1.1.1/.content/bin/../lib/gcc/arm-none-eabi/13.2.1/../../../../arm-none-eabi/lib/thumb/v7e-m+fp/hard\libc_nano.a(libc_a-init.o)
 .ARM.attributes
                0x0000027f       0x22 c:/Users/User/AppData/Roaming/Code/User/globalStorage/bmd.stm32-for-vscode/@xpack-dev-tools/arm-none-eabi-gcc/13.2.1-1.1.1/.content/bin/../lib/gcc/arm-none-eabi/13.2.1/thumb/v7e-m+fp/hard\libgcc.a(_aeabi_uldivmod.o)
 .ARM.attributes
                0x000002a1       0x34 c:/Users/User/AppData/Roaming/Code/User/globalStorage/bmd.stm32-for-vscode/@xpack-dev-tools/arm-none-eabi-gcc/13.2.1-1.1.1/.content/bin/../lib/gcc/arm-none-eabi/13.2.1/thumb/v7e-m+fp/hard\libgcc.a(_udivmoddi4.o)
 .ARM.attributes
                0x000002d5       0x22 c:/Users/User/AppData/Roaming/Code/User/globalStorage/bmd.stm32-for-vscode/@xpack-dev-tools/arm-none-eabi-gcc/13.2.1-1.1.1/.content/bin/../lib/gcc/arm-none-eabi/13.2.1/thumb/v7e-m+fp/hard\libgcc.a(_dvmd_tls.o)
 .ARM.attributes
                0x000002f7       0x22 c:/Users/User/AppData/Roaming/Code/User/globalStorage/bmd.stm32-for-vscode/@xpack-dev-tools/arm-none-eabi-gcc/13.2.1-1.1.1/.content/bin/../lib/gcc/arm-none-eabi/13.2.1/thumb/v7e-m+fp/hard/crtn.o
OUTPUT(build/blink2.elf elf32-littlearm)
LOAD linker stubs
LOAD c:/Users/User/AppData/Roaming/Code/User/globalStorage/bmd.stm32-for-vscode/@xpack-dev-tools/arm-none-eabi-gcc/13.2.1-1.1.1/.content/bin/../lib/gcc/arm-none-eabi/13.2.1/../../../../arm-none-eabi/lib/thumb/v7e-m+fp/hard\libc.a
LOAD c:/Users/User/AppData/Roaming/Code/User/globalStorage/bmd.stm32-for-vscode/@xpack-dev-tools/arm-none-eabi-gcc/13.2.1-1.1.1/.content/bin/../lib/gcc/arm-none-eabi/13.2.1/../../../../arm-none-eabi/lib/thumb/v7e-m+fp/hard\libm.a
LOAD c:/Users/User/AppData/Roaming/Code/User/globalStorage/bmd.stm32-for-vscode/@xpack-dev-tools/arm-none-eabi-gcc/13.2.1-1.1.1/.content/bin/../lib/gcc/arm-none-eabi/13.2.1/thumb/v7e-m+fp/hard\libgcc.a

.comment        0x00000000       0x39
 .comment       0x00000000       0x39 c:/Users/User/AppData/Roaming/Code/User/globalStorage/bmd.stm32-for-vscode/@xpack-dev-tools/arm-none-eabi-gcc/13.2.1-1.1.1/.content/bin/../lib/gcc/arm-none-eabi/13.2.1/thumb/v7e-m+fp/hard/crtbegin.o
                                 0x3a (size before relaxing)
 .comment       0x00000039       0x3a build/main.o
 .comment       0x00000039       0x3a build/stm32f4xx_hal_msp.o
 .comment       0x00000039       0x3a build/stm32f4xx_it.o
 .comment       0x00000039       0x3a build/system_stm32f4xx.o
 .comment       0x00000039       0x3a build/stm32f4xx_hal.o
 .comment       0x00000039       0x3a build/stm32f4xx_hal_cortex.o
 .comment       0x00000039       0x3a build/stm32f4xx_hal_gpio.o
 .comment       0x00000039       0x3a build/stm32f4xx_hal_rcc.o
 .comment       0x00000039       0x3a c:/Users/User/AppData/Roaming/Code/User/globalStorage/bmd.stm32-for-vscode/@xpack-dev-tools/arm-none-eabi-gcc/13.2.1-1.1.1/.content/bin/../lib/gcc/arm-none-eabi/13.2.1/../../../../arm-none-eabi/lib/thumb/v7e-m+fp/hard\libc_nano.a(libc_a-memset.o)
 .comment       0x00000039       0x3a c:/Users/User/AppData/Roaming/Code/User/globalStorage/bmd.stm32-for-vscode/@xpack-dev-tools/arm-none-eabi-gcc/13.2.1-1.1.1/.content/bin/../lib/gcc/arm-none-eabi/13.2.1/../../../../arm-none-eabi/lib/thumb/v7e-m+fp/hard\libc_nano.a(libc_a-init.o)
 .comment       0x00000039       0x3a c:/Users/User/AppData/Roaming/Code/User/globalStorage/bmd.stm32-for-vscode/@xpack-dev-tools/arm-none-eabi-gcc/13.2.1-1.1.1/.content/bin/../lib/gcc/arm-none-eabi/13.2.1/thumb/v7e-m+fp/hard\libgcc.a(_udivmoddi4.o)

.debug_info     0x00000000     0x4311
 .debug_info    0x00000000      0x799 build/main.o
 .debug_info    0x00000799      0x28b build/stm32f4xx_hal_msp.o
 .debug_info    0x00000a24      0x11c build/stm32f4xx_it.o
 .debug_info    0x00000b40      0x527 build/system_stm32f4xx.o
 .debug_info    0x00001067      0x9e2 build/stm32f4xx_hal.o
 .debug_info    0x00001a49      0xfc2 build/stm32f4xx_hal_cortex.o
 .debug_info    0x00002a0b      0x704 build/stm32f4xx_hal_gpio.o
 .debug_info    0x0000310f      0xa6f build/stm32f4xx_hal_rcc.o
 .debug_info    0x00003b7e       0x30 build/startup_stm32f407xx.o
 .debug_info    0x00003bae       0x24 c:/Users/User/AppData/Roaming/Code/User/globalStorage/bmd.stm32-for-vscode/@xpack-dev-tools/arm-none-eabi-gcc/13.2.1-1.1.1/.content/bin/../lib/gcc/arm-none-eabi/13.2.1/thumb/v7e-m+fp/hard\libgcc.a(_aeabi_uldivmod.o)
 .debug_info    0x00003bd2      0x703 c:/Users/User/AppData/Roaming/Code/User/globalStorage/bmd.stm32-for-vscode/@xpack-dev-tools/arm-none-eabi-gcc/13.2.1-1.1.1/.content/bin/../lib/gcc/arm-none-eabi/13.2.1/thumb/v7e-m+fp/hard\libgcc.a(_udivmoddi4.o)
 .debug_info    0x000042d5       0x3c c:/Users/User/AppData/Roaming/Code/User/globalStorage/bmd.stm32-for-vscode/@xpack-dev-tools/arm-none-eabi-gcc/13.2.1-1.1.1/.content/bin/../lib/gcc/arm-none-eabi/13.2.1/thumb/v7e-m+fp/hard\libgcc.a(_dvmd_tls.o)

.debug_abbrev   0x00000000     0x1110
 .debug_abbrev  0x00000000      0x20f build/main.o
 .debug_abbrev  0x0000020f       0xfb build/stm32f4xx_hal_msp.o
 .debug_abbrev  0x0000030a       0x7c build/stm32f4xx_it.o
 .debug_abbrev  0x00000386      0x11e build/system_stm32f4xx.o
 .debug_abbrev  0x000004a4      0x240 build/stm32f4xx_hal.o
 .debug_abbrev  0x000006e4      0x39c build/stm32f4xx_hal_cortex.o
 .debug_abbrev  0x00000a80      0x202 build/stm32f4xx_hal_gpio.o
 .debug_abbrev  0x00000c82      0x2c6 build/stm32f4xx_hal_rcc.o
 .debug_abbrev  0x00000f48       0x24 build/startup_stm32f407xx.o
 .debug_abbrev  0x00000f6c       0x14 c:/Users/User/AppData/Roaming/Code/User/globalStorage/bmd.stm32-for-vscode/@xpack-dev-tools/arm-none-eabi-gcc/13.2.1-1.1.1/.content/bin/../lib/gcc/arm-none-eabi/13.2.1/thumb/v7e-m+fp/hard\libgcc.a(_aeabi_uldivmod.o)
 .debug_abbrev  0x00000f80      0x16a c:/Users/User/AppData/Roaming/Code/User/globalStorage/bmd.stm32-for-vscode/@xpack-dev-tools/arm-none-eabi-gcc/13.2.1-1.1.1/.content/bin/../lib/gcc/arm-none-eabi/13.2.1/thumb/v7e-m+fp/hard\libgcc.a(_udivmoddi4.o)
 .debug_abbrev  0x000010ea       0x26 c:/Users/User/AppData/Roaming/Code/User/globalStorage/bmd.stm32-for-vscode/@xpack-dev-tools/arm-none-eabi-gcc/13.2.1-1.1.1/.content/bin/../lib/gcc/arm-none-eabi/13.2.1/thumb/v7e-m+fp/hard\libgcc.a(_dvmd_tls.o)

.debug_aranges  0x00000000      0x420
 .debug_aranges
                0x00000000       0x38 build/main.o
 .debug_aranges
                0x00000038       0x20 build/stm32f4xx_hal_msp.o
 .debug_aranges
                0x00000058       0x60 build/stm32f4xx_it.o
 .debug_aranges
                0x000000b8       0x28 build/system_stm32f4xx.o
 .debug_aranges
                0x000000e0       0xf0 build/stm32f4xx_hal.o
 .debug_aranges
                0x000001d0       0xe8 build/stm32f4xx_hal_cortex.o
 .debug_aranges
                0x000002b8       0x58 build/stm32f4xx_hal_gpio.o
 .debug_aranges
                0x00000310       0x88 build/stm32f4xx_hal_rcc.o
 .debug_aranges
                0x00000398       0x28 build/startup_stm32f407xx.o
 .debug_aranges
                0x000003c0       0x20 c:/Users/User/AppData/Roaming/Code/User/globalStorage/bmd.stm32-for-vscode/@xpack-dev-tools/arm-none-eabi-gcc/13.2.1-1.1.1/.content/bin/../lib/gcc/arm-none-eabi/13.2.1/thumb/v7e-m+fp/hard\libgcc.a(_aeabi_uldivmod.o)
 .debug_aranges
                0x000003e0       0x20 c:/Users/User/AppData/Roaming/Code/User/globalStorage/bmd.stm32-for-vscode/@xpack-dev-tools/arm-none-eabi-gcc/13.2.1-1.1.1/.content/bin/../lib/gcc/arm-none-eabi/13.2.1/thumb/v7e-m+fp/hard\libgcc.a(_udivmoddi4.o)
 .debug_aranges
                0x00000400       0x20 c:/Users/User/AppData/Roaming/Code/User/globalStorage/bmd.stm32-for-vscode/@xpack-dev-tools/arm-none-eabi-gcc/13.2.1-1.1.1/.content/bin/../lib/gcc/arm-none-eabi/13.2.1/thumb/v7e-m+fp/hard\libgcc.a(_dvmd_tls.o)

.debug_rnglists
                0x00000000      0x355
 .debug_rnglists
                0x00000000       0x27 build/main.o
 .debug_rnglists
                0x00000027       0x13 build/stm32f4xx_hal_msp.o
 .debug_rnglists
                0x0000003a       0x43 build/stm32f4xx_it.o
 .debug_rnglists
                0x0000007d       0x1a build/system_stm32f4xx.o
 .debug_rnglists
                0x00000097       0xaf build/stm32f4xx_hal.o
 .debug_rnglists
                0x00000146       0xa9 build/stm32f4xx_hal_cortex.o
 .debug_rnglists
                0x000001ef       0x3f build/stm32f4xx_hal_gpio.o
 .debug_rnglists
                0x0000022e       0x75 build/stm32f4xx_hal_rcc.o
 .debug_rnglists
                0x000002a3       0x19 build/startup_stm32f407xx.o
 .debug_rnglists
                0x000002bc       0x99 c:/Users/User/AppData/Roaming/Code/User/globalStorage/bmd.stm32-for-vscode/@xpack-dev-tools/arm-none-eabi-gcc/13.2.1-1.1.1/.content/bin/../lib/gcc/arm-none-eabi/13.2.1/thumb/v7e-m+fp/hard\libgcc.a(_udivmoddi4.o)

.debug_line     0x00000000     0x33a9
 .debug_line    0x00000000      0x3f7 build/main.o
 .debug_line    0x000003f7      0x238 build/stm32f4xx_hal_msp.o
 .debug_line    0x0000062f      0x13d build/stm32f4xx_it.o
 .debug_line    0x0000076c      0x2f4 build/system_stm32f4xx.o
 .debug_line    0x00000a60      0x60d build/stm32f4xx_hal.o
 .debug_line    0x0000106d      0x8b5 build/stm32f4xx_hal_cortex.o
 .debug_line    0x00001922      0x79b build/stm32f4xx_hal_gpio.o
 .debug_line    0x000020bd      0xc2b build/stm32f4xx_hal_rcc.o
 .debug_line    0x00002ce8       0x76 build/startup_stm32f407xx.o
 .debug_line    0x00002d5e       0x4e c:/Users/User/AppData/Roaming/Code/User/globalStorage/bmd.stm32-for-vscode/@xpack-dev-tools/arm-none-eabi-gcc/13.2.1-1.1.1/.content/bin/../lib/gcc/arm-none-eabi/13.2.1/thumb/v7e-m+fp/hard\libgcc.a(_aeabi_uldivmod.o)
 .debug_line    0x00002dac      0x5b3 c:/Users/User/AppData/Roaming/Code/User/globalStorage/bmd.stm32-for-vscode/@xpack-dev-tools/arm-none-eabi-gcc/13.2.1-1.1.1/.content/bin/../lib/gcc/arm-none-eabi/13.2.1/thumb/v7e-m+fp/hard\libgcc.a(_udivmoddi4.o)
 .debug_line    0x0000335f       0x4a c:/Users/User/AppData/Roaming/Code/User/globalStorage/bmd.stm32-for-vscode/@xpack-dev-tools/arm-none-eabi-gcc/13.2.1-1.1.1/.content/bin/../lib/gcc/arm-none-eabi/13.2.1/thumb/v7e-m+fp/hard\libgcc.a(_dvmd_tls.o)

.debug_str      0x00000000     0x1db2
 .debug_str     0x00000000     0x1db2 build/main.o
                                0x542 (size before relaxing)
 .debug_str     0x00001db2      0x29f build/stm32f4xx_hal_msp.o
 .debug_str     0x00001db2      0x1f6 build/stm32f4xx_it.o
 .debug_str     0x00001db2      0x33c build/system_stm32f4xx.o
 .debug_str     0x00001db2      0xb2b build/stm32f4xx_hal.o
 .debug_str     0x00001db2      0xc0a build/stm32f4xx_hal_cortex.o
 .debug_str     0x00001db2      0x4a7 build/stm32f4xx_hal_gpio.o
 .debug_str     0x00001db2      0x6cd build/stm32f4xx_hal_rcc.o
 .debug_str     0x00001db2       0x45 build/startup_stm32f407xx.o
 .debug_str     0x00001db2      0x120 c:/Users/User/AppData/Roaming/Code/User/globalStorage/bmd.stm32-for-vscode/@xpack-dev-tools/arm-none-eabi-gcc/13.2.1-1.1.1/.content/bin/../lib/gcc/arm-none-eabi/13.2.1/thumb/v7e-m+fp/hard\libgcc.a(_aeabi_uldivmod.o)
 .debug_str     0x00001db2      0x739 c:/Users/User/AppData/Roaming/Code/User/globalStorage/bmd.stm32-for-vscode/@xpack-dev-tools/arm-none-eabi-gcc/13.2.1-1.1.1/.content/bin/../lib/gcc/arm-none-eabi/13.2.1/thumb/v7e-m+fp/hard\libgcc.a(_udivmoddi4.o)
 .debug_str     0x00001db2      0x140 c:/Users/User/AppData/Roaming/Code/User/globalStorage/bmd.stm32-for-vscode/@xpack-dev-tools/arm-none-eabi-gcc/13.2.1-1.1.1/.content/bin/../lib/gcc/arm-none-eabi/13.2.1/thumb/v7e-m+fp/hard\libgcc.a(_dvmd_tls.o)

.debug_frame    0x00000000      0x800
 .debug_frame   0x00000000       0x78 build/main.o
 .debug_frame   0x00000078       0x2c build/stm32f4xx_hal_msp.o
 .debug_frame   0x000000a4       0xa8 build/stm32f4xx_it.o
 .debug_frame   0x0000014c       0x30 build/system_stm32f4xx.o
 .debug_frame   0x0000017c      0x1ec build/stm32f4xx_hal.o
 .debug_frame   0x00000368      0x1f4 build/stm32f4xx_hal_cortex.o
 .debug_frame   0x0000055c       0xd8 build/stm32f4xx_hal_gpio.o
 .debug_frame   0x00000634      0x16c build/stm32f4xx_hal_rcc.o
 .debug_frame   0x000007a0       0x2c c:/Users/User/AppData/Roaming/Code/User/globalStorage/bmd.stm32-for-vscode/@xpack-dev-tools/arm-none-eabi-gcc/13.2.1-1.1.1/.content/bin/../lib/gcc/arm-none-eabi/13.2.1/thumb/v7e-m+fp/hard\libgcc.a(_aeabi_uldivmod.o)
 .debug_frame   0x000007cc       0x34 c:/Users/User/AppData/Roaming/Code/User/globalStorage/bmd.stm32-for-vscode/@xpack-dev-tools/arm-none-eabi-gcc/13.2.1-1.1.1/.content/bin/../lib/gcc/arm-none-eabi/13.2.1/thumb/v7e-m+fp/hard\libgcc.a(_udivmoddi4.o)

.debug_loclists
                0x00000000     0x18a8
 .debug_loclists
                0x00000000       0xfa build/system_stm32f4xx.o
 .debug_loclists
                0x000000fa       0xe1 build/stm32f4xx_hal.o
 .debug_loclists
                0x000001db      0x54d build/stm32f4xx_hal_cortex.o
 .debug_loclists
                0x00000728      0x386 build/stm32f4xx_hal_gpio.o
 .debug_loclists
                0x00000aae      0x3e5 build/stm32f4xx_hal_rcc.o
 .debug_loclists
                0x00000e93      0xa15 c:/Users/User/AppData/Roaming/Code/User/globalStorage/bmd.stm32-for-vscode/@xpack-dev-tools/arm-none-eabi-gcc/13.2.1-1.1.1/.content/bin/../lib/gcc/arm-none-eabi/13.2.1/thumb/v7e-m+fp/hard\libgcc.a(_udivmoddi4.o)

.debug_line_str
                0x00000000      0x147
 .debug_line_str
                0x00000000      0x147 build/startup_stm32f407xx.o
                                 0x29 (size before relaxing)
 .debug_line_str
                0x00000147      0x112 c:/Users/User/AppData/Roaming/Code/User/globalStorage/bmd.stm32-for-vscode/@xpack-dev-tools/arm-none-eabi-gcc/13.2.1-1.1.1/.content/bin/../lib/gcc/arm-none-eabi/13.2.1/thumb/v7e-m+fp/hard\libgcc.a(_aeabi_uldivmod.o)
 .debug_line_str
                0x00000147      0x116 c:/Users/User/AppData/Roaming/Code/User/globalStorage/bmd.stm32-for-vscode/@xpack-dev-tools/arm-none-eabi-gcc/13.2.1-1.1.1/.content/bin/../lib/gcc/arm-none-eabi/13.2.1/thumb/v7e-m+fp/hard\libgcc.a(_dvmd_tls.o)

Cross Reference Table

Symbol                                            File
ADC_IRQHandler                                    build/startup_stm32f407xx.o
AHBPrescTable                                     build/system_stm32f4xx.o
                                                  build/stm32f4xx_hal_rcc.o
APBPrescTable                                     build/system_stm32f4xx.o
                                                  build/stm32f4xx_hal_rcc.o
BusFault_Handler                                  build/stm32f4xx_it.o
CAN1_RX0_IRQHandler                               build/startup_stm32f407xx.o
CAN1_RX1_IRQHandler                               build/startup_stm32f407xx.o
CAN1_SCE_IRQHandler                               build/startup_stm32f407xx.o
CAN1_TX_IRQHandler                                build/startup_stm32f407xx.o
CAN2_RX0_IRQHandler                               build/startup_stm32f407xx.o
CAN2_RX1_IRQHandler                               build/startup_stm32f407xx.o
CAN2_SCE_IRQHandler                               build/startup_stm32f407xx.o
CAN2_TX_IRQHandler                                build/startup_stm32f407xx.o
DCMI_IRQHandler                                   build/startup_stm32f407xx.o
DMA1_Stream0_IRQHandler                           build/startup_stm32f407xx.o
DMA1_Stream1_IRQHandler                           build/startup_stm32f407xx.o
DMA1_Stream2_IRQHandler                           build/startup_stm32f407xx.o
DMA1_Stream3_IRQHandler                           build/startup_stm32f407xx.o
DMA1_Stream4_IRQHandler                           build/startup_stm32f407xx.o
DMA1_Stream5_IRQHandler                           build/startup_stm32f407xx.o
DMA1_Stream6_IRQHandler                           build/startup_stm32f407xx.o
DMA1_Stream7_IRQHandler                           build/startup_stm32f407xx.o
DMA2_Stream0_IRQHandler                           build/startup_stm32f407xx.o
DMA2_Stream1_IRQHandler                           build/startup_stm32f407xx.o
DMA2_Stream2_IRQHandler                           build/startup_stm32f407xx.o
DMA2_Stream3_IRQHandler                           build/startup_stm32f407xx.o
DMA2_Stream4_IRQHandler                           build/startup_stm32f407xx.o
DMA2_Stream5_IRQHandler                           build/startup_stm32f407xx.o
DMA2_Stream6_IRQHandler                           build/startup_stm32f407xx.o
DMA2_Stream7_IRQHandler                           build/startup_stm32f407xx.o
DebugMon_Handler                                  build/stm32f4xx_it.o
Default_Handler                                   build/startup_stm32f407xx.o
ETH_IRQHandler                                    build/startup_stm32f407xx.o
ETH_WKUP_IRQHandler                               build/startup_stm32f407xx.o
EXTI0_IRQHandler                                  build/startup_stm32f407xx.o
EXTI15_10_IRQHandler                              build/startup_stm32f407xx.o
EXTI1_IRQHandler                                  build/startup_stm32f407xx.o
EXTI2_IRQHandler                                  build/startup_stm32f407xx.o
EXTI3_IRQHandler                                  build/startup_stm32f407xx.o
EXTI4_IRQHandler                                  build/startup_stm32f407xx.o
EXTI9_5_IRQHandler                                build/startup_stm32f407xx.o
Error_Handler                                     build/main.o
FLASH_Erase_Sector                                build/stm32f4xx_hal_flash_ex.o
                                                  build/stm32f4xx_hal_flash.o
FLASH_FlushCaches                                 build/stm32f4xx_hal_flash_ex.o
                                                  build/stm32f4xx_hal_flash.o
FLASH_IRQHandler                                  build/startup_stm32f407xx.o
FLASH_WaitForLastOperation                        build/stm32f4xx_hal_flash.o
                                                  build/stm32f4xx_hal_flash_ex.o
FPU_IRQHandler                                    build/startup_stm32f407xx.o
FSMC_IRQHandler                                   build/startup_stm32f407xx.o
HAL_CORTEX_ClearEvent                             build/stm32f4xx_hal_cortex.o
HAL_DBGMCU_DisableDBGSleepMode                    build/stm32f4xx_hal.o
HAL_DBGMCU_DisableDBGStandbyMode                  build/stm32f4xx_hal.o
HAL_DBGMCU_DisableDBGStopMode                     build/stm32f4xx_hal.o
HAL_DBGMCU_EnableDBGSleepMode                     build/stm32f4xx_hal.o
HAL_DBGMCU_EnableDBGStandbyMode                   build/stm32f4xx_hal.o
HAL_DBGMCU_EnableDBGStopMode                      build/stm32f4xx_hal.o
HAL_DMAEx_ChangeMemory                            build/stm32f4xx_hal_dma_ex.o
HAL_DMAEx_MultiBufferStart                        build/stm32f4xx_hal_dma_ex.o
HAL_DMAEx_MultiBufferStart_IT                     build/stm32f4xx_hal_dma_ex.o
HAL_DMA_Abort                                     build/stm32f4xx_hal_dma.o
HAL_DMA_Abort_IT                                  build/stm32f4xx_hal_dma.o
HAL_DMA_DeInit                                    build/stm32f4xx_hal_dma.o
HAL_DMA_GetError                                  build/stm32f4xx_hal_dma.o
HAL_DMA_GetState                                  build/stm32f4xx_hal_dma.o
HAL_DMA_IRQHandler                                build/stm32f4xx_hal_dma.o
HAL_DMA_Init                                      build/stm32f4xx_hal_dma.o
HAL_DMA_PollForTransfer                           build/stm32f4xx_hal_dma.o
HAL_DMA_RegisterCallback                          build/stm32f4xx_hal_dma.o
HAL_DMA_Start                                     build/stm32f4xx_hal_dma.o
HAL_DMA_Start_IT                                  build/stm32f4xx_hal_dma.o
HAL_DMA_UnRegisterCallback                        build/stm32f4xx_hal_dma.o
HAL_DeInit                                        build/stm32f4xx_hal.o
HAL_Delay                                         build/stm32f4xx_hal.o
                                                  build/main.o
HAL_DisableCompensationCell                       build/stm32f4xx_hal.o
HAL_EXTI_ClearConfigLine                          build/stm32f4xx_hal_exti.o
HAL_EXTI_ClearPending                             build/stm32f4xx_hal_exti.o
HAL_EXTI_GenerateSWI                              build/stm32f4xx_hal_exti.o
HAL_EXTI_GetConfigLine                            build/stm32f4xx_hal_exti.o
HAL_EXTI_GetHandle                                build/stm32f4xx_hal_exti.o
HAL_EXTI_GetPending                               build/stm32f4xx_hal_exti.o
HAL_EXTI_IRQHandler                               build/stm32f4xx_hal_exti.o
HAL_EXTI_RegisterCallback                         build/stm32f4xx_hal_exti.o
HAL_EXTI_SetConfigLine                            build/stm32f4xx_hal_exti.o
HAL_EnableCompensationCell                        build/stm32f4xx_hal.o
HAL_FLASHEx_Erase                                 build/stm32f4xx_hal_flash_ex.o
HAL_FLASHEx_Erase_IT                              build/stm32f4xx_hal_flash_ex.o
HAL_FLASHEx_OBGetConfig                           build/stm32f4xx_hal_flash_ex.o
HAL_FLASHEx_OBProgram                             build/stm32f4xx_hal_flash_ex.o
HAL_FLASH_EndOfOperationCallback                  build/stm32f4xx_hal_flash.o
HAL_FLASH_GetError                                build/stm32f4xx_hal_flash.o
HAL_FLASH_IRQHandler                              build/stm32f4xx_hal_flash.o
HAL_FLASH_Lock                                    build/stm32f4xx_hal_flash.o
HAL_FLASH_OB_Launch                               build/stm32f4xx_hal_flash.o
HAL_FLASH_OB_Lock                                 build/stm32f4xx_hal_flash.o
HAL_FLASH_OB_Unlock                               build/stm32f4xx_hal_flash.o
HAL_FLASH_OperationErrorCallback                  build/stm32f4xx_hal_flash.o
HAL_FLASH_Program                                 build/stm32f4xx_hal_flash.o
HAL_FLASH_Program_IT                              build/stm32f4xx_hal_flash.o
HAL_FLASH_Unlock                                  build/stm32f4xx_hal_flash.o
HAL_GPIO_DeInit                                   build/stm32f4xx_hal_gpio.o
HAL_GPIO_EXTI_Callback                            build/stm32f4xx_hal_gpio.o
HAL_GPIO_EXTI_IRQHandler                          build/stm32f4xx_hal_gpio.o
HAL_GPIO_Init                                     build/stm32f4xx_hal_gpio.o
                                                  build/stm32f4xx_hal_rcc.o
                                                  build/main.o
HAL_GPIO_LockPin                                  build/stm32f4xx_hal_gpio.o
HAL_GPIO_ReadPin                                  build/stm32f4xx_hal_gpio.o
HAL_GPIO_TogglePin                                build/stm32f4xx_hal_gpio.o
                                                  build/main.o
HAL_GPIO_WritePin                                 build/stm32f4xx_hal_gpio.o
                                                  build/main.o
HAL_GetDEVID                                      build/stm32f4xx_hal.o
HAL_GetHalVersion                                 build/stm32f4xx_hal.o
HAL_GetREVID                                      build/stm32f4xx_hal.o
HAL_GetTick                                       build/stm32f4xx_hal.o
                                                  build/stm32f4xx_hal_rcc_ex.o
                                                  build/stm32f4xx_hal_rcc.o
                                                  build/stm32f4xx_hal_pwr_ex.o
                                                  build/stm32f4xx_hal_flash.o
                                                  build/stm32f4xx_hal_dma.o
HAL_GetTickFreq                                   build/stm32f4xx_hal.o
HAL_GetTickPrio                                   build/stm32f4xx_hal.o
HAL_GetUIDw0                                      build/stm32f4xx_hal.o
HAL_GetUIDw1                                      build/stm32f4xx_hal.o
HAL_GetUIDw2                                      build/stm32f4xx_hal.o
HAL_IncTick                                       build/stm32f4xx_hal.o
                                                  build/stm32f4xx_it.o
HAL_Init                                          build/stm32f4xx_hal.o
                                                  build/main.o
HAL_InitTick                                      build/stm32f4xx_hal.o
                                                  build/stm32f4xx_hal_rcc_ex.o
                                                  build/stm32f4xx_hal_rcc.o
HAL_MPU_ConfigRegion                              build/stm32f4xx_hal_cortex.o
HAL_MPU_Disable                                   build/stm32f4xx_hal_cortex.o
HAL_MPU_Enable                                    build/stm32f4xx_hal_cortex.o
HAL_MspDeInit                                     build/stm32f4xx_hal.o
HAL_MspInit                                       build/stm32f4xx_hal_msp.o
HAL_NVIC_ClearPendingIRQ                          build/stm32f4xx_hal_cortex.o
HAL_NVIC_DisableIRQ                               build/stm32f4xx_hal_cortex.o
HAL_NVIC_EnableIRQ                                build/stm32f4xx_hal_cortex.o
HAL_NVIC_GetActive                                build/stm32f4xx_hal_cortex.o
HAL_NVIC_GetPendingIRQ                            build/stm32f4xx_hal_cortex.o
HAL_NVIC_GetPriority                              build/stm32f4xx_hal_cortex.o
HAL_NVIC_GetPriorityGrouping                      build/stm32f4xx_hal_cortex.o
HAL_NVIC_SetPendingIRQ                            build/stm32f4xx_hal_cortex.o
HAL_NVIC_SetPriority                              build/stm32f4xx_hal_cortex.o
                                                  build/stm32f4xx_hal.o
HAL_NVIC_SetPriorityGrouping                      build/stm32f4xx_hal_cortex.o
                                                  build/stm32f4xx_hal.o
                                                  build/stm32f4xx_hal_msp.o
HAL_NVIC_SystemReset                              build/stm32f4xx_hal_cortex.o
HAL_PWREx_ControlVoltageScaling                   build/stm32f4xx_hal_pwr_ex.o
HAL_PWREx_DisableBkUpReg                          build/stm32f4xx_hal_pwr_ex.o
HAL_PWREx_DisableFlashPowerDown                   build/stm32f4xx_hal_pwr_ex.o
HAL_PWREx_EnableBkUpReg                           build/stm32f4xx_hal_pwr_ex.o
HAL_PWREx_EnableFlashPowerDown                    build/stm32f4xx_hal_pwr_ex.o
HAL_PWREx_GetVoltageRange                         build/stm32f4xx_hal_pwr_ex.o
HAL_PWR_ConfigPVD                                 build/stm32f4xx_hal_pwr.o
HAL_PWR_DeInit                                    build/stm32f4xx_hal_pwr.o
HAL_PWR_DisableBkUpAccess                         build/stm32f4xx_hal_pwr.o
HAL_PWR_DisablePVD                                build/stm32f4xx_hal_pwr.o
HAL_PWR_DisableSEVOnPend                          build/stm32f4xx_hal_pwr.o
HAL_PWR_DisableSleepOnExit                        build/stm32f4xx_hal_pwr.o
HAL_PWR_DisableWakeUpPin                          build/stm32f4xx_hal_pwr.o
HAL_PWR_EnableBkUpAccess                          build/stm32f4xx_hal_pwr.o
HAL_PWR_EnablePVD                                 build/stm32f4xx_hal_pwr.o
HAL_PWR_EnableSEVOnPend                           build/stm32f4xx_hal_pwr.o
HAL_PWR_EnableSleepOnExit                         build/stm32f4xx_hal_pwr.o
HAL_PWR_EnableWakeUpPin                           build/stm32f4xx_hal_pwr.o
HAL_PWR_EnterSLEEPMode                            build/stm32f4xx_hal_pwr.o
HAL_PWR_EnterSTANDBYMode                          build/stm32f4xx_hal_pwr.o
HAL_PWR_EnterSTOPMode                             build/stm32f4xx_hal_pwr.o
HAL_PWR_PVDCallback                               build/stm32f4xx_hal_pwr.o
HAL_PWR_PVD_IRQHandler                            build/stm32f4xx_hal_pwr.o
HAL_RCCEx_DisablePLLI2S                           build/stm32f4xx_hal_rcc_ex.o
HAL_RCCEx_EnablePLLI2S                            build/stm32f4xx_hal_rcc_ex.o
HAL_RCCEx_GetPeriphCLKConfig                      build/stm32f4xx_hal_rcc_ex.o
HAL_RCCEx_GetPeriphCLKFreq                        build/stm32f4xx_hal_rcc_ex.o
HAL_RCCEx_PeriphCLKConfig                         build/stm32f4xx_hal_rcc_ex.o
HAL_RCC_CSSCallback                               build/stm32f4xx_hal_rcc.o
HAL_RCC_ClockConfig                               build/stm32f4xx_hal_rcc.o
                                                  build/main.o
HAL_RCC_DeInit                                    build/stm32f4xx_hal_rcc_ex.o
                                                  build/stm32f4xx_hal_rcc.o
HAL_RCC_DisableCSS                                build/stm32f4xx_hal_rcc.o
HAL_RCC_EnableCSS                                 build/stm32f4xx_hal_rcc.o
HAL_RCC_GetClockConfig                            build/stm32f4xx_hal_rcc.o
HAL_RCC_GetHCLKFreq                               build/stm32f4xx_hal_rcc.o
HAL_RCC_GetOscConfig                              build/stm32f4xx_hal_rcc.o
HAL_RCC_GetPCLK1Freq                              build/stm32f4xx_hal_rcc.o
HAL_RCC_GetPCLK2Freq                              build/stm32f4xx_hal_rcc.o
HAL_RCC_GetSysClockFreq                           build/stm32f4xx_hal_rcc.o
HAL_RCC_MCOConfig                                 build/stm32f4xx_hal_rcc.o
HAL_RCC_NMI_IRQHandler                            build/stm32f4xx_hal_rcc.o
HAL_RCC_OscConfig                                 build/stm32f4xx_hal_rcc.o
                                                  build/main.o
HAL_ResumeTick                                    build/stm32f4xx_hal.o
HAL_SYSTICK_CLKSourceConfig                       build/stm32f4xx_hal_cortex.o
HAL_SYSTICK_Callback                              build/stm32f4xx_hal_cortex.o
HAL_SYSTICK_Config                                build/stm32f4xx_hal_cortex.o
                                                  build/stm32f4xx_hal.o
HAL_SYSTICK_IRQHandler                            build/stm32f4xx_hal_cortex.o
HAL_SetTickFreq                                   build/stm32f4xx_hal.o
HAL_SuspendTick                                   build/stm32f4xx_hal.o
HASH_RNG_IRQHandler                               build/startup_stm32f407xx.o
HardFault_Handler                                 build/stm32f4xx_it.o
I2C1_ER_IRQHandler                                build/startup_stm32f407xx.o
I2C1_EV_IRQHandler                                build/startup_stm32f407xx.o
I2C2_ER_IRQHandler                                build/startup_stm32f407xx.o
I2C2_EV_IRQHandler                                build/startup_stm32f407xx.o
I2C3_ER_IRQHandler                                build/startup_stm32f407xx.o
I2C3_EV_IRQHandler                                build/startup_stm32f407xx.o
MemManage_Handler                                 build/stm32f4xx_it.o
NMI_Handler                                       build/stm32f4xx_it.o
OTG_FS_IRQHandler                                 build/startup_stm32f407xx.o
OTG_FS_WKUP_IRQHandler                            build/startup_stm32f407xx.o
OTG_HS_EP1_IN_IRQHandler                          build/startup_stm32f407xx.o
OTG_HS_EP1_OUT_IRQHandler                         build/startup_stm32f407xx.o
OTG_HS_IRQHandler                                 build/startup_stm32f407xx.o
OTG_HS_WKUP_IRQHandler                            build/startup_stm32f407xx.o
PVD_IRQHandler                                    build/startup_stm32f407xx.o
PendSV_Handler                                    build/stm32f4xx_it.o
RCC_IRQHandler                                    build/startup_stm32f407xx.o
RTC_Alarm_IRQHandler                              build/startup_stm32f407xx.o
RTC_WKUP_IRQHandler                               build/startup_stm32f407xx.o
Reset_Handler                                     build/startup_stm32f407xx.o
SDIO_IRQHandler                                   build/startup_stm32f407xx.o
SPI1_IRQHandler                                   build/startup_stm32f407xx.o
SPI2_IRQHandler                                   build/startup_stm32f407xx.o
SPI3_IRQHandler                                   build/startup_stm32f407xx.o
SVC_Handler                                       build/stm32f4xx_it.o
SysTick_Handler                                   build/stm32f4xx_it.o
SystemClock_Config                                build/main.o
SystemCoreClock                                   build/system_stm32f4xx.o
                                                  build/stm32f4xx_hal_rcc_ex.o
                                                  build/stm32f4xx_hal_rcc.o
                                                  build/stm32f4xx_hal_dma.o
                                                  build/stm32f4xx_hal.o
SystemCoreClockUpdate                             build/system_stm32f4xx.o
SystemInit                                        build/system_stm32f4xx.o
                                                  build/startup_stm32f407xx.o
TAMP_STAMP_IRQHandler                             build/startup_stm32f407xx.o
TIM1_BRK_TIM9_IRQHandler                          build/startup_stm32f407xx.o
TIM1_CC_IRQHandler                                build/startup_stm32f407xx.o
TIM1_TRG_COM_TIM11_IRQHandler                     build/startup_stm32f407xx.o
TIM1_UP_TIM10_IRQHandler                          build/startup_stm32f407xx.o
TIM2_IRQHandler                                   build/startup_stm32f407xx.o
TIM3_IRQHandler                                   build/startup_stm32f407xx.o
TIM4_IRQHandler                                   build/startup_stm32f407xx.o
TIM5_IRQHandler                                   build/startup_stm32f407xx.o
TIM6_DAC_IRQHandler                               build/startup_stm32f407xx.o
TIM7_IRQHandler                                   build/startup_stm32f407xx.o
TIM8_BRK_TIM12_IRQHandler                         build/startup_stm32f407xx.o
TIM8_CC_IRQHandler                                build/startup_stm32f407xx.o
TIM8_TRG_COM_TIM14_IRQHandler                     build/startup_stm32f407xx.o
TIM8_UP_TIM13_IRQHandler                          build/startup_stm32f407xx.o
UART4_IRQHandler                                  build/startup_stm32f407xx.o
UART5_IRQHandler                                  build/startup_stm32f407xx.o
USART1_IRQHandler                                 build/startup_stm32f407xx.o
USART2_IRQHandler                                 build/startup_stm32f407xx.o
USART3_IRQHandler                                 build/startup_stm32f407xx.o
USART6_IRQHandler                                 build/startup_stm32f407xx.o
UsageFault_Handler                                build/stm32f4xx_it.o
WWDG_IRQHandler                                   build/startup_stm32f407xx.o
_Min_Stack_Size                                   build/sysmem.o
__aeabi_idiv0                                     c:/Users/User/AppData/Roaming/Code/User/globalStorage/bmd.stm32-for-vscode/@xpack-dev-tools/arm-none-eabi-gcc/13.2.1-1.1.1/.content/bin/../lib/gcc/arm-none-eabi/13.2.1/thumb/v7e-m+fp/hard\libgcc.a(_dvmd_tls.o)
__aeabi_ldiv0                                     c:/Users/User/AppData/Roaming/Code/User/globalStorage/bmd.stm32-for-vscode/@xpack-dev-tools/arm-none-eabi-gcc/13.2.1-1.1.1/.content/bin/../lib/gcc/arm-none-eabi/13.2.1/thumb/v7e-m+fp/hard\libgcc.a(_dvmd_tls.o)
                                                  c:/Users/User/AppData/Roaming/Code/User/globalStorage/bmd.stm32-for-vscode/@xpack-dev-tools/arm-none-eabi-gcc/13.2.1-1.1.1/.content/bin/../lib/gcc/arm-none-eabi/13.2.1/thumb/v7e-m+fp/hard\libgcc.a(_aeabi_uldivmod.o)
__aeabi_uldivmod                                  c:/Users/User/AppData/Roaming/Code/User/globalStorage/bmd.stm32-for-vscode/@xpack-dev-tools/arm-none-eabi-gcc/13.2.1-1.1.1/.content/bin/../lib/gcc/arm-none-eabi/13.2.1/thumb/v7e-m+fp/hard\libgcc.a(_aeabi_uldivmod.o)
                                                  build/stm32f4xx_hal_rcc.o
__atexit                                          c:/Users/User/AppData/Roaming/Code/User/globalStorage/bmd.stm32-for-vscode/@xpack-dev-tools/arm-none-eabi-gcc/13.2.1-1.1.1/.content/bin/../lib/gcc/arm-none-eabi/13.2.1/../../../../arm-none-eabi/lib/thumb/v7e-m+fp/hard\libc_nano.a(libc_a-__call_atexit.o)
                                                  c:/Users/User/AppData/Roaming/Code/User/globalStorage/bmd.stm32-for-vscode/@xpack-dev-tools/arm-none-eabi-gcc/13.2.1-1.1.1/.content/bin/../lib/gcc/arm-none-eabi/13.2.1/../../../../arm-none-eabi/lib/thumb/v7e-m+fp/hard\libc_nano.a(libc_a-__atexit.o)
__atexit0                                         c:/Users/User/AppData/Roaming/Code/User/globalStorage/bmd.stm32-for-vscode/@xpack-dev-tools/arm-none-eabi-gcc/13.2.1-1.1.1/.content/bin/../lib/gcc/arm-none-eabi/13.2.1/../../../../arm-none-eabi/lib/thumb/v7e-m+fp/hard\libc_nano.a(libc_a-__atexit.o)
__atexit_dummy                                    c:/Users/User/AppData/Roaming/Code/User/globalStorage/bmd.stm32-for-vscode/@xpack-dev-tools/arm-none-eabi-gcc/13.2.1-1.1.1/.content/bin/../lib/gcc/arm-none-eabi/13.2.1/../../../../arm-none-eabi/lib/thumb/v7e-m+fp/hard\libc_nano.a(libc_a-__atexit.o)
__atexit_recursive_mutex                          c:/Users/User/AppData/Roaming/Code/User/globalStorage/bmd.stm32-for-vscode/@xpack-dev-tools/arm-none-eabi-gcc/13.2.1-1.1.1/.content/bin/../lib/gcc/arm-none-eabi/13.2.1/../../../../arm-none-eabi/lib/thumb/v7e-m+fp/hard\libc_nano.a(libc_a-__call_atexit.o)
                                                  c:/Users/User/AppData/Roaming/Code/User/globalStorage/bmd.stm32-for-vscode/@xpack-dev-tools/arm-none-eabi-gcc/13.2.1-1.1.1/.content/bin/../lib/gcc/arm-none-eabi/13.2.1/../../../../arm-none-eabi/lib/thumb/v7e-m+fp/hard\libc_nano.a(libc_a-__atexit.o)
__bss_end__                                       c:/Users/User/AppData/Roaming/Code/User/globalStorage/bmd.stm32-for-vscode/@xpack-dev-tools/arm-none-eabi-gcc/13.2.1-1.1.1/.content/bin/../lib/gcc/arm-none-eabi/13.2.1/../../../../arm-none-eabi/lib/thumb/v7e-m+fp/hard/crt0.o
__bss_start__                                     c:/Users/User/AppData/Roaming/Code/User/globalStorage/bmd.stm32-for-vscode/@xpack-dev-tools/arm-none-eabi-gcc/13.2.1-1.1.1/.content/bin/../lib/gcc/arm-none-eabi/13.2.1/../../../../arm-none-eabi/lib/thumb/v7e-m+fp/hard/crt0.o
__call_exitprocs                                  c:/Users/User/AppData/Roaming/Code/User/globalStorage/bmd.stm32-for-vscode/@xpack-dev-tools/arm-none-eabi-gcc/13.2.1-1.1.1/.content/bin/../lib/gcc/arm-none-eabi/13.2.1/../../../../arm-none-eabi/lib/thumb/v7e-m+fp/hard\libc_nano.a(libc_a-__call_atexit.o)
                                                  c:/Users/User/AppData/Roaming/Code/User/globalStorage/bmd.stm32-for-vscode/@xpack-dev-tools/arm-none-eabi-gcc/13.2.1-1.1.1/.content/bin/../lib/gcc/arm-none-eabi/13.2.1/../../../../arm-none-eabi/lib/thumb/v7e-m+fp/hard\libc_nano.a(libc_a-__atexit.o)
                                                  c:/Users/User/AppData/Roaming/Code/User/globalStorage/bmd.stm32-for-vscode/@xpack-dev-tools/arm-none-eabi-gcc/13.2.1-1.1.1/.content/bin/../lib/gcc/arm-none-eabi/13.2.1/../../../../arm-none-eabi/lib/thumb/v7e-m+fp/hard\libc_nano.a(libc_a-exit.o)
__deregister_frame_info                           c:/Users/User/AppData/Roaming/Code/User/globalStorage/bmd.stm32-for-vscode/@xpack-dev-tools/arm-none-eabi-gcc/13.2.1-1.1.1/.content/bin/../lib/gcc/arm-none-eabi/13.2.1/thumb/v7e-m+fp/hard/crtbegin.o
__dso_handle                                      c:/Users/User/AppData/Roaming/Code/User/globalStorage/bmd.stm32-for-vscode/@xpack-dev-tools/arm-none-eabi-gcc/13.2.1-1.1.1/.content/bin/../lib/gcc/arm-none-eabi/13.2.1/thumb/v7e-m+fp/hard/crtbegin.o
__env                                             build/syscalls.o
__errno                                           c:/Users/User/AppData/Roaming/Code/User/globalStorage/bmd.stm32-for-vscode/@xpack-dev-tools/arm-none-eabi-gcc/13.2.1-1.1.1/.content/bin/../lib/gcc/arm-none-eabi/13.2.1/../../../../arm-none-eabi/lib/thumb/v7e-m+fp/hard\libc_nano.a(libc_a-errno.o)
                                                  build/sysmem.o
                                                  build/syscalls.o
__fini_array_end                                  c:/Users/User/AppData/Roaming/Code/User/globalStorage/bmd.stm32-for-vscode/@xpack-dev-tools/arm-none-eabi-gcc/13.2.1-1.1.1/.content/bin/../lib/gcc/arm-none-eabi/13.2.1/../../../../arm-none-eabi/lib/thumb/v7e-m+fp/hard\libc_nano.a(libc_a-fini.o)
__fini_array_start                                c:/Users/User/AppData/Roaming/Code/User/globalStorage/bmd.stm32-for-vscode/@xpack-dev-tools/arm-none-eabi-gcc/13.2.1-1.1.1/.content/bin/../lib/gcc/arm-none-eabi/13.2.1/../../../../arm-none-eabi/lib/thumb/v7e-m+fp/hard\libc_nano.a(libc_a-fini.o)
__fp_lock_all                                     c:/Users/User/AppData/Roaming/Code/User/globalStorage/bmd.stm32-for-vscode/@xpack-dev-tools/arm-none-eabi-gcc/13.2.1-1.1.1/.content/bin/../lib/gcc/arm-none-eabi/13.2.1/../../../../arm-none-eabi/lib/thumb/v7e-m+fp/hard\libc_nano.a(libc_a-findfp.o)
__fp_unlock_all                                   c:/Users/User/AppData/Roaming/Code/User/globalStorage/bmd.stm32-for-vscode/@xpack-dev-tools/arm-none-eabi-gcc/13.2.1-1.1.1/.content/bin/../lib/gcc/arm-none-eabi/13.2.1/../../../../arm-none-eabi/lib/thumb/v7e-m+fp/hard\libc_nano.a(libc_a-findfp.o)
__init_array_end                                  c:/Users/User/AppData/Roaming/Code/User/globalStorage/bmd.stm32-for-vscode/@xpack-dev-tools/arm-none-eabi-gcc/13.2.1-1.1.1/.content/bin/../lib/gcc/arm-none-eabi/13.2.1/../../../../arm-none-eabi/lib/thumb/v7e-m+fp/hard\libc_nano.a(libc_a-init.o)
__init_array_start                                c:/Users/User/AppData/Roaming/Code/User/globalStorage/bmd.stm32-for-vscode/@xpack-dev-tools/arm-none-eabi-gcc/13.2.1-1.1.1/.content/bin/../lib/gcc/arm-none-eabi/13.2.1/../../../../arm-none-eabi/lib/thumb/v7e-m+fp/hard\libc_nano.a(libc_a-init.o)
__io_getchar                                      build/syscalls.o
__io_putchar                                      build/syscalls.o
__libc_fini_array                                 c:/Users/User/AppData/Roaming/Code/User/globalStorage/bmd.stm32-for-vscode/@xpack-dev-tools/arm-none-eabi-gcc/13.2.1-1.1.1/.content/bin/../lib/gcc/arm-none-eabi/13.2.1/../../../../arm-none-eabi/lib/thumb/v7e-m+fp/hard\libc_nano.a(libc_a-fini.o)
                                                  c:/Users/User/AppData/Roaming/Code/User/globalStorage/bmd.stm32-for-vscode/@xpack-dev-tools/arm-none-eabi-gcc/13.2.1-1.1.1/.content/bin/../lib/gcc/arm-none-eabi/13.2.1/../../../../arm-none-eabi/lib/thumb/v7e-m+fp/hard/crt0.o
__libc_init_array                                 c:/Users/User/AppData/Roaming/Code/User/globalStorage/bmd.stm32-for-vscode/@xpack-dev-tools/arm-none-eabi-gcc/13.2.1-1.1.1/.content/bin/../lib/gcc/arm-none-eabi/13.2.1/../../../../arm-none-eabi/lib/thumb/v7e-m+fp/hard\libc_nano.a(libc_a-init.o)
                                                  build/startup_stm32f407xx.o
                                                  c:/Users/User/AppData/Roaming/Code/User/globalStorage/bmd.stm32-for-vscode/@xpack-dev-tools/arm-none-eabi-gcc/13.2.1-1.1.1/.content/bin/../lib/gcc/arm-none-eabi/13.2.1/../../../../arm-none-eabi/lib/thumb/v7e-m+fp/hard/crt0.o
__lock___arc4random_mutex                         c:/Users/User/AppData/Roaming/Code/User/globalStorage/bmd.stm32-for-vscode/@xpack-dev-tools/arm-none-eabi-gcc/13.2.1-1.1.1/.content/bin/../lib/gcc/arm-none-eabi/13.2.1/../../../../arm-none-eabi/lib/thumb/v7e-m+fp/hard\libc_nano.a(libc_a-lock.o)
__lock___at_quick_exit_mutex                      c:/Users/User/AppData/Roaming/Code/User/globalStorage/bmd.stm32-for-vscode/@xpack-dev-tools/arm-none-eabi-gcc/13.2.1-1.1.1/.content/bin/../lib/gcc/arm-none-eabi/13.2.1/../../../../arm-none-eabi/lib/thumb/v7e-m+fp/hard\libc_nano.a(libc_a-lock.o)
__lock___atexit_recursive_mutex                   c:/Users/User/AppData/Roaming/Code/User/globalStorage/bmd.stm32-for-vscode/@xpack-dev-tools/arm-none-eabi-gcc/13.2.1-1.1.1/.content/bin/../lib/gcc/arm-none-eabi/13.2.1/../../../../arm-none-eabi/lib/thumb/v7e-m+fp/hard\libc_nano.a(libc_a-lock.o)
                                                  c:/Users/User/AppData/Roaming/Code/User/globalStorage/bmd.stm32-for-vscode/@xpack-dev-tools/arm-none-eabi-gcc/13.2.1-1.1.1/.content/bin/../lib/gcc/arm-none-eabi/13.2.1/../../../../arm-none-eabi/lib/thumb/v7e-m+fp/hard\libc_nano.a(libc_a-__call_atexit.o)
__lock___dd_hash_mutex                            c:/Users/User/AppData/Roaming/Code/User/globalStorage/bmd.stm32-for-vscode/@xpack-dev-tools/arm-none-eabi-gcc/13.2.1-1.1.1/.content/bin/../lib/gcc/arm-none-eabi/13.2.1/../../../../arm-none-eabi/lib/thumb/v7e-m+fp/hard\libc_nano.a(libc_a-lock.o)
__lock___env_recursive_mutex                      c:/Users/User/AppData/Roaming/Code/User/globalStorage/bmd.stm32-for-vscode/@xpack-dev-tools/arm-none-eabi-gcc/13.2.1-1.1.1/.content/bin/../lib/gcc/arm-none-eabi/13.2.1/../../../../arm-none-eabi/lib/thumb/v7e-m+fp/hard\libc_nano.a(libc_a-lock.o)
__lock___malloc_recursive_mutex                   c:/Users/User/AppData/Roaming/Code/User/globalStorage/bmd.stm32-for-vscode/@xpack-dev-tools/arm-none-eabi-gcc/13.2.1-1.1.1/.content/bin/../lib/gcc/arm-none-eabi/13.2.1/../../../../arm-none-eabi/lib/thumb/v7e-m+fp/hard\libc_nano.a(libc_a-lock.o)
                                                  c:/Users/User/AppData/Roaming/Code/User/globalStorage/bmd.stm32-for-vscode/@xpack-dev-tools/arm-none-eabi-gcc/13.2.1-1.1.1/.content/bin/../lib/gcc/arm-none-eabi/13.2.1/../../../../arm-none-eabi/lib/thumb/v7e-m+fp/hard\libc_nano.a(libc_a-mlock.o)
__lock___sfp_recursive_mutex                      c:/Users/User/AppData/Roaming/Code/User/globalStorage/bmd.stm32-for-vscode/@xpack-dev-tools/arm-none-eabi-gcc/13.2.1-1.1.1/.content/bin/../lib/gcc/arm-none-eabi/13.2.1/../../../../arm-none-eabi/lib/thumb/v7e-m+fp/hard\libc_nano.a(libc_a-lock.o)
                                                  c:/Users/User/AppData/Roaming/Code/User/globalStorage/bmd.stm32-for-vscode/@xpack-dev-tools/arm-none-eabi-gcc/13.2.1-1.1.1/.content/bin/../lib/gcc/arm-none-eabi/13.2.1/../../../../arm-none-eabi/lib/thumb/v7e-m+fp/hard\libc_nano.a(libc_a-findfp.o)
__lock___tz_mutex                                 c:/Users/User/AppData/Roaming/Code/User/globalStorage/bmd.stm32-for-vscode/@xpack-dev-tools/arm-none-eabi-gcc/13.2.1-1.1.1/.content/bin/../lib/gcc/arm-none-eabi/13.2.1/../../../../arm-none-eabi/lib/thumb/v7e-m+fp/hard\libc_nano.a(libc_a-lock.o)
__malloc_free_list                                c:/Users/User/AppData/Roaming/Code/User/globalStorage/bmd.stm32-for-vscode/@xpack-dev-tools/arm-none-eabi-gcc/13.2.1-1.1.1/.content/bin/../lib/gcc/arm-none-eabi/13.2.1/../../../../arm-none-eabi/lib/thumb/v7e-m+fp/hard\libc_nano.a(libc_a-mallocr.o)
                                                  c:/Users/User/AppData/Roaming/Code/User/globalStorage/bmd.stm32-for-vscode/@xpack-dev-tools/arm-none-eabi-gcc/13.2.1-1.1.1/.content/bin/../lib/gcc/arm-none-eabi/13.2.1/../../../../arm-none-eabi/lib/thumb/v7e-m+fp/hard\libc_nano.a(libc_a-freer.o)
__malloc_lock                                     c:/Users/User/AppData/Roaming/Code/User/globalStorage/bmd.stm32-for-vscode/@xpack-dev-tools/arm-none-eabi-gcc/13.2.1-1.1.1/.content/bin/../lib/gcc/arm-none-eabi/13.2.1/../../../../arm-none-eabi/lib/thumb/v7e-m+fp/hard\libc_nano.a(libc_a-mlock.o)
                                                  c:/Users/User/AppData/Roaming/Code/User/globalStorage/bmd.stm32-for-vscode/@xpack-dev-tools/arm-none-eabi-gcc/13.2.1-1.1.1/.content/bin/../lib/gcc/arm-none-eabi/13.2.1/../../../../arm-none-eabi/lib/thumb/v7e-m+fp/hard\libc_nano.a(libc_a-mallocr.o)
                                                  c:/Users/User/AppData/Roaming/Code/User/globalStorage/bmd.stm32-for-vscode/@xpack-dev-tools/arm-none-eabi-gcc/13.2.1-1.1.1/.content/bin/../lib/gcc/arm-none-eabi/13.2.1/../../../../arm-none-eabi/lib/thumb/v7e-m+fp/hard\libc_nano.a(libc_a-freer.o)
__malloc_sbrk_start                               c:/Users/User/AppData/Roaming/Code/User/globalStorage/bmd.stm32-for-vscode/@xpack-dev-tools/arm-none-eabi-gcc/13.2.1-1.1.1/.content/bin/../lib/gcc/arm-none-eabi/13.2.1/../../../../arm-none-eabi/lib/thumb/v7e-m+fp/hard\libc_nano.a(libc_a-mallocr.o)
__malloc_unlock                                   c:/Users/User/AppData/Roaming/Code/User/globalStorage/bmd.stm32-for-vscode/@xpack-dev-tools/arm-none-eabi-gcc/13.2.1-1.1.1/.content/bin/../lib/gcc/arm-none-eabi/13.2.1/../../../../arm-none-eabi/lib/thumb/v7e-m+fp/hard\libc_nano.a(libc_a-mlock.o)
                                                  c:/Users/User/AppData/Roaming/Code/User/globalStorage/bmd.stm32-for-vscode/@xpack-dev-tools/arm-none-eabi-gcc/13.2.1-1.1.1/.content/bin/../lib/gcc/arm-none-eabi/13.2.1/../../../../arm-none-eabi/lib/thumb/v7e-m+fp/hard\libc_nano.a(libc_a-mallocr.o)
                                                  c:/Users/User/AppData/Roaming/Code/User/globalStorage/bmd.stm32-for-vscode/@xpack-dev-tools/arm-none-eabi-gcc/13.2.1-1.1.1/.content/bin/../lib/gcc/arm-none-eabi/13.2.1/../../../../arm-none-eabi/lib/thumb/v7e-m+fp/hard\libc_nano.a(libc_a-freer.o)
__on_exit_args                                    c:/Users/User/AppData/Roaming/Code/User/globalStorage/bmd.stm32-for-vscode/@xpack-dev-tools/arm-none-eabi-gcc/13.2.1-1.1.1/.content/bin/../lib/gcc/arm-none-eabi/13.2.1/../../../../arm-none-eabi/lib/thumb/v7e-m+fp/hard\libc_nano.a(libc_a-__atexit.o)
__preinit_array_end                               c:/Users/User/AppData/Roaming/Code/User/globalStorage/bmd.stm32-for-vscode/@xpack-dev-tools/arm-none-eabi-gcc/13.2.1-1.1.1/.content/bin/../lib/gcc/arm-none-eabi/13.2.1/../../../../arm-none-eabi/lib/thumb/v7e-m+fp/hard\libc_nano.a(libc_a-init.o)
__preinit_array_start                             c:/Users/User/AppData/Roaming/Code/User/globalStorage/bmd.stm32-for-vscode/@xpack-dev-tools/arm-none-eabi-gcc/13.2.1-1.1.1/.content/bin/../lib/gcc/arm-none-eabi/13.2.1/../../../../arm-none-eabi/lib/thumb/v7e-m+fp/hard\libc_nano.a(libc_a-init.o)
__register_exitproc                               c:/Users/User/AppData/Roaming/Code/User/globalStorage/bmd.stm32-for-vscode/@xpack-dev-tools/arm-none-eabi-gcc/13.2.1-1.1.1/.content/bin/../lib/gcc/arm-none-eabi/13.2.1/../../../../arm-none-eabi/lib/thumb/v7e-m+fp/hard\libc_nano.a(libc_a-__atexit.o)
                                                  c:/Users/User/AppData/Roaming/Code/User/globalStorage/bmd.stm32-for-vscode/@xpack-dev-tools/arm-none-eabi-gcc/13.2.1-1.1.1/.content/bin/../lib/gcc/arm-none-eabi/13.2.1/../../../../arm-none-eabi/lib/thumb/v7e-m+fp/hard\libc_nano.a(libc_a-atexit.o)
__register_frame_info                             c:/Users/User/AppData/Roaming/Code/User/globalStorage/bmd.stm32-for-vscode/@xpack-dev-tools/arm-none-eabi-gcc/13.2.1-1.1.1/.content/bin/../lib/gcc/arm-none-eabi/13.2.1/thumb/v7e-m+fp/hard/crtbegin.o
__retarget_lock_acquire                           c:/Users/User/AppData/Roaming/Code/User/globalStorage/bmd.stm32-for-vscode/@xpack-dev-tools/arm-none-eabi-gcc/13.2.1-1.1.1/.content/bin/../lib/gcc/arm-none-eabi/13.2.1/../../../../arm-none-eabi/lib/thumb/v7e-m+fp/hard\libc_nano.a(libc_a-lock.o)
__retarget_lock_acquire_recursive                 c:/Users/User/AppData/Roaming/Code/User/globalStorage/bmd.stm32-for-vscode/@xpack-dev-tools/arm-none-eabi-gcc/13.2.1-1.1.1/.content/bin/../lib/gcc/arm-none-eabi/13.2.1/../../../../arm-none-eabi/lib/thumb/v7e-m+fp/hard\libc_nano.a(libc_a-lock.o)
                                                  c:/Users/User/AppData/Roaming/Code/User/globalStorage/bmd.stm32-for-vscode/@xpack-dev-tools/arm-none-eabi-gcc/13.2.1-1.1.1/.content/bin/../lib/gcc/arm-none-eabi/13.2.1/../../../../arm-none-eabi/lib/thumb/v7e-m+fp/hard\libc_nano.a(libc_a-fflush.o)
                                                  c:/Users/User/AppData/Roaming/Code/User/globalStorage/bmd.stm32-for-vscode/@xpack-dev-tools/arm-none-eabi-gcc/13.2.1-1.1.1/.content/bin/../lib/gcc/arm-none-eabi/13.2.1/../../../../arm-none-eabi/lib/thumb/v7e-m+fp/hard\libc_nano.a(libc_a-mlock.o)
                                                  c:/Users/User/AppData/Roaming/Code/User/globalStorage/bmd.stm32-for-vscode/@xpack-dev-tools/arm-none-eabi-gcc/13.2.1-1.1.1/.content/bin/../lib/gcc/arm-none-eabi/13.2.1/../../../../arm-none-eabi/lib/thumb/v7e-m+fp/hard\libc_nano.a(libc_a-__call_atexit.o)
                                                  c:/Users/User/AppData/Roaming/Code/User/globalStorage/bmd.stm32-for-vscode/@xpack-dev-tools/arm-none-eabi-gcc/13.2.1-1.1.1/.content/bin/../lib/gcc/arm-none-eabi/13.2.1/../../../../arm-none-eabi/lib/thumb/v7e-m+fp/hard\libc_nano.a(libc_a-__atexit.o)
                                                  c:/Users/User/AppData/Roaming/Code/User/globalStorage/bmd.stm32-for-vscode/@xpack-dev-tools/arm-none-eabi-gcc/13.2.1-1.1.1/.content/bin/../lib/gcc/arm-none-eabi/13.2.1/../../../../arm-none-eabi/lib/thumb/v7e-m+fp/hard\libc_nano.a(libc_a-findfp.o)
__retarget_lock_close                             c:/Users/User/AppData/Roaming/Code/User/globalStorage/bmd.stm32-for-vscode/@xpack-dev-tools/arm-none-eabi-gcc/13.2.1-1.1.1/.content/bin/../lib/gcc/arm-none-eabi/13.2.1/../../../../arm-none-eabi/lib/thumb/v7e-m+fp/hard\libc_nano.a(libc_a-lock.o)
__retarget_lock_close_recursive                   c:/Users/User/AppData/Roaming/Code/User/globalStorage/bmd.stm32-for-vscode/@xpack-dev-tools/arm-none-eabi-gcc/13.2.1-1.1.1/.content/bin/../lib/gcc/arm-none-eabi/13.2.1/../../../../arm-none-eabi/lib/thumb/v7e-m+fp/hard\libc_nano.a(libc_a-lock.o)
__retarget_lock_init                              c:/Users/User/AppData/Roaming/Code/User/globalStorage/bmd.stm32-for-vscode/@xpack-dev-tools/arm-none-eabi-gcc/13.2.1-1.1.1/.content/bin/../lib/gcc/arm-none-eabi/13.2.1/../../../../arm-none-eabi/lib/thumb/v7e-m+fp/hard\libc_nano.a(libc_a-lock.o)
__retarget_lock_init_recursive                    c:/Users/User/AppData/Roaming/Code/User/globalStorage/bmd.stm32-for-vscode/@xpack-dev-tools/arm-none-eabi-gcc/13.2.1-1.1.1/.content/bin/../lib/gcc/arm-none-eabi/13.2.1/../../../../arm-none-eabi/lib/thumb/v7e-m+fp/hard\libc_nano.a(libc_a-lock.o)
                                                  c:/Users/User/AppData/Roaming/Code/User/globalStorage/bmd.stm32-for-vscode/@xpack-dev-tools/arm-none-eabi-gcc/13.2.1-1.1.1/.content/bin/../lib/gcc/arm-none-eabi/13.2.1/../../../../arm-none-eabi/lib/thumb/v7e-m+fp/hard\libc_nano.a(libc_a-findfp.o)
__retarget_lock_release                           c:/Users/User/AppData/Roaming/Code/User/globalStorage/bmd.stm32-for-vscode/@xpack-dev-tools/arm-none-eabi-gcc/13.2.1-1.1.1/.content/bin/../lib/gcc/arm-none-eabi/13.2.1/../../../../arm-none-eabi/lib/thumb/v7e-m+fp/hard\libc_nano.a(libc_a-lock.o)
__retarget_lock_release_recursive                 c:/Users/User/AppData/Roaming/Code/User/globalStorage/bmd.stm32-for-vscode/@xpack-dev-tools/arm-none-eabi-gcc/13.2.1-1.1.1/.content/bin/../lib/gcc/arm-none-eabi/13.2.1/../../../../arm-none-eabi/lib/thumb/v7e-m+fp/hard\libc_nano.a(libc_a-lock.o)
                                                  c:/Users/User/AppData/Roaming/Code/User/globalStorage/bmd.stm32-for-vscode/@xpack-dev-tools/arm-none-eabi-gcc/13.2.1-1.1.1/.content/bin/../lib/gcc/arm-none-eabi/13.2.1/../../../../arm-none-eabi/lib/thumb/v7e-m+fp/hard\libc_nano.a(libc_a-fflush.o)
                                                  c:/Users/User/AppData/Roaming/Code/User/globalStorage/bmd.stm32-for-vscode/@xpack-dev-tools/arm-none-eabi-gcc/13.2.1-1.1.1/.content/bin/../lib/gcc/arm-none-eabi/13.2.1/../../../../arm-none-eabi/lib/thumb/v7e-m+fp/hard\libc_nano.a(libc_a-mlock.o)
                                                  c:/Users/User/AppData/Roaming/Code/User/globalStorage/bmd.stm32-for-vscode/@xpack-dev-tools/arm-none-eabi-gcc/13.2.1-1.1.1/.content/bin/../lib/gcc/arm-none-eabi/13.2.1/../../../../arm-none-eabi/lib/thumb/v7e-m+fp/hard\libc_nano.a(libc_a-__call_atexit.o)
                                                  c:/Users/User/AppData/Roaming/Code/User/globalStorage/bmd.stm32-for-vscode/@xpack-dev-tools/arm-none-eabi-gcc/13.2.1-1.1.1/.content/bin/../lib/gcc/arm-none-eabi/13.2.1/../../../../arm-none-eabi/lib/thumb/v7e-m+fp/hard\libc_nano.a(libc_a-__atexit.o)
                                                  c:/Users/User/AppData/Roaming/Code/User/globalStorage/bmd.stm32-for-vscode/@xpack-dev-tools/arm-none-eabi-gcc/13.2.1-1.1.1/.content/bin/../lib/gcc/arm-none-eabi/13.2.1/../../../../arm-none-eabi/lib/thumb/v7e-m+fp/hard\libc_nano.a(libc_a-findfp.o)
__retarget_lock_try_acquire                       c:/Users/User/AppData/Roaming/Code/User/globalStorage/bmd.stm32-for-vscode/@xpack-dev-tools/arm-none-eabi-gcc/13.2.1-1.1.1/.content/bin/../lib/gcc/arm-none-eabi/13.2.1/../../../../arm-none-eabi/lib/thumb/v7e-m+fp/hard\libc_nano.a(libc_a-lock.o)
__retarget_lock_try_acquire_recursive             c:/Users/User/AppData/Roaming/Code/User/globalStorage/bmd.stm32-for-vscode/@xpack-dev-tools/arm-none-eabi-gcc/13.2.1-1.1.1/.content/bin/../lib/gcc/arm-none-eabi/13.2.1/../../../../arm-none-eabi/lib/thumb/v7e-m+fp/hard\libc_nano.a(libc_a-lock.o)
__sclose                                          c:/Users/User/AppData/Roaming/Code/User/globalStorage/bmd.stm32-for-vscode/@xpack-dev-tools/arm-none-eabi-gcc/13.2.1-1.1.1/.content/bin/../lib/gcc/arm-none-eabi/13.2.1/../../../../arm-none-eabi/lib/thumb/v7e-m+fp/hard\libc_nano.a(libc_a-stdio.o)
                                                  c:/Users/User/AppData/Roaming/Code/User/globalStorage/bmd.stm32-for-vscode/@xpack-dev-tools/arm-none-eabi-gcc/13.2.1-1.1.1/.content/bin/../lib/gcc/arm-none-eabi/13.2.1/../../../../arm-none-eabi/lib/thumb/v7e-m+fp/hard\libc_nano.a(libc_a-findfp.o)
__seofread                                        c:/Users/User/AppData/Roaming/Code/User/globalStorage/bmd.stm32-for-vscode/@xpack-dev-tools/arm-none-eabi-gcc/13.2.1-1.1.1/.content/bin/../lib/gcc/arm-none-eabi/13.2.1/../../../../arm-none-eabi/lib/thumb/v7e-m+fp/hard\libc_nano.a(libc_a-stdio.o)
__sf                                              c:/Users/User/AppData/Roaming/Code/User/globalStorage/bmd.stm32-for-vscode/@xpack-dev-tools/arm-none-eabi-gcc/13.2.1-1.1.1/.content/bin/../lib/gcc/arm-none-eabi/13.2.1/../../../../arm-none-eabi/lib/thumb/v7e-m+fp/hard\libc_nano.a(libc_a-findfp.o)
                                                  c:/Users/User/AppData/Roaming/Code/User/globalStorage/bmd.stm32-for-vscode/@xpack-dev-tools/arm-none-eabi-gcc/13.2.1-1.1.1/.content/bin/../lib/gcc/arm-none-eabi/13.2.1/../../../../arm-none-eabi/lib/thumb/v7e-m+fp/hard\libc_nano.a(libc_a-impure.o)
__sflush_r                                        c:/Users/User/AppData/Roaming/Code/User/globalStorage/bmd.stm32-for-vscode/@xpack-dev-tools/arm-none-eabi-gcc/13.2.1-1.1.1/.content/bin/../lib/gcc/arm-none-eabi/13.2.1/../../../../arm-none-eabi/lib/thumb/v7e-m+fp/hard\libc_nano.a(libc_a-fflush.o)
__sfp                                             c:/Users/User/AppData/Roaming/Code/User/globalStorage/bmd.stm32-for-vscode/@xpack-dev-tools/arm-none-eabi-gcc/13.2.1-1.1.1/.content/bin/../lib/gcc/arm-none-eabi/13.2.1/../../../../arm-none-eabi/lib/thumb/v7e-m+fp/hard\libc_nano.a(libc_a-findfp.o)
__sfp_lock_acquire                                c:/Users/User/AppData/Roaming/Code/User/globalStorage/bmd.stm32-for-vscode/@xpack-dev-tools/arm-none-eabi-gcc/13.2.1-1.1.1/.content/bin/../lib/gcc/arm-none-eabi/13.2.1/../../../../arm-none-eabi/lib/thumb/v7e-m+fp/hard\libc_nano.a(libc_a-findfp.o)
__sfp_lock_release                                c:/Users/User/AppData/Roaming/Code/User/globalStorage/bmd.stm32-for-vscode/@xpack-dev-tools/arm-none-eabi-gcc/13.2.1-1.1.1/.content/bin/../lib/gcc/arm-none-eabi/13.2.1/../../../../arm-none-eabi/lib/thumb/v7e-m+fp/hard\libc_nano.a(libc_a-findfp.o)
__sglue                                           c:/Users/User/AppData/Roaming/Code/User/globalStorage/bmd.stm32-for-vscode/@xpack-dev-tools/arm-none-eabi-gcc/13.2.1-1.1.1/.content/bin/../lib/gcc/arm-none-eabi/13.2.1/../../../../arm-none-eabi/lib/thumb/v7e-m+fp/hard\libc_nano.a(libc_a-findfp.o)
                                                  c:/Users/User/AppData/Roaming/Code/User/globalStorage/bmd.stm32-for-vscode/@xpack-dev-tools/arm-none-eabi-gcc/13.2.1-1.1.1/.content/bin/../lib/gcc/arm-none-eabi/13.2.1/../../../../arm-none-eabi/lib/thumb/v7e-m+fp/hard\libc_nano.a(libc_a-fflush.o)
__sinit                                           c:/Users/User/AppData/Roaming/Code/User/globalStorage/bmd.stm32-for-vscode/@xpack-dev-tools/arm-none-eabi-gcc/13.2.1-1.1.1/.content/bin/../lib/gcc/arm-none-eabi/13.2.1/../../../../arm-none-eabi/lib/thumb/v7e-m+fp/hard\libc_nano.a(libc_a-findfp.o)
                                                  c:/Users/User/AppData/Roaming/Code/User/globalStorage/bmd.stm32-for-vscode/@xpack-dev-tools/arm-none-eabi-gcc/13.2.1-1.1.1/.content/bin/../lib/gcc/arm-none-eabi/13.2.1/../../../../arm-none-eabi/lib/thumb/v7e-m+fp/hard\libc_nano.a(libc_a-fflush.o)
__sread                                           c:/Users/User/AppData/Roaming/Code/User/globalStorage/bmd.stm32-for-vscode/@xpack-dev-tools/arm-none-eabi-gcc/13.2.1-1.1.1/.content/bin/../lib/gcc/arm-none-eabi/13.2.1/../../../../arm-none-eabi/lib/thumb/v7e-m+fp/hard\libc_nano.a(libc_a-stdio.o)
                                                  c:/Users/User/AppData/Roaming/Code/User/globalStorage/bmd.stm32-for-vscode/@xpack-dev-tools/arm-none-eabi-gcc/13.2.1-1.1.1/.content/bin/../lib/gcc/arm-none-eabi/13.2.1/../../../../arm-none-eabi/lib/thumb/v7e-m+fp/hard\libc_nano.a(libc_a-findfp.o)
__sseek                                           c:/Users/User/AppData/Roaming/Code/User/globalStorage/bmd.stm32-for-vscode/@xpack-dev-tools/arm-none-eabi-gcc/13.2.1-1.1.1/.content/bin/../lib/gcc/arm-none-eabi/13.2.1/../../../../arm-none-eabi/lib/thumb/v7e-m+fp/hard\libc_nano.a(libc_a-stdio.o)
                                                  c:/Users/User/AppData/Roaming/Code/User/globalStorage/bmd.stm32-for-vscode/@xpack-dev-tools/arm-none-eabi-gcc/13.2.1-1.1.1/.content/bin/../lib/gcc/arm-none-eabi/13.2.1/../../../../arm-none-eabi/lib/thumb/v7e-m+fp/hard\libc_nano.a(libc_a-findfp.o)
__stack                                           c:/Users/User/AppData/Roaming/Code/User/globalStorage/bmd.stm32-for-vscode/@xpack-dev-tools/arm-none-eabi-gcc/13.2.1-1.1.1/.content/bin/../lib/gcc/arm-none-eabi/13.2.1/../../../../arm-none-eabi/lib/thumb/v7e-m+fp/hard/crt0.o
__stdio_exit_handler                              c:/Users/User/AppData/Roaming/Code/User/globalStorage/bmd.stm32-for-vscode/@xpack-dev-tools/arm-none-eabi-gcc/13.2.1-1.1.1/.content/bin/../lib/gcc/arm-none-eabi/13.2.1/../../../../arm-none-eabi/lib/thumb/v7e-m+fp/hard\libc_nano.a(libc_a-findfp.o)
                                                  c:/Users/User/AppData/Roaming/Code/User/globalStorage/bmd.stm32-for-vscode/@xpack-dev-tools/arm-none-eabi-gcc/13.2.1-1.1.1/.content/bin/../lib/gcc/arm-none-eabi/13.2.1/../../../../arm-none-eabi/lib/thumb/v7e-m+fp/hard\libc_nano.a(libc_a-exit.o)
__swrite                                          c:/Users/User/AppData/Roaming/Code/User/globalStorage/bmd.stm32-for-vscode/@xpack-dev-tools/arm-none-eabi-gcc/13.2.1-1.1.1/.content/bin/../lib/gcc/arm-none-eabi/13.2.1/../../../../arm-none-eabi/lib/thumb/v7e-m+fp/hard\libc_nano.a(libc_a-stdio.o)
                                                  c:/Users/User/AppData/Roaming/Code/User/globalStorage/bmd.stm32-for-vscode/@xpack-dev-tools/arm-none-eabi-gcc/13.2.1-1.1.1/.content/bin/../lib/gcc/arm-none-eabi/13.2.1/../../../../arm-none-eabi/lib/thumb/v7e-m+fp/hard\libc_nano.a(libc_a-findfp.o)
__udivmoddi4                                      c:/Users/User/AppData/Roaming/Code/User/globalStorage/bmd.stm32-for-vscode/@xpack-dev-tools/arm-none-eabi-gcc/13.2.1-1.1.1/.content/bin/../lib/gcc/arm-none-eabi/13.2.1/thumb/v7e-m+fp/hard\libgcc.a(_udivmoddi4.o)
                                                  c:/Users/User/AppData/Roaming/Code/User/globalStorage/bmd.stm32-for-vscode/@xpack-dev-tools/arm-none-eabi-gcc/13.2.1-1.1.1/.content/bin/../lib/gcc/arm-none-eabi/13.2.1/thumb/v7e-m+fp/hard\libgcc.a(_aeabi_uldivmod.o)
_close                                            build/syscalls.o
                                                  c:/Users/User/AppData/Roaming/Code/User/globalStorage/bmd.stm32-for-vscode/@xpack-dev-tools/arm-none-eabi-gcc/13.2.1-1.1.1/.content/bin/../lib/gcc/arm-none-eabi/13.2.1/../../../../arm-none-eabi/lib/thumb/v7e-m+fp/hard\libc_nano.a(libc_a-closer.o)
_close_r                                          c:/Users/User/AppData/Roaming/Code/User/globalStorage/bmd.stm32-for-vscode/@xpack-dev-tools/arm-none-eabi-gcc/13.2.1-1.1.1/.content/bin/../lib/gcc/arm-none-eabi/13.2.1/../../../../arm-none-eabi/lib/thumb/v7e-m+fp/hard\libc_nano.a(libc_a-closer.o)
                                                  c:/Users/User/AppData/Roaming/Code/User/globalStorage/bmd.stm32-for-vscode/@xpack-dev-tools/arm-none-eabi-gcc/13.2.1-1.1.1/.content/bin/../lib/gcc/arm-none-eabi/13.2.1/../../../../arm-none-eabi/lib/thumb/v7e-m+fp/hard\libc_nano.a(libc_a-stdio.o)
_ebss                                             build/startup_stm32f407xx.o
_edata                                            build/startup_stm32f407xx.o
_end                                              build/sysmem.o
_estack                                           build/startup_stm32f407xx.o
                                                  build/sysmem.o
_execve                                           build/syscalls.o
_exit                                             build/syscalls.o
                                                  c:/Users/User/AppData/Roaming/Code/User/globalStorage/bmd.stm32-for-vscode/@xpack-dev-tools/arm-none-eabi-gcc/13.2.1-1.1.1/.content/bin/../lib/gcc/arm-none-eabi/13.2.1/../../../../arm-none-eabi/lib/thumb/v7e-m+fp/hard\libc_nano.a(libc_a-exit.o)
_fflush_r                                         c:/Users/User/AppData/Roaming/Code/User/globalStorage/bmd.stm32-for-vscode/@xpack-dev-tools/arm-none-eabi-gcc/13.2.1-1.1.1/.content/bin/../lib/gcc/arm-none-eabi/13.2.1/../../../../arm-none-eabi/lib/thumb/v7e-m+fp/hard\libc_nano.a(libc_a-fflush.o)
                                                  c:/Users/User/AppData/Roaming/Code/User/globalStorage/bmd.stm32-for-vscode/@xpack-dev-tools/arm-none-eabi-gcc/13.2.1-1.1.1/.content/bin/../lib/gcc/arm-none-eabi/13.2.1/../../../../arm-none-eabi/lib/thumb/v7e-m+fp/hard\libc_nano.a(libc_a-findfp.o)
_fini                                             c:/Users/User/AppData/Roaming/Code/User/globalStorage/bmd.stm32-for-vscode/@xpack-dev-tools/arm-none-eabi-gcc/13.2.1-1.1.1/.content/bin/../lib/gcc/arm-none-eabi/13.2.1/thumb/v7e-m+fp/hard/crti.o
                                                  c:/Users/User/AppData/Roaming/Code/User/globalStorage/bmd.stm32-for-vscode/@xpack-dev-tools/arm-none-eabi-gcc/13.2.1-1.1.1/.content/bin/../lib/gcc/arm-none-eabi/13.2.1/../../../../arm-none-eabi/lib/thumb/v7e-m+fp/hard\libc_nano.a(libc_a-fini.o)
_fork                                             build/syscalls.o
_free_r                                           c:/Users/User/AppData/Roaming/Code/User/globalStorage/bmd.stm32-for-vscode/@xpack-dev-tools/arm-none-eabi-gcc/13.2.1-1.1.1/.content/bin/../lib/gcc/arm-none-eabi/13.2.1/../../../../arm-none-eabi/lib/thumb/v7e-m+fp/hard\libc_nano.a(libc_a-freer.o)
                                                  c:/Users/User/AppData/Roaming/Code/User/globalStorage/bmd.stm32-for-vscode/@xpack-dev-tools/arm-none-eabi-gcc/13.2.1-1.1.1/.content/bin/../lib/gcc/arm-none-eabi/13.2.1/../../../../arm-none-eabi/lib/thumb/v7e-m+fp/hard\libc_nano.a(libc_a-fflush.o)
                                                  c:/Users/User/AppData/Roaming/Code/User/globalStorage/bmd.stm32-for-vscode/@xpack-dev-tools/arm-none-eabi-gcc/13.2.1-1.1.1/.content/bin/../lib/gcc/arm-none-eabi/13.2.1/../../../../arm-none-eabi/lib/thumb/v7e-m+fp/hard\libc_nano.a(libc_a-reent.o)
_fstat                                            build/syscalls.o
_fwalk_sglue                                      c:/Users/User/AppData/Roaming/Code/User/globalStorage/bmd.stm32-for-vscode/@xpack-dev-tools/arm-none-eabi-gcc/13.2.1-1.1.1/.content/bin/../lib/gcc/arm-none-eabi/13.2.1/../../../../arm-none-eabi/lib/thumb/v7e-m+fp/hard\libc_nano.a(libc_a-fwalk.o)
                                                  c:/Users/User/AppData/Roaming/Code/User/globalStorage/bmd.stm32-for-vscode/@xpack-dev-tools/arm-none-eabi-gcc/13.2.1-1.1.1/.content/bin/../lib/gcc/arm-none-eabi/13.2.1/../../../../arm-none-eabi/lib/thumb/v7e-m+fp/hard\libc_nano.a(libc_a-fflush.o)
                                                  c:/Users/User/AppData/Roaming/Code/User/globalStorage/bmd.stm32-for-vscode/@xpack-dev-tools/arm-none-eabi-gcc/13.2.1-1.1.1/.content/bin/../lib/gcc/arm-none-eabi/13.2.1/../../../../arm-none-eabi/lib/thumb/v7e-m+fp/hard\libc_nano.a(libc_a-findfp.o)
_getpid                                           build/syscalls.o
_impure_data                                      c:/Users/User/AppData/Roaming/Code/User/globalStorage/bmd.stm32-for-vscode/@xpack-dev-tools/arm-none-eabi-gcc/13.2.1-1.1.1/.content/bin/../lib/gcc/arm-none-eabi/13.2.1/../../../../arm-none-eabi/lib/thumb/v7e-m+fp/hard\libc_nano.a(libc_a-impure.o)